2023-10-16 10:32:59.632  INFO 18508 --- [main] com.hiberus.VideoAggregatorApplication   : Starting VideoAggregatorApplication using Java 17.0.8 on HL-014830 with PID 18508 (C:\Users\jlsierra\University_Microservicios\yelteberus\video-aggregator\target\classes started by jlsierra in C:\Users\jlsierra\University_Microservicios\yelteberus)
2023-10-16 10:32:59.640  INFO 18508 --- [main] com.hiberus.VideoAggregatorApplication   : No active profile set, falling back to 1 default profile: "default"
2023-10-16 10:33:02.123  INFO 18508 --- [main] faultConfiguringBeanFactoryPostProcessor : No bean named 'errorChannel' has been explicitly defined. Therefore, a default PublishSubscribeChannel will be created.
2023-10-16 10:33:02.149  INFO 18508 --- [main] faultConfiguringBeanFactoryPostProcessor : No bean named 'integrationHeaderChannelRegistry' has been explicitly defined. Therefore, a default DefaultHeaderChannelRegistry will be created.
2023-10-16 10:33:03.684  INFO 18508 --- [main] o.s.b.w.embedded.tomcat.TomcatWebServer  : Tomcat initialized with port(s): 8085 (http)
2023-10-16 10:33:03.704  INFO 18508 --- [main] o.apache.catalina.core.StandardService   : Starting service [Tomcat]
2023-10-16 10:33:03.705  INFO 18508 --- [main] org.apache.catalina.core.StandardEngine  : Starting Servlet engine: [Apache Tomcat/9.0.80]
2023-10-16 10:33:03.965  INFO 18508 --- [main] o.a.c.c.C.[Tomcat].[localhost].[/]       : Initializing Spring embedded WebApplicationContext
2023-10-16 10:33:03.965  INFO 18508 --- [main] w.s.c.ServletWebServerApplicationContext : Root WebApplicationContext: initialization completed in 4221 ms
2023-10-16 10:33:06.306  INFO 18508 --- [main] c.f.c.c.BeanFactoryAwareFunctionRegistry : Looking up function 'aggregateVideos' with acceptedOutputTypes: []
2023-10-16 10:33:06.957  INFO 18508 --- [main] i.c.k.s.KafkaAvroSerializerConfig        : KafkaAvroSerializerConfig values: 
	bearer.auth.token = [hidden]
	proxy.port = -1
	schema.reflection = false
	auto.register.schemas = true
	max.schemas.per.subject = 1000
	basic.auth.credentials.source = URL
	value.subject.name.strategy = class io.confluent.kafka.serializers.subject.TopicNameStrategy
	schema.registry.url = [http://localhost:8081]
	basic.auth.user.info = [hidden]
	proxy.host = 
	schema.registry.basic.auth.user.info = [hidden]
	bearer.auth.credentials.source = STATIC_TOKEN
	key.subject.name.strategy = class io.confluent.kafka.serializers.subject.TopicNameStrategy

2023-10-16 10:33:06.999  INFO 18508 --- [main] i.c.k.s.KafkaAvroDeserializerConfig      : KafkaAvroDeserializerConfig values: 
	bearer.auth.token = [hidden]
	proxy.port = -1
	schema.reflection = false
	auto.register.schemas = true
	max.schemas.per.subject = 1000
	basic.auth.credentials.source = URL
	specific.avro.reader = true
	value.subject.name.strategy = class io.confluent.kafka.serializers.subject.TopicNameStrategy
	schema.registry.url = [http://localhost:8081]
	basic.auth.user.info = [hidden]
	proxy.host = 
	schema.registry.basic.auth.user.info = [hidden]
	bearer.auth.credentials.source = STATIC_TOKEN
	key.subject.name.strategy = class io.confluent.kafka.serializers.subject.TopicNameStrategy

2023-10-16 10:33:07.000  INFO 18508 --- [main] .c.s.b.k.s.KafkaStreamsFunctionProcessor : Key Serde used for aggregateVideos-in-0: io.confluent.kafka.streams.serdes.avro.SpecificAvroSerde
2023-10-16 10:33:07.001  INFO 18508 --- [main] i.c.k.s.KafkaAvroSerializerConfig        : KafkaAvroSerializerConfig values: 
	bearer.auth.token = [hidden]
	proxy.port = -1
	schema.reflection = false
	auto.register.schemas = true
	max.schemas.per.subject = 1000
	basic.auth.credentials.source = URL
	value.subject.name.strategy = class io.confluent.kafka.serializers.subject.TopicNameStrategy
	schema.registry.url = [http://localhost:8081]
	basic.auth.user.info = [hidden]
	proxy.host = 
	schema.registry.basic.auth.user.info = [hidden]
	bearer.auth.credentials.source = STATIC_TOKEN
	key.subject.name.strategy = class io.confluent.kafka.serializers.subject.TopicNameStrategy

2023-10-16 10:33:07.002  INFO 18508 --- [main] i.c.k.s.KafkaAvroDeserializerConfig      : KafkaAvroDeserializerConfig values: 
	bearer.auth.token = [hidden]
	proxy.port = -1
	schema.reflection = false
	auto.register.schemas = true
	max.schemas.per.subject = 1000
	basic.auth.credentials.source = URL
	specific.avro.reader = true
	value.subject.name.strategy = class io.confluent.kafka.serializers.subject.TopicNameStrategy
	schema.registry.url = [http://localhost:8081]
	basic.auth.user.info = [hidden]
	proxy.host = 
	schema.registry.basic.auth.user.info = [hidden]
	bearer.auth.credentials.source = STATIC_TOKEN
	key.subject.name.strategy = class io.confluent.kafka.serializers.subject.TopicNameStrategy

2023-10-16 10:33:07.002  INFO 18508 --- [main] .c.s.b.k.s.KafkaStreamsFunctionProcessor : Value Serde used for aggregateVideos-in-0: io.confluent.kafka.streams.serdes.avro.SpecificAvroSerde
2023-10-16 10:33:07.022  INFO 18508 --- [main] .k.s.AbstractKafkaStreamsBinderProcessor : Native decoding is enabled for aggregateVideos-in-0. Inbound deserialization done at the broker.
2023-10-16 10:33:07.104  INFO 18508 --- [main] o.s.b.a.e.web.EndpointLinksResolver      : Exposing 19 endpoint(s) beneath base path '/actuator'
2023-10-16 10:33:07.380  INFO 18508 --- [main] o.s.i.endpoint.EventDrivenConsumer       : Adding {logging-channel-adapter:_org.springframework.integration.errorLogger} as a subscriber to the 'errorChannel' channel
2023-10-16 10:33:07.381  INFO 18508 --- [main] o.s.i.channel.PublishSubscribeChannel    : Channel 'video-aggregator.errorChannel' has 1 subscriber(s).
2023-10-16 10:33:07.382  INFO 18508 --- [main] o.s.i.endpoint.EventDrivenConsumer       : started bean '_org.springframework.integration.errorLogger'
2023-10-16 10:33:08.416  INFO 18508 --- [main] o.s.c.s.b.k.p.KafkaTopicProvisioner      : Using kafka topic for outbound: videos-aggregator
2023-10-16 10:33:08.426  INFO 18508 --- [main] o.a.k.clients.admin.AdminClientConfig    : AdminClientConfig values: 
	bootstrap.servers = [localhost:9092]
	client.dns.lookup = use_all_dns_ips
	client.id = 
	connections.max.idle.ms = 300000
	default.api.timeout.ms = 60000
	metadata.max.age.ms = 300000
	metric.reporters = []
	metrics.num.samples = 2
	metrics.recording.level = INFO
	metrics.sample.window.ms = 30000
	receive.buffer.bytes = 65536
	reconnect.backoff.max.ms = 1000
	reconnect.backoff.ms = 50
	request.timeout.ms = 30000
	retries = 2147483647
	retry.backoff.ms = 100
	sasl.client.callback.handler.class = null
	sasl.jaas.config = null
	sasl.kerberos.kinit.cmd = /usr/bin/kinit
	sasl.kerberos.min.time.before.relogin = 60000
	sasl.kerberos.service.name = null
	sasl.kerberos.ticket.renew.jitter = 0.05
	sasl.kerberos.ticket.renew.window.factor = 0.8
	sasl.login.callback.handler.class = null
	sasl.login.class = null
	sasl.login.connect.timeout.ms = null
	sasl.login.read.timeout.ms = null
	sasl.login.refresh.buffer.seconds = 300
	sasl.login.refresh.min.period.seconds = 60
	sasl.login.refresh.window.factor = 0.8
	sasl.login.refresh.window.jitter = 0.05
	sasl.login.retry.backoff.max.ms = 10000
	sasl.login.retry.backoff.ms = 100
	sasl.mechanism = GSSAPI
	sasl.oauthbearer.clock.skew.seconds = 30
	sasl.oauthbearer.expected.audience = null
	sasl.oauthbearer.expected.issuer = null
	sasl.oauthbearer.jwks.endpoint.refresh.ms = 3600000
	sasl.oauthbearer.jwks.endpoint.retry.backoff.max.ms = 10000
	sasl.oauthbearer.jwks.endpoint.retry.backoff.ms = 100
	sasl.oauthbearer.jwks.endpoint.url = null
	sasl.oauthbearer.scope.claim.name = scope
	sasl.oauthbearer.sub.claim.name = sub
	sasl.oauthbearer.token.endpoint.url = null
	security.protocol = PLAINTEXT
	security.providers = null
	send.buffer.bytes = 131072
	socket.connection.setup.timeout.max.ms = 30000
	socket.connection.setup.timeout.ms = 10000
	ssl.cipher.suites = null
	ssl.enabled.protocols = [TLSv1.2, TLSv1.3]
	ssl.endpoint.identification.algorithm = https
	ssl.engine.factory.class = null
	ssl.key.password = null
	ssl.keymanager.algorithm = SunX509
	ssl.keystore.certificate.chain = null
	ssl.keystore.key = null
	ssl.keystore.location = null
	ssl.keystore.password = null
	ssl.keystore.type = JKS
	ssl.protocol = TLSv1.3
	ssl.provider = null
	ssl.secure.random.implementation = null
	ssl.trustmanager.algorithm = PKIX
	ssl.truststore.certificates = null
	ssl.truststore.location = null
	ssl.truststore.password = null
	ssl.truststore.type = JKS

2023-10-16 10:33:08.763  INFO 18508 --- [main] o.a.kafka.common.utils.AppInfoParser     : Kafka version: 3.1.2
2023-10-16 10:33:08.771  INFO 18508 --- [main] o.a.kafka.common.utils.AppInfoParser     : Kafka commitId: f8c67dc3ae0a3265
2023-10-16 10:33:08.772  INFO 18508 --- [main] o.a.kafka.common.utils.AppInfoParser     : Kafka startTimeMs: 1697445188746
2023-10-16 10:33:09.904  INFO 18508 --- [kafka-admin-client-thread | adminclient-1] o.a.kafka.common.utils.AppInfoParser     : App info kafka.admin.client for adminclient-1 unregistered
2023-10-16 10:33:09.923  INFO 18508 --- [kafka-admin-client-thread | adminclient-1] org.apache.kafka.common.metrics.Metrics  : Metrics scheduler closed
2023-10-16 10:33:09.924  INFO 18508 --- [kafka-admin-client-thread | adminclient-1] org.apache.kafka.common.metrics.Metrics  : Closing reporter org.apache.kafka.common.metrics.JmxReporter
2023-10-16 10:33:09.924  INFO 18508 --- [kafka-admin-client-thread | adminclient-1] org.apache.kafka.common.metrics.Metrics  : Metrics reporters closed
2023-10-16 10:33:09.930  INFO 18508 --- [main] i.c.k.s.KafkaAvroSerializerConfig        : KafkaAvroSerializerConfig values: 
	bearer.auth.token = [hidden]
	proxy.port = -1
	schema.reflection = false
	auto.register.schemas = true
	max.schemas.per.subject = 1000
	basic.auth.credentials.source = URL
	value.subject.name.strategy = class io.confluent.kafka.serializers.subject.TopicNameStrategy
	schema.registry.url = [http://localhost:8081]
	basic.auth.user.info = [hidden]
	proxy.host = 
	schema.registry.basic.auth.user.info = [hidden]
	bearer.auth.credentials.source = STATIC_TOKEN
	key.subject.name.strategy = class io.confluent.kafka.serializers.subject.TopicNameStrategy

2023-10-16 10:33:09.930  INFO 18508 --- [main] i.c.k.s.KafkaAvroDeserializerConfig      : KafkaAvroDeserializerConfig values: 
	bearer.auth.token = [hidden]
	proxy.port = -1
	schema.reflection = false
	auto.register.schemas = true
	max.schemas.per.subject = 1000
	basic.auth.credentials.source = URL
	specific.avro.reader = true
	value.subject.name.strategy = class io.confluent.kafka.serializers.subject.TopicNameStrategy
	schema.registry.url = [http://localhost:8081]
	basic.auth.user.info = [hidden]
	proxy.host = 
	schema.registry.basic.auth.user.info = [hidden]
	bearer.auth.credentials.source = STATIC_TOKEN
	key.subject.name.strategy = class io.confluent.kafka.serializers.subject.TopicNameStrategy

2023-10-16 10:33:09.931  INFO 18508 --- [main] o.s.c.s.b.kafka.streams.KStreamBinder    : Key Serde used for (outbound) videos-aggregator: io.confluent.kafka.streams.serdes.avro.SpecificAvroSerde
2023-10-16 10:33:09.932  INFO 18508 --- [main] i.c.k.s.KafkaAvroSerializerConfig        : KafkaAvroSerializerConfig values: 
	bearer.auth.token = [hidden]
	proxy.port = -1
	schema.reflection = false
	auto.register.schemas = true
	max.schemas.per.subject = 1000
	basic.auth.credentials.source = URL
	value.subject.name.strategy = class io.confluent.kafka.serializers.subject.TopicNameStrategy
	schema.registry.url = [http://localhost:8081]
	basic.auth.user.info = [hidden]
	proxy.host = 
	schema.registry.basic.auth.user.info = [hidden]
	bearer.auth.credentials.source = STATIC_TOKEN
	key.subject.name.strategy = class io.confluent.kafka.serializers.subject.TopicNameStrategy

2023-10-16 10:33:09.933  INFO 18508 --- [main] i.c.k.s.KafkaAvroDeserializerConfig      : KafkaAvroDeserializerConfig values: 
	bearer.auth.token = [hidden]
	proxy.port = -1
	schema.reflection = false
	auto.register.schemas = true
	max.schemas.per.subject = 1000
	basic.auth.credentials.source = URL
	specific.avro.reader = true
	value.subject.name.strategy = class io.confluent.kafka.serializers.subject.TopicNameStrategy
	schema.registry.url = [http://localhost:8081]
	basic.auth.user.info = [hidden]
	proxy.host = 
	schema.registry.basic.auth.user.info = [hidden]
	bearer.auth.credentials.source = STATIC_TOKEN
	key.subject.name.strategy = class io.confluent.kafka.serializers.subject.TopicNameStrategy

2023-10-16 10:33:09.934  INFO 18508 --- [main] o.s.c.s.b.kafka.streams.KStreamBinder    : Value Serde used for (outbound) videos-aggregator: io.confluent.kafka.streams.serdes.avro.SpecificAvroSerde
2023-10-16 10:33:09.935  INFO 18508 --- [main] o.s.c.s.b.kafka.streams.KStreamBinder    : Native encoding is enabled for videos-aggregator. Outbound serialization done at the broker.
2023-10-16 10:33:09.970  INFO 18508 --- [main] o.a.k.clients.admin.AdminClientConfig    : AdminClientConfig values: 
	bootstrap.servers = [localhost:9092]
	client.dns.lookup = use_all_dns_ips
	client.id = 
	connections.max.idle.ms = 300000
	default.api.timeout.ms = 60000
	metadata.max.age.ms = 300000
	metric.reporters = []
	metrics.num.samples = 2
	metrics.recording.level = INFO
	metrics.sample.window.ms = 30000
	receive.buffer.bytes = 65536
	reconnect.backoff.max.ms = 1000
	reconnect.backoff.ms = 50
	request.timeout.ms = 30000
	retries = 2147483647
	retry.backoff.ms = 100
	sasl.client.callback.handler.class = null
	sasl.jaas.config = null
	sasl.kerberos.kinit.cmd = /usr/bin/kinit
	sasl.kerberos.min.time.before.relogin = 60000
	sasl.kerberos.service.name = null
	sasl.kerberos.ticket.renew.jitter = 0.05
	sasl.kerberos.ticket.renew.window.factor = 0.8
	sasl.login.callback.handler.class = null
	sasl.login.class = null
	sasl.login.connect.timeout.ms = null
	sasl.login.read.timeout.ms = null
	sasl.login.refresh.buffer.seconds = 300
	sasl.login.refresh.min.period.seconds = 60
	sasl.login.refresh.window.factor = 0.8
	sasl.login.refresh.window.jitter = 0.05
	sasl.login.retry.backoff.max.ms = 10000
	sasl.login.retry.backoff.ms = 100
	sasl.mechanism = GSSAPI
	sasl.oauthbearer.clock.skew.seconds = 30
	sasl.oauthbearer.expected.audience = null
	sasl.oauthbearer.expected.issuer = null
	sasl.oauthbearer.jwks.endpoint.refresh.ms = 3600000
	sasl.oauthbearer.jwks.endpoint.retry.backoff.max.ms = 10000
	sasl.oauthbearer.jwks.endpoint.retry.backoff.ms = 100
	sasl.oauthbearer.jwks.endpoint.url = null
	sasl.oauthbearer.scope.claim.name = scope
	sasl.oauthbearer.sub.claim.name = sub
	sasl.oauthbearer.token.endpoint.url = null
	security.protocol = PLAINTEXT
	security.providers = null
	send.buffer.bytes = 131072
	socket.connection.setup.timeout.max.ms = 30000
	socket.connection.setup.timeout.ms = 10000
	ssl.cipher.suites = null
	ssl.enabled.protocols = [TLSv1.2, TLSv1.3]
	ssl.endpoint.identification.algorithm = https
	ssl.engine.factory.class = null
	ssl.key.password = null
	ssl.keymanager.algorithm = SunX509
	ssl.keystore.certificate.chain = null
	ssl.keystore.key = null
	ssl.keystore.location = null
	ssl.keystore.password = null
	ssl.keystore.type = JKS
	ssl.protocol = TLSv1.3
	ssl.provider = null
	ssl.secure.random.implementation = null
	ssl.trustmanager.algorithm = PKIX
	ssl.truststore.certificates = null
	ssl.truststore.location = null
	ssl.truststore.password = null
	ssl.truststore.type = JKS

2023-10-16 10:33:09.984  INFO 18508 --- [main] o.a.kafka.common.utils.AppInfoParser     : Kafka version: 3.1.2
2023-10-16 10:33:09.985  INFO 18508 --- [main] o.a.kafka.common.utils.AppInfoParser     : Kafka commitId: f8c67dc3ae0a3265
2023-10-16 10:33:09.986  INFO 18508 --- [main] o.a.kafka.common.utils.AppInfoParser     : Kafka startTimeMs: 1697445189984
2023-10-16 10:33:10.107  INFO 18508 --- [kafka-admin-client-thread | adminclient-2] o.a.kafka.common.utils.AppInfoParser     : App info kafka.admin.client for adminclient-2 unregistered
2023-10-16 10:33:10.118  INFO 18508 --- [kafka-admin-client-thread | adminclient-2] org.apache.kafka.common.metrics.Metrics  : Metrics scheduler closed
2023-10-16 10:33:10.119  INFO 18508 --- [kafka-admin-client-thread | adminclient-2] org.apache.kafka.common.metrics.Metrics  : Closing reporter org.apache.kafka.common.metrics.JmxReporter
2023-10-16 10:33:10.120  INFO 18508 --- [kafka-admin-client-thread | adminclient-2] org.apache.kafka.common.metrics.Metrics  : Metrics reporters closed
2023-10-16 10:33:10.178  INFO 18508 --- [main] org.apache.kafka.streams.StreamsConfig   : StreamsConfig values: 
	acceptable.recovery.lag = 10000
	application.id = video-aggregator
	application.server = 
	bootstrap.servers = [localhost:9092]
	buffered.records.per.partition = 1000
	built.in.metrics.version = latest
	cache.max.bytes.buffering = 10485760
	client.id = 
	commit.interval.ms = 100
	connections.max.idle.ms = 540000
	default.deserialization.exception.handler = class org.apache.kafka.streams.errors.LogAndFailExceptionHandler
	default.key.serde = class io.confluent.kafka.streams.serdes.avro.SpecificAvroSerde
	default.list.key.serde.inner = null
	default.list.key.serde.type = null
	default.list.value.serde.inner = null
	default.list.value.serde.type = null
	default.production.exception.handler = class org.apache.kafka.streams.errors.DefaultProductionExceptionHandler
	default.timestamp.extractor = class org.apache.kafka.streams.processor.FailOnInvalidTimestamp
	default.value.serde = class io.confluent.kafka.streams.serdes.avro.SpecificAvroSerde
	max.task.idle.ms = 0
	max.warmup.replicas = 2
	metadata.max.age.ms = 300000
	metric.reporters = []
	metrics.num.samples = 2
	metrics.recording.level = INFO
	metrics.sample.window.ms = 30000
	num.standby.replicas = 0
	num.stream.threads = 1
	poll.ms = 100
	probing.rebalance.interval.ms = 600000
	processing.guarantee = at_least_once
	receive.buffer.bytes = 32768
	reconnect.backoff.max.ms = 1000
	reconnect.backoff.ms = 50
	replication.factor = -1
	request.timeout.ms = 40000
	retries = 0
	retry.backoff.ms = 100
	rocksdb.config.setter = null
	security.protocol = PLAINTEXT
	send.buffer.bytes = 131072
	state.cleanup.delay.ms = 600000
	state.dir = C:\Users\jlsierra\AppData\Local\Temp\\kafka-streams
	task.timeout.ms = 300000
	topology.optimization = none
	upgrade.from = null
	window.size.ms = null
	windowed.inner.class.serde = null
	windowstore.changelog.additional.retention.ms = 86400000

2023-10-16 10:33:10.251  WARN 18508 --- [main] o.a.k.s.p.internals.StateDirectory       : Using an OS temp directory in the state.dir property can cause failures with writing the checkpoint file due to the fact that this directory can be cleared by the OS. Resolved state.dir: [C:\Users\jlsierra\AppData\Local\Temp\\kafka-streams]
2023-10-16 10:33:10.251 ERROR 18508 --- [main] o.a.k.s.p.internals.StateDirectory       : Failed to change permissions for the directory C:\Users\jlsierra\AppData\Local\Temp\kafka-streams
2023-10-16 10:33:10.252 ERROR 18508 --- [main] o.a.k.s.p.internals.StateDirectory       : Failed to change permissions for the directory C:\Users\jlsierra\AppData\Local\Temp\kafka-streams\video-aggregator
2023-10-16 10:33:10.372  INFO 18508 --- [main] o.a.k.s.p.internals.StateDirectory       : Reading UUID from process file: 44b25ab0-b5f0-4e42-add3-67b7b992052a
2023-10-16 10:33:10.394  INFO 18508 --- [main] o.a.k.clients.admin.AdminClientConfig    : AdminClientConfig values: 
	bootstrap.servers = [localhost:9092]
	client.dns.lookup = use_all_dns_ips
	client.id = video-aggregator-44b25ab0-b5f0-4e42-add3-67b7b992052a-admin
	connections.max.idle.ms = 300000
	default.api.timeout.ms = 60000
	metadata.max.age.ms = 300000
	metric.reporters = []
	metrics.num.samples = 2
	metrics.recording.level = INFO
	metrics.sample.window.ms = 30000
	receive.buffer.bytes = 65536
	reconnect.backoff.max.ms = 1000
	reconnect.backoff.ms = 50
	request.timeout.ms = 30000
	retries = 2147483647
	retry.backoff.ms = 100
	sasl.client.callback.handler.class = null
	sasl.jaas.config = null
	sasl.kerberos.kinit.cmd = /usr/bin/kinit
	sasl.kerberos.min.time.before.relogin = 60000
	sasl.kerberos.service.name = null
	sasl.kerberos.ticket.renew.jitter = 0.05
	sasl.kerberos.ticket.renew.window.factor = 0.8
	sasl.login.callback.handler.class = null
	sasl.login.class = null
	sasl.login.connect.timeout.ms = null
	sasl.login.read.timeout.ms = null
	sasl.login.refresh.buffer.seconds = 300
	sasl.login.refresh.min.period.seconds = 60
	sasl.login.refresh.window.factor = 0.8
	sasl.login.refresh.window.jitter = 0.05
	sasl.login.retry.backoff.max.ms = 10000
	sasl.login.retry.backoff.ms = 100
	sasl.mechanism = GSSAPI
	sasl.oauthbearer.clock.skew.seconds = 30
	sasl.oauthbearer.expected.audience = null
	sasl.oauthbearer.expected.issuer = null
	sasl.oauthbearer.jwks.endpoint.refresh.ms = 3600000
	sasl.oauthbearer.jwks.endpoint.retry.backoff.max.ms = 10000
	sasl.oauthbearer.jwks.endpoint.retry.backoff.ms = 100
	sasl.oauthbearer.jwks.endpoint.url = null
	sasl.oauthbearer.scope.claim.name = scope
	sasl.oauthbearer.sub.claim.name = sub
	sasl.oauthbearer.token.endpoint.url = null
	security.protocol = PLAINTEXT
	security.providers = null
	send.buffer.bytes = 131072
	socket.connection.setup.timeout.max.ms = 30000
	socket.connection.setup.timeout.ms = 10000
	ssl.cipher.suites = null
	ssl.enabled.protocols = [TLSv1.2, TLSv1.3]
	ssl.endpoint.identification.algorithm = https
	ssl.engine.factory.class = null
	ssl.key.password = null
	ssl.keymanager.algorithm = SunX509
	ssl.keystore.certificate.chain = null
	ssl.keystore.key = null
	ssl.keystore.location = null
	ssl.keystore.password = null
	ssl.keystore.type = JKS
	ssl.protocol = TLSv1.3
	ssl.provider = null
	ssl.secure.random.implementation = null
	ssl.trustmanager.algorithm = PKIX
	ssl.truststore.certificates = null
	ssl.truststore.location = null
	ssl.truststore.password = null
	ssl.truststore.type = JKS

2023-10-16 10:33:10.410  WARN 18508 --- [main] o.a.k.clients.admin.AdminClientConfig    : The configuration 'schema.registry.url' was supplied but isn't a known config.
2023-10-16 10:33:10.410  WARN 18508 --- [main] o.a.k.clients.admin.AdminClientConfig    : The configuration 'auto.register.schemas' was supplied but isn't a known config.
2023-10-16 10:33:10.411  INFO 18508 --- [main] o.a.kafka.common.utils.AppInfoParser     : Kafka version: 3.1.2
2023-10-16 10:33:10.411  INFO 18508 --- [main] o.a.kafka.common.utils.AppInfoParser     : Kafka commitId: f8c67dc3ae0a3265
2023-10-16 10:33:10.412  INFO 18508 --- [main] o.a.kafka.common.utils.AppInfoParser     : Kafka startTimeMs: 1697445190411
2023-10-16 10:33:10.419  INFO 18508 --- [main] org.apache.kafka.streams.KafkaStreams    : stream-client [video-aggregator-44b25ab0-b5f0-4e42-add3-67b7b992052a] Kafka Streams version: 3.1.2
2023-10-16 10:33:10.420  INFO 18508 --- [main] org.apache.kafka.streams.KafkaStreams    : stream-client [video-aggregator-44b25ab0-b5f0-4e42-add3-67b7b992052a] Kafka Streams commit ID: f8c67dc3ae0a3265
2023-10-16 10:33:10.444  INFO 18508 --- [main] o.a.k.s.p.internals.StreamThread         : stream-thread [video-aggregator-44b25ab0-b5f0-4e42-add3-67b7b992052a-StreamThread-1] Creating restore consumer client
2023-10-16 10:33:10.456  INFO 18508 --- [main] o.a.k.clients.consumer.ConsumerConfig    : ConsumerConfig values: 
	allow.auto.create.topics = true
	auto.commit.interval.ms = 5000
	auto.offset.reset = none
	bootstrap.servers = [localhost:9092]
	check.crcs = true
	client.dns.lookup = use_all_dns_ips
	client.id = video-aggregator-44b25ab0-b5f0-4e42-add3-67b7b992052a-StreamThread-1-restore-consumer
	client.rack = 
	connections.max.idle.ms = 540000
	default.api.timeout.ms = 60000
	enable.auto.commit = false
	exclude.internal.topics = true
	fetch.max.bytes = 52428800
	fetch.max.wait.ms = 500
	fetch.min.bytes = 1
	group.id = null
	group.instance.id = null
	heartbeat.interval.ms = 3000
	interceptor.classes = []
	internal.leave.group.on.close = false
	internal.throw.on.fetch.stable.offset.unsupported = false
	isolation.level = read_uncommitted
	key.deserializer = class org.apache.kafka.common.serialization.ByteArrayDeserializer
	max.partition.fetch.bytes = 1048576
	max.poll.interval.ms = 300000
	max.poll.records = 1000
	metadata.max.age.ms = 300000
	metric.reporters = []
	metrics.num.samples = 2
	metrics.recording.level = INFO
	metrics.sample.window.ms = 30000
	partition.assignment.strategy = [class org.apache.kafka.clients.consumer.RangeAssignor, class org.apache.kafka.clients.consumer.CooperativeStickyAssignor]
	receive.buffer.bytes = 65536
	reconnect.backoff.max.ms = 1000
	reconnect.backoff.ms = 50
	request.timeout.ms = 30000
	retry.backoff.ms = 100
	sasl.client.callback.handler.class = null
	sasl.jaas.config = null
	sasl.kerberos.kinit.cmd = /usr/bin/kinit
	sasl.kerberos.min.time.before.relogin = 60000
	sasl.kerberos.service.name = null
	sasl.kerberos.ticket.renew.jitter = 0.05
	sasl.kerberos.ticket.renew.window.factor = 0.8
	sasl.login.callback.handler.class = null
	sasl.login.class = null
	sasl.login.connect.timeout.ms = null
	sasl.login.read.timeout.ms = null
	sasl.login.refresh.buffer.seconds = 300
	sasl.login.refresh.min.period.seconds = 60
	sasl.login.refresh.window.factor = 0.8
	sasl.login.refresh.window.jitter = 0.05
	sasl.login.retry.backoff.max.ms = 10000
	sasl.login.retry.backoff.ms = 100
	sasl.mechanism = GSSAPI
	sasl.oauthbearer.clock.skew.seconds = 30
	sasl.oauthbearer.expected.audience = null
	sasl.oauthbearer.expected.issuer = null
	sasl.oauthbearer.jwks.endpoint.refresh.ms = 3600000
	sasl.oauthbearer.jwks.endpoint.retry.backoff.max.ms = 10000
	sasl.oauthbearer.jwks.endpoint.retry.backoff.ms = 100
	sasl.oauthbearer.jwks.endpoint.url = null
	sasl.oauthbearer.scope.claim.name = scope
	sasl.oauthbearer.sub.claim.name = sub
	sasl.oauthbearer.token.endpoint.url = null
	security.protocol = PLAINTEXT
	security.providers = null
	send.buffer.bytes = 131072
	session.timeout.ms = 10000
	socket.connection.setup.timeout.max.ms = 30000
	socket.connection.setup.timeout.ms = 10000
	ssl.cipher.suites = null
	ssl.enabled.protocols = [TLSv1.2, TLSv1.3]
	ssl.endpoint.identification.algorithm = https
	ssl.engine.factory.class = null
	ssl.key.password = null
	ssl.keymanager.algorithm = SunX509
	ssl.keystore.certificate.chain = null
	ssl.keystore.key = null
	ssl.keystore.location = null
	ssl.keystore.password = null
	ssl.keystore.type = JKS
	ssl.protocol = TLSv1.3
	ssl.provider = null
	ssl.secure.random.implementation = null
	ssl.trustmanager.algorithm = PKIX
	ssl.truststore.certificates = null
	ssl.truststore.location = null
	ssl.truststore.password = null
	ssl.truststore.type = JKS
	value.deserializer = class org.apache.kafka.common.serialization.ByteArrayDeserializer

2023-10-16 10:33:10.524  WARN 18508 --- [main] o.a.k.clients.consumer.ConsumerConfig    : The configuration 'schema.registry.url' was supplied but isn't a known config.
2023-10-16 10:33:10.525  WARN 18508 --- [main] o.a.k.clients.consumer.ConsumerConfig    : The configuration 'auto.register.schemas' was supplied but isn't a known config.
2023-10-16 10:33:10.525  INFO 18508 --- [main] o.a.kafka.common.utils.AppInfoParser     : Kafka version: 3.1.2
2023-10-16 10:33:10.525  INFO 18508 --- [main] o.a.kafka.common.utils.AppInfoParser     : Kafka commitId: f8c67dc3ae0a3265
2023-10-16 10:33:10.526  INFO 18508 --- [main] o.a.kafka.common.utils.AppInfoParser     : Kafka startTimeMs: 1697445190525
2023-10-16 10:33:10.543  INFO 18508 --- [main] o.a.k.s.p.internals.StreamThread         : stream-thread [video-aggregator-44b25ab0-b5f0-4e42-add3-67b7b992052a-StreamThread-1] Creating thread producer client
2023-10-16 10:33:10.555  INFO 18508 --- [main] o.a.k.clients.producer.ProducerConfig    : ProducerConfig values: 
	acks = -1
	batch.size = 16384
	bootstrap.servers = [localhost:9092]
	buffer.memory = 33554432
	client.dns.lookup = use_all_dns_ips
	client.id = video-aggregator-44b25ab0-b5f0-4e42-add3-67b7b992052a-StreamThread-1-producer
	compression.type = none
	connections.max.idle.ms = 540000
	delivery.timeout.ms = 120000
	enable.idempotence = true
	interceptor.classes = []
	key.serializer = class org.apache.kafka.common.serialization.ByteArraySerializer
	linger.ms = 100
	max.block.ms = 60000
	max.in.flight.requests.per.connection = 5
	max.request.size = 1048576
	metadata.max.age.ms = 300000
	metadata.max.idle.ms = 300000
	metric.reporters = []
	metrics.num.samples = 2
	metrics.recording.level = INFO
	metrics.sample.window.ms = 30000
	partitioner.class = class org.apache.kafka.clients.producer.internals.DefaultPartitioner
	receive.buffer.bytes = 32768
	reconnect.backoff.max.ms = 1000
	reconnect.backoff.ms = 50
	request.timeout.ms = 30000
	retries = 2147483647
	retry.backoff.ms = 100
	sasl.client.callback.handler.class = null
	sasl.jaas.config = null
	sasl.kerberos.kinit.cmd = /usr/bin/kinit
	sasl.kerberos.min.time.before.relogin = 60000
	sasl.kerberos.service.name = null
	sasl.kerberos.ticket.renew.jitter = 0.05
	sasl.kerberos.ticket.renew.window.factor = 0.8
	sasl.login.callback.handler.class = null
	sasl.login.class = null
	sasl.login.connect.timeout.ms = null
	sasl.login.read.timeout.ms = null
	sasl.login.refresh.buffer.seconds = 300
	sasl.login.refresh.min.period.seconds = 60
	sasl.login.refresh.window.factor = 0.8
	sasl.login.refresh.window.jitter = 0.05
	sasl.login.retry.backoff.max.ms = 10000
	sasl.login.retry.backoff.ms = 100
	sasl.mechanism = GSSAPI
	sasl.oauthbearer.clock.skew.seconds = 30
	sasl.oauthbearer.expected.audience = null
	sasl.oauthbearer.expected.issuer = null
	sasl.oauthbearer.jwks.endpoint.refresh.ms = 3600000
	sasl.oauthbearer.jwks.endpoint.retry.backoff.max.ms = 10000
	sasl.oauthbearer.jwks.endpoint.retry.backoff.ms = 100
	sasl.oauthbearer.jwks.endpoint.url = null
	sasl.oauthbearer.scope.claim.name = scope
	sasl.oauthbearer.sub.claim.name = sub
	sasl.oauthbearer.token.endpoint.url = null
	security.protocol = PLAINTEXT
	security.providers = null
	send.buffer.bytes = 131072
	socket.connection.setup.timeout.max.ms = 30000
	socket.connection.setup.timeout.ms = 10000
	ssl.cipher.suites = null
	ssl.enabled.protocols = [TLSv1.2, TLSv1.3]
	ssl.endpoint.identification.algorithm = https
	ssl.engine.factory.class = null
	ssl.key.password = null
	ssl.keymanager.algorithm = SunX509
	ssl.keystore.certificate.chain = null
	ssl.keystore.key = null
	ssl.keystore.location = null
	ssl.keystore.password = null
	ssl.keystore.type = JKS
	ssl.protocol = TLSv1.3
	ssl.provider = null
	ssl.secure.random.implementation = null
	ssl.trustmanager.algorithm = PKIX
	ssl.truststore.certificates = null
	ssl.truststore.location = null
	ssl.truststore.password = null
	ssl.truststore.type = JKS
	transaction.timeout.ms = 60000
	transactional.id = null
	value.serializer = class org.apache.kafka.common.serialization.ByteArraySerializer

2023-10-16 10:33:10.593  INFO 18508 --- [main] o.a.k.clients.producer.KafkaProducer     : [Producer clientId=video-aggregator-44b25ab0-b5f0-4e42-add3-67b7b992052a-StreamThread-1-producer] Instantiated an idempotent producer.
2023-10-16 10:33:10.636  WARN 18508 --- [main] o.a.k.clients.producer.ProducerConfig    : The configuration 'schema.registry.url' was supplied but isn't a known config.
2023-10-16 10:33:10.637  WARN 18508 --- [main] o.a.k.clients.producer.ProducerConfig    : The configuration 'auto.register.schemas' was supplied but isn't a known config.
2023-10-16 10:33:10.637  INFO 18508 --- [main] o.a.kafka.common.utils.AppInfoParser     : Kafka version: 3.1.2
2023-10-16 10:33:10.637  INFO 18508 --- [main] o.a.kafka.common.utils.AppInfoParser     : Kafka commitId: f8c67dc3ae0a3265
2023-10-16 10:33:10.637  INFO 18508 --- [main] o.a.kafka.common.utils.AppInfoParser     : Kafka startTimeMs: 1697445190637
2023-10-16 10:33:10.675  INFO 18508 --- [main] o.a.k.s.p.internals.StreamThread         : stream-thread [video-aggregator-44b25ab0-b5f0-4e42-add3-67b7b992052a-StreamThread-1] Creating consumer client
2023-10-16 10:33:10.700  INFO 18508 --- [main] o.a.k.clients.consumer.ConsumerConfig    : ConsumerConfig values: 
	allow.auto.create.topics = false
	auto.commit.interval.ms = 5000
	auto.offset.reset = earliest
	bootstrap.servers = [localhost:9092]
	check.crcs = true
	client.dns.lookup = use_all_dns_ips
	client.id = video-aggregator-44b25ab0-b5f0-4e42-add3-67b7b992052a-StreamThread-1-consumer
	client.rack = 
	connections.max.idle.ms = 540000
	default.api.timeout.ms = 60000
	enable.auto.commit = false
	exclude.internal.topics = true
	fetch.max.bytes = 52428800
	fetch.max.wait.ms = 500
	fetch.min.bytes = 1
	group.id = video-aggregator
	group.instance.id = null
	heartbeat.interval.ms = 3000
	interceptor.classes = []
	internal.leave.group.on.close = false
	internal.throw.on.fetch.stable.offset.unsupported = false
	isolation.level = read_uncommitted
	key.deserializer = class org.apache.kafka.common.serialization.ByteArrayDeserializer
	max.partition.fetch.bytes = 1048576
	max.poll.interval.ms = 300000
	max.poll.records = 1000
	metadata.max.age.ms = 300000
	metric.reporters = []
	metrics.num.samples = 2
	metrics.recording.level = INFO
	metrics.sample.window.ms = 30000
	partition.assignment.strategy = [org.apache.kafka.streams.processor.internals.StreamsPartitionAssignor]
	receive.buffer.bytes = 65536
	reconnect.backoff.max.ms = 1000
	reconnect.backoff.ms = 50
	request.timeout.ms = 30000
	retry.backoff.ms = 100
	sasl.client.callback.handler.class = null
	sasl.jaas.config = null
	sasl.kerberos.kinit.cmd = /usr/bin/kinit
	sasl.kerberos.min.time.before.relogin = 60000
	sasl.kerberos.service.name = null
	sasl.kerberos.ticket.renew.jitter = 0.05
	sasl.kerberos.ticket.renew.window.factor = 0.8
	sasl.login.callback.handler.class = null
	sasl.login.class = null
	sasl.login.connect.timeout.ms = null
	sasl.login.read.timeout.ms = null
	sasl.login.refresh.buffer.seconds = 300
	sasl.login.refresh.min.period.seconds = 60
	sasl.login.refresh.window.factor = 0.8
	sasl.login.refresh.window.jitter = 0.05
	sasl.login.retry.backoff.max.ms = 10000
	sasl.login.retry.backoff.ms = 100
	sasl.mechanism = GSSAPI
	sasl.oauthbearer.clock.skew.seconds = 30
	sasl.oauthbearer.expected.audience = null
	sasl.oauthbearer.expected.issuer = null
	sasl.oauthbearer.jwks.endpoint.refresh.ms = 3600000
	sasl.oauthbearer.jwks.endpoint.retry.backoff.max.ms = 10000
	sasl.oauthbearer.jwks.endpoint.retry.backoff.ms = 100
	sasl.oauthbearer.jwks.endpoint.url = null
	sasl.oauthbearer.scope.claim.name = scope
	sasl.oauthbearer.sub.claim.name = sub
	sasl.oauthbearer.token.endpoint.url = null
	security.protocol = PLAINTEXT
	security.providers = null
	send.buffer.bytes = 131072
	session.timeout.ms = 10000
	socket.connection.setup.timeout.max.ms = 30000
	socket.connection.setup.timeout.ms = 10000
	ssl.cipher.suites = null
	ssl.enabled.protocols = [TLSv1.2, TLSv1.3]
	ssl.endpoint.identification.algorithm = https
	ssl.engine.factory.class = null
	ssl.key.password = null
	ssl.keymanager.algorithm = SunX509
	ssl.keystore.certificate.chain = null
	ssl.keystore.key = null
	ssl.keystore.location = null
	ssl.keystore.password = null
	ssl.keystore.type = JKS
	ssl.protocol = TLSv1.3
	ssl.provider = null
	ssl.secure.random.implementation = null
	ssl.trustmanager.algorithm = PKIX
	ssl.truststore.certificates = null
	ssl.truststore.location = null
	ssl.truststore.password = null
	ssl.truststore.type = JKS
	value.deserializer = class org.apache.kafka.common.serialization.ByteArrayDeserializer

2023-10-16 10:33:10.713  INFO 18508 --- [kafka-producer-network-thread | video-aggregator-44b25ab0-b5f0-4e42-add3-67b7b992052a-StreamThread-1-producer] org.apache.kafka.clients.Metadata        : [Producer clientId=video-aggregator-44b25ab0-b5f0-4e42-add3-67b7b992052a-StreamThread-1-producer] Cluster ID: 6PPc6K4vSlqt2VmmJgoeRQ
2023-10-16 10:33:10.722  INFO 18508 --- [kafka-producer-network-thread | video-aggregator-44b25ab0-b5f0-4e42-add3-67b7b992052a-StreamThread-1-producer] o.a.k.c.p.internals.TransactionManager   : [Producer clientId=video-aggregator-44b25ab0-b5f0-4e42-add3-67b7b992052a-StreamThread-1-producer] ProducerId set to 0 with epoch 0
2023-10-16 10:33:10.750  INFO 18508 --- [main] o.a.k.s.p.i.a.AssignorConfiguration      : stream-thread [video-aggregator-44b25ab0-b5f0-4e42-add3-67b7b992052a-StreamThread-1-consumer] Cooperative rebalancing protocol is enabled now
2023-10-16 10:33:10.810  WARN 18508 --- [main] o.a.k.clients.consumer.ConsumerConfig    : The configuration 'auto.register.schemas' was supplied but isn't a known config.
2023-10-16 10:33:10.811  WARN 18508 --- [main] o.a.k.clients.consumer.ConsumerConfig    : The configuration 'schema.registry.url' was supplied but isn't a known config.
2023-10-16 10:33:10.812  INFO 18508 --- [main] o.a.kafka.common.utils.AppInfoParser     : Kafka version: 3.1.2
2023-10-16 10:33:10.812  INFO 18508 --- [main] o.a.kafka.common.utils.AppInfoParser     : Kafka commitId: f8c67dc3ae0a3265
2023-10-16 10:33:10.813  INFO 18508 --- [main] o.a.kafka.common.utils.AppInfoParser     : Kafka startTimeMs: 1697445190812
2023-10-16 10:33:10.841  INFO 18508 --- [main] org.apache.kafka.streams.KafkaStreams    : stream-client [video-aggregator-44b25ab0-b5f0-4e42-add3-67b7b992052a] State transition from CREATED to REBALANCING
2023-10-16 10:33:10.844  INFO 18508 --- [video-aggregator-44b25ab0-b5f0-4e42-add3-67b7b992052a-StreamThread-1] o.a.k.s.p.internals.StreamThread         : stream-thread [video-aggregator-44b25ab0-b5f0-4e42-add3-67b7b992052a-StreamThread-1] Starting
2023-10-16 10:33:10.847  INFO 18508 --- [video-aggregator-44b25ab0-b5f0-4e42-add3-67b7b992052a-StreamThread-1] o.a.k.s.p.internals.StreamThread         : stream-thread [video-aggregator-44b25ab0-b5f0-4e42-add3-67b7b992052a-StreamThread-1] State transition from CREATED to STARTING
2023-10-16 10:33:10.855  INFO 18508 --- [video-aggregator-44b25ab0-b5f0-4e42-add3-67b7b992052a-StreamThread-1] o.a.k.clients.consumer.KafkaConsumer     : [Consumer clientId=video-aggregator-44b25ab0-b5f0-4e42-add3-67b7b992052a-StreamThread-1-consumer, groupId=video-aggregator] Subscribed to topic(s): video-aggregator-VIDEO_AGGREGATOR-repartition, videos-pcs
2023-10-16 10:33:10.897  WARN 18508 --- [video-aggregator-44b25ab0-b5f0-4e42-add3-67b7b992052a-StreamThread-1] org.apache.kafka.clients.NetworkClient   : [Consumer clientId=video-aggregator-44b25ab0-b5f0-4e42-add3-67b7b992052a-StreamThread-1-consumer, groupId=video-aggregator] Error while fetching metadata with correlation id 2 : {video-aggregator-VIDEO_AGGREGATOR-repartition=UNKNOWN_TOPIC_OR_PARTITION}
2023-10-16 10:33:10.898  INFO 18508 --- [video-aggregator-44b25ab0-b5f0-4e42-add3-67b7b992052a-StreamThread-1] org.apache.kafka.clients.Metadata        : [Consumer clientId=video-aggregator-44b25ab0-b5f0-4e42-add3-67b7b992052a-StreamThread-1-consumer, groupId=video-aggregator] Cluster ID: 6PPc6K4vSlqt2VmmJgoeRQ
2023-10-16 10:33:10.901  INFO 18508 --- [video-aggregator-44b25ab0-b5f0-4e42-add3-67b7b992052a-StreamThread-1] o.a.k.c.c.internals.ConsumerCoordinator  : [Consumer clientId=video-aggregator-44b25ab0-b5f0-4e42-add3-67b7b992052a-StreamThread-1-consumer, groupId=video-aggregator] Discovered group coordinator localhost:9092 (id: 2147483646 rack: null)
2023-10-16 10:33:10.907  INFO 18508 --- [video-aggregator-44b25ab0-b5f0-4e42-add3-67b7b992052a-StreamThread-1] o.a.k.c.c.internals.ConsumerCoordinator  : [Consumer clientId=video-aggregator-44b25ab0-b5f0-4e42-add3-67b7b992052a-StreamThread-1-consumer, groupId=video-aggregator] (Re-)joining group
2023-10-16 10:33:10.970  INFO 18508 --- [main] o.s.b.w.embedded.tomcat.TomcatWebServer  : Tomcat started on port(s): 8085 (http) with context path ''
2023-10-16 10:33:10.997  INFO 18508 --- [video-aggregator-44b25ab0-b5f0-4e42-add3-67b7b992052a-StreamThread-1] o.a.k.s.p.internals.StreamThread         : stream-thread [video-aggregator-44b25ab0-b5f0-4e42-add3-67b7b992052a-StreamThread-1] Processed 0 total records, ran 0 punctuators, and committed 0 total tasks since the last update
2023-10-16 10:33:11.021  WARN 18508 --- [video-aggregator-44b25ab0-b5f0-4e42-add3-67b7b992052a-StreamThread-1] org.apache.kafka.clients.NetworkClient   : [Consumer clientId=video-aggregator-44b25ab0-b5f0-4e42-add3-67b7b992052a-StreamThread-1-consumer, groupId=video-aggregator] Error while fetching metadata with correlation id 6 : {video-aggregator-VIDEO_AGGREGATOR-repartition=UNKNOWN_TOPIC_OR_PARTITION}
2023-10-16 10:33:11.023  INFO 18508 --- [video-aggregator-44b25ab0-b5f0-4e42-add3-67b7b992052a-StreamThread-1] o.a.k.c.c.internals.ConsumerCoordinator  : [Consumer clientId=video-aggregator-44b25ab0-b5f0-4e42-add3-67b7b992052a-StreamThread-1-consumer, groupId=video-aggregator] Request joining group due to: need to re-join with the given member-id
2023-10-16 10:33:11.024  INFO 18508 --- [video-aggregator-44b25ab0-b5f0-4e42-add3-67b7b992052a-StreamThread-1] o.a.k.c.c.internals.ConsumerCoordinator  : [Consumer clientId=video-aggregator-44b25ab0-b5f0-4e42-add3-67b7b992052a-StreamThread-1-consumer, groupId=video-aggregator] (Re-)joining group
2023-10-16 10:33:11.039  INFO 18508 --- [video-aggregator-44b25ab0-b5f0-4e42-add3-67b7b992052a-StreamThread-1] o.a.k.c.c.internals.ConsumerCoordinator  : [Consumer clientId=video-aggregator-44b25ab0-b5f0-4e42-add3-67b7b992052a-StreamThread-1-consumer, groupId=video-aggregator] Successfully joined group with generation Generation{generationId=1, memberId='video-aggregator-44b25ab0-b5f0-4e42-add3-67b7b992052a-StreamThread-1-consumer-70bd01d6-ee8e-457e-8269-d5da6094067f', protocol='stream'}
2023-10-16 10:33:11.040  INFO 18508 --- [main] com.hiberus.VideoAggregatorApplication   : Started VideoAggregatorApplication in 12.367 seconds (JVM running for 13.506)
2023-10-16 10:33:11.135  WARN 18508 --- [video-aggregator-44b25ab0-b5f0-4e42-add3-67b7b992052a-StreamThread-1] org.apache.kafka.clients.NetworkClient   : [Consumer clientId=video-aggregator-44b25ab0-b5f0-4e42-add3-67b7b992052a-StreamThread-1-consumer, groupId=video-aggregator] Error while fetching metadata with correlation id 8 : {video-aggregator-VIDEO_AGGREGATOR-repartition=UNKNOWN_TOPIC_OR_PARTITION}
2023-10-16 10:33:11.368  INFO 18508 --- [video-aggregator-44b25ab0-b5f0-4e42-add3-67b7b992052a-StreamThread-1] o.a.k.s.p.i.StreamsPartitionAssignor     : stream-thread [video-aggregator-44b25ab0-b5f0-4e42-add3-67b7b992052a-StreamThread-1-consumer] All members participating in this rebalance: 
44b25ab0-b5f0-4e42-add3-67b7b992052a: [video-aggregator-44b25ab0-b5f0-4e42-add3-67b7b992052a-StreamThread-1-consumer-70bd01d6-ee8e-457e-8269-d5da6094067f].
2023-10-16 10:33:11.388  INFO 18508 --- [video-aggregator-44b25ab0-b5f0-4e42-add3-67b7b992052a-StreamThread-1] a.k.s.p.i.a.HighAvailabilityTaskAssignor : Decided on assignment: {44b25ab0-b5f0-4e42-add3-67b7b992052a=[activeTasks: ([0_0, 1_0]) standbyTasks: ([]) prevActiveTasks: ([]) prevStandbyTasks: ([1_0]) changelogOffsetTotalsByTask: ([1_0=0]) taskLagTotals: ([1_0=0]) capacity: 1 assigned: 2]} with no followup probing rebalance.
2023-10-16 10:33:11.389  INFO 18508 --- [video-aggregator-44b25ab0-b5f0-4e42-add3-67b7b992052a-StreamThread-1] o.a.k.s.p.i.StreamsPartitionAssignor     : stream-thread [video-aggregator-44b25ab0-b5f0-4e42-add3-67b7b992052a-StreamThread-1-consumer] Assigned tasks [1_0, 0_0] including stateful [1_0] to clients as: 
44b25ab0-b5f0-4e42-add3-67b7b992052a=[activeTasks: ([0_0, 1_0]) standbyTasks: ([])].
2023-10-16 10:33:11.404  INFO 18508 --- [video-aggregator-44b25ab0-b5f0-4e42-add3-67b7b992052a-StreamThread-1] o.a.k.s.p.i.StreamsPartitionAssignor     : stream-thread [video-aggregator-44b25ab0-b5f0-4e42-add3-67b7b992052a-StreamThread-1-consumer] Client 44b25ab0-b5f0-4e42-add3-67b7b992052a per-consumer assignment:
	prev owned active {}
	prev owned standby {video-aggregator-44b25ab0-b5f0-4e42-add3-67b7b992052a-StreamThread-1-consumer-70bd01d6-ee8e-457e-8269-d5da6094067f=[1_0]}
	assigned active {video-aggregator-44b25ab0-b5f0-4e42-add3-67b7b992052a-StreamThread-1-consumer-70bd01d6-ee8e-457e-8269-d5da6094067f=[1_0, 0_0]}
	revoking active {}
	assigned standby {}

2023-10-16 10:33:11.405  INFO 18508 --- [video-aggregator-44b25ab0-b5f0-4e42-add3-67b7b992052a-StreamThread-1] o.a.k.s.p.i.StreamsPartitionAssignor     : stream-thread [video-aggregator-44b25ab0-b5f0-4e42-add3-67b7b992052a-StreamThread-1-consumer] Finished stable assignment of tasks, no followup rebalances required.
2023-10-16 10:33:11.406  INFO 18508 --- [video-aggregator-44b25ab0-b5f0-4e42-add3-67b7b992052a-StreamThread-1] o.a.k.c.c.internals.ConsumerCoordinator  : [Consumer clientId=video-aggregator-44b25ab0-b5f0-4e42-add3-67b7b992052a-StreamThread-1-consumer, groupId=video-aggregator] Finished assignment for group at generation 1: {video-aggregator-44b25ab0-b5f0-4e42-add3-67b7b992052a-StreamThread-1-consumer-70bd01d6-ee8e-457e-8269-d5da6094067f=Assignment(partitions=[video-aggregator-VIDEO_AGGREGATOR-repartition-0, videos-pcs-0], userDataSize=64)}
2023-10-16 10:33:11.425  INFO 18508 --- [video-aggregator-44b25ab0-b5f0-4e42-add3-67b7b992052a-StreamThread-1] o.a.k.c.c.internals.ConsumerCoordinator  : [Consumer clientId=video-aggregator-44b25ab0-b5f0-4e42-add3-67b7b992052a-StreamThread-1-consumer, groupId=video-aggregator] Successfully synced group in generation Generation{generationId=1, memberId='video-aggregator-44b25ab0-b5f0-4e42-add3-67b7b992052a-StreamThread-1-consumer-70bd01d6-ee8e-457e-8269-d5da6094067f', protocol='stream'}
2023-10-16 10:33:11.426  INFO 18508 --- [video-aggregator-44b25ab0-b5f0-4e42-add3-67b7b992052a-StreamThread-1] o.a.k.c.c.internals.ConsumerCoordinator  : [Consumer clientId=video-aggregator-44b25ab0-b5f0-4e42-add3-67b7b992052a-StreamThread-1-consumer, groupId=video-aggregator] Request joining group due to: cached metadata has changed from (version4: {videos-pcs=1}) at the beginning of the rebalance to (version5: {videos-pcs=1, video-aggregator-VIDEO_AGGREGATOR-repartition=1})
2023-10-16 10:33:11.427  INFO 18508 --- [video-aggregator-44b25ab0-b5f0-4e42-add3-67b7b992052a-StreamThread-1] o.a.k.c.c.internals.ConsumerCoordinator  : [Consumer clientId=video-aggregator-44b25ab0-b5f0-4e42-add3-67b7b992052a-StreamThread-1-consumer, groupId=video-aggregator] Updating assignment with
	Assigned partitions:                       [videos-pcs-0, video-aggregator-VIDEO_AGGREGATOR-repartition-0]
	Current owned partitions:                  []
	Added partitions (assigned - owned):       [videos-pcs-0, video-aggregator-VIDEO_AGGREGATOR-repartition-0]
	Revoked partitions (owned - assigned):     []

2023-10-16 10:33:11.427  INFO 18508 --- [video-aggregator-44b25ab0-b5f0-4e42-add3-67b7b992052a-StreamThread-1] o.a.k.c.c.internals.ConsumerCoordinator  : [Consumer clientId=video-aggregator-44b25ab0-b5f0-4e42-add3-67b7b992052a-StreamThread-1-consumer, groupId=video-aggregator] Notifying assignor about the new Assignment(partitions=[video-aggregator-VIDEO_AGGREGATOR-repartition-0, videos-pcs-0], userDataSize=64)
2023-10-16 10:33:11.429  INFO 18508 --- [video-aggregator-44b25ab0-b5f0-4e42-add3-67b7b992052a-StreamThread-1] o.a.k.s.p.i.StreamsPartitionAssignor     : stream-thread [video-aggregator-44b25ab0-b5f0-4e42-add3-67b7b992052a-StreamThread-1-consumer] No followup rebalance was requested, resetting the rebalance schedule.
2023-10-16 10:33:11.434  INFO 18508 --- [video-aggregator-44b25ab0-b5f0-4e42-add3-67b7b992052a-StreamThread-1] o.a.k.s.processor.internals.TaskManager  : stream-thread [video-aggregator-44b25ab0-b5f0-4e42-add3-67b7b992052a-StreamThread-1] Handle new assignment with:
	New active tasks: [1_0, 0_0]
	New standby tasks: []
	Existing active tasks: []
	Existing standby tasks: []
2023-10-16 10:33:11.482  INFO 18508 --- [video-aggregator-44b25ab0-b5f0-4e42-add3-67b7b992052a-StreamThread-1] o.a.k.c.c.internals.ConsumerCoordinator  : [Consumer clientId=video-aggregator-44b25ab0-b5f0-4e42-add3-67b7b992052a-StreamThread-1-consumer, groupId=video-aggregator] Adding newly assigned partitions: videos-pcs-0, video-aggregator-VIDEO_AGGREGATOR-repartition-0
2023-10-16 10:33:11.483  INFO 18508 --- [video-aggregator-44b25ab0-b5f0-4e42-add3-67b7b992052a-StreamThread-1] o.a.k.s.p.internals.StreamThread         : stream-thread [video-aggregator-44b25ab0-b5f0-4e42-add3-67b7b992052a-StreamThread-1] State transition from STARTING to PARTITIONS_ASSIGNED
2023-10-16 10:33:11.486  INFO 18508 --- [video-aggregator-44b25ab0-b5f0-4e42-add3-67b7b992052a-StreamThread-1] o.a.k.c.c.internals.ConsumerCoordinator  : [Consumer clientId=video-aggregator-44b25ab0-b5f0-4e42-add3-67b7b992052a-StreamThread-1-consumer, groupId=video-aggregator] (Re-)joining group
2023-10-16 10:33:11.498  INFO 18508 --- [video-aggregator-44b25ab0-b5f0-4e42-add3-67b7b992052a-StreamThread-1] o.a.k.c.c.internals.ConsumerCoordinator  : [Consumer clientId=video-aggregator-44b25ab0-b5f0-4e42-add3-67b7b992052a-StreamThread-1-consumer, groupId=video-aggregator] Successfully joined group with generation Generation{generationId=2, memberId='video-aggregator-44b25ab0-b5f0-4e42-add3-67b7b992052a-StreamThread-1-consumer-70bd01d6-ee8e-457e-8269-d5da6094067f', protocol='stream'}
2023-10-16 10:33:11.525  INFO 18508 --- [http-nio-8085-exec-2] o.a.c.c.C.[Tomcat].[localhost].[/]       : Initializing Spring DispatcherServlet 'dispatcherServlet'
2023-10-16 10:33:11.525  INFO 18508 --- [http-nio-8085-exec-2] o.s.web.servlet.DispatcherServlet        : Initializing Servlet 'dispatcherServlet'
2023-10-16 10:33:11.530  INFO 18508 --- [http-nio-8085-exec-2] o.s.web.servlet.DispatcherServlet        : Completed initialization in 4 ms
2023-10-16 10:33:11.533  INFO 18508 --- [video-aggregator-44b25ab0-b5f0-4e42-add3-67b7b992052a-StreamThread-1] o.a.k.s.p.i.StreamsPartitionAssignor     : stream-thread [video-aggregator-44b25ab0-b5f0-4e42-add3-67b7b992052a-StreamThread-1-consumer] All members participating in this rebalance: 
44b25ab0-b5f0-4e42-add3-67b7b992052a: [video-aggregator-44b25ab0-b5f0-4e42-add3-67b7b992052a-StreamThread-1-consumer-70bd01d6-ee8e-457e-8269-d5da6094067f].
2023-10-16 10:33:11.534  INFO 18508 --- [video-aggregator-44b25ab0-b5f0-4e42-add3-67b7b992052a-StreamThread-1] a.k.s.p.i.a.HighAvailabilityTaskAssignor : Decided on assignment: {44b25ab0-b5f0-4e42-add3-67b7b992052a=[activeTasks: ([0_0, 1_0]) standbyTasks: ([]) prevActiveTasks: ([0_0, 1_0]) prevStandbyTasks: ([]) changelogOffsetTotalsByTask: ([1_0=0]) taskLagTotals: ([1_0=0]) capacity: 1 assigned: 2]} with no followup probing rebalance.
2023-10-16 10:33:11.535  INFO 18508 --- [video-aggregator-44b25ab0-b5f0-4e42-add3-67b7b992052a-StreamThread-1] o.a.k.s.p.i.StreamsPartitionAssignor     : stream-thread [video-aggregator-44b25ab0-b5f0-4e42-add3-67b7b992052a-StreamThread-1-consumer] Assigned tasks [1_0, 0_0] including stateful [1_0] to clients as: 
44b25ab0-b5f0-4e42-add3-67b7b992052a=[activeTasks: ([0_0, 1_0]) standbyTasks: ([])].
2023-10-16 10:33:11.536  INFO 18508 --- [video-aggregator-44b25ab0-b5f0-4e42-add3-67b7b992052a-StreamThread-1] o.a.k.s.p.i.StreamsPartitionAssignor     : stream-thread [video-aggregator-44b25ab0-b5f0-4e42-add3-67b7b992052a-StreamThread-1-consumer] Client 44b25ab0-b5f0-4e42-add3-67b7b992052a per-consumer assignment:
	prev owned active {video-aggregator-44b25ab0-b5f0-4e42-add3-67b7b992052a-StreamThread-1-consumer-70bd01d6-ee8e-457e-8269-d5da6094067f=[1_0, 0_0]}
	prev owned standby {video-aggregator-44b25ab0-b5f0-4e42-add3-67b7b992052a-StreamThread-1-consumer-70bd01d6-ee8e-457e-8269-d5da6094067f=[]}
	assigned active {video-aggregator-44b25ab0-b5f0-4e42-add3-67b7b992052a-StreamThread-1-consumer-70bd01d6-ee8e-457e-8269-d5da6094067f=[1_0, 0_0]}
	revoking active {}
	assigned standby {}

2023-10-16 10:33:11.536  INFO 18508 --- [video-aggregator-44b25ab0-b5f0-4e42-add3-67b7b992052a-StreamThread-1] o.a.k.s.p.i.StreamsPartitionAssignor     : stream-thread [video-aggregator-44b25ab0-b5f0-4e42-add3-67b7b992052a-StreamThread-1-consumer] Finished stable assignment of tasks, no followup rebalances required.
2023-10-16 10:33:11.536  INFO 18508 --- [video-aggregator-44b25ab0-b5f0-4e42-add3-67b7b992052a-StreamThread-1] o.a.k.c.c.internals.ConsumerCoordinator  : [Consumer clientId=video-aggregator-44b25ab0-b5f0-4e42-add3-67b7b992052a-StreamThread-1-consumer, groupId=video-aggregator] Finished assignment for group at generation 2: {video-aggregator-44b25ab0-b5f0-4e42-add3-67b7b992052a-StreamThread-1-consumer-70bd01d6-ee8e-457e-8269-d5da6094067f=Assignment(partitions=[video-aggregator-VIDEO_AGGREGATOR-repartition-0, videos-pcs-0], userDataSize=64)}
2023-10-16 10:33:11.539  INFO 18508 --- [video-aggregator-44b25ab0-b5f0-4e42-add3-67b7b992052a-StreamThread-1] o.a.k.s.processor.internals.StreamTask   : stream-thread [video-aggregator-44b25ab0-b5f0-4e42-add3-67b7b992052a-StreamThread-1] task [0_0] Initialized
2023-10-16 10:33:11.546  INFO 18508 --- [video-aggregator-44b25ab0-b5f0-4e42-add3-67b7b992052a-StreamThread-1] i.c.k.s.KafkaAvroSerializerConfig        : KafkaAvroSerializerConfig values: 
	bearer.auth.token = [hidden]
	proxy.port = -1
	schema.reflection = false
	auto.register.schemas = true
	max.schemas.per.subject = 1000
	basic.auth.credentials.source = URL
	value.subject.name.strategy = class io.confluent.kafka.serializers.subject.TopicNameStrategy
	schema.registry.url = [http://localhost:8081]
	basic.auth.user.info = [hidden]
	proxy.host = 
	schema.registry.basic.auth.user.info = [hidden]
	bearer.auth.credentials.source = STATIC_TOKEN
	key.subject.name.strategy = class io.confluent.kafka.serializers.subject.TopicNameStrategy

2023-10-16 10:33:11.547  INFO 18508 --- [video-aggregator-44b25ab0-b5f0-4e42-add3-67b7b992052a-StreamThread-1] i.c.k.s.KafkaAvroDeserializerConfig      : KafkaAvroDeserializerConfig values: 
	bearer.auth.token = [hidden]
	proxy.port = -1
	schema.reflection = false
	auto.register.schemas = true
	max.schemas.per.subject = 1000
	basic.auth.credentials.source = URL
	specific.avro.reader = true
	value.subject.name.strategy = class io.confluent.kafka.serializers.subject.TopicNameStrategy
	schema.registry.url = [http://localhost:8081]
	basic.auth.user.info = [hidden]
	proxy.host = 
	schema.registry.basic.auth.user.info = [hidden]
	bearer.auth.credentials.source = STATIC_TOKEN
	key.subject.name.strategy = class io.confluent.kafka.serializers.subject.TopicNameStrategy

2023-10-16 10:33:11.554  INFO 18508 --- [video-aggregator-44b25ab0-b5f0-4e42-add3-67b7b992052a-StreamThread-1] i.c.k.s.KafkaAvroSerializerConfig        : KafkaAvroSerializerConfig values: 
	bearer.auth.token = [hidden]
	proxy.port = -1
	schema.reflection = false
	auto.register.schemas = true
	max.schemas.per.subject = 1000
	basic.auth.credentials.source = URL
	value.subject.name.strategy = class io.confluent.kafka.serializers.subject.TopicNameStrategy
	schema.registry.url = [http://localhost:8081]
	basic.auth.user.info = [hidden]
	proxy.host = 
	schema.registry.basic.auth.user.info = [hidden]
	bearer.auth.credentials.source = STATIC_TOKEN
	key.subject.name.strategy = class io.confluent.kafka.serializers.subject.TopicNameStrategy

2023-10-16 10:33:11.555  INFO 18508 --- [video-aggregator-44b25ab0-b5f0-4e42-add3-67b7b992052a-StreamThread-1] i.c.k.s.KafkaAvroDeserializerConfig      : KafkaAvroDeserializerConfig values: 
	bearer.auth.token = [hidden]
	proxy.port = -1
	schema.reflection = false
	auto.register.schemas = true
	max.schemas.per.subject = 1000
	basic.auth.credentials.source = URL
	specific.avro.reader = true
	value.subject.name.strategy = class io.confluent.kafka.serializers.subject.TopicNameStrategy
	schema.registry.url = [http://localhost:8081]
	basic.auth.user.info = [hidden]
	proxy.host = 
	schema.registry.basic.auth.user.info = [hidden]
	bearer.auth.credentials.source = STATIC_TOKEN
	key.subject.name.strategy = class io.confluent.kafka.serializers.subject.TopicNameStrategy

2023-10-16 10:33:11.640  INFO 18508 --- [kafka-coordinator-heartbeat-thread | video-aggregator] o.a.k.c.c.internals.ConsumerCoordinator  : [Consumer clientId=video-aggregator-44b25ab0-b5f0-4e42-add3-67b7b992052a-StreamThread-1-consumer, groupId=video-aggregator] Successfully synced group in generation Generation{generationId=2, memberId='video-aggregator-44b25ab0-b5f0-4e42-add3-67b7b992052a-StreamThread-1-consumer-70bd01d6-ee8e-457e-8269-d5da6094067f', protocol='stream'}
2023-10-16 10:33:12.157  INFO 18508 --- [video-aggregator-44b25ab0-b5f0-4e42-add3-67b7b992052a-StreamThread-1] o.a.k.s.s.i.RocksDBTimestampedStore      : Opening store VIDEO_AGGREGATOR in regular mode
2023-10-16 10:33:12.169  INFO 18508 --- [video-aggregator-44b25ab0-b5f0-4e42-add3-67b7b992052a-StreamThread-1] o.a.k.s.processor.internals.StreamTask   : stream-thread [video-aggregator-44b25ab0-b5f0-4e42-add3-67b7b992052a-StreamThread-1] task [1_0] Initialized
2023-10-16 10:33:12.180  INFO 18508 --- [video-aggregator-44b25ab0-b5f0-4e42-add3-67b7b992052a-StreamThread-1] o.a.k.c.c.internals.ConsumerCoordinator  : [Consumer clientId=video-aggregator-44b25ab0-b5f0-4e42-add3-67b7b992052a-StreamThread-1-consumer, groupId=video-aggregator] Found no committed offset for partition videos-pcs-0
2023-10-16 10:33:12.186  INFO 18508 --- [video-aggregator-44b25ab0-b5f0-4e42-add3-67b7b992052a-StreamThread-1] i.c.k.s.KafkaAvroSerializerConfig        : KafkaAvroSerializerConfig values: 
	bearer.auth.token = [hidden]
	proxy.port = -1
	schema.reflection = false
	auto.register.schemas = true
	max.schemas.per.subject = 1000
	basic.auth.credentials.source = URL
	value.subject.name.strategy = class io.confluent.kafka.serializers.subject.TopicNameStrategy
	schema.registry.url = [http://localhost:8081]
	basic.auth.user.info = [hidden]
	proxy.host = 
	schema.registry.basic.auth.user.info = [hidden]
	bearer.auth.credentials.source = STATIC_TOKEN
	key.subject.name.strategy = class io.confluent.kafka.serializers.subject.TopicNameStrategy

2023-10-16 10:33:12.186  INFO 18508 --- [video-aggregator-44b25ab0-b5f0-4e42-add3-67b7b992052a-StreamThread-1] i.c.k.s.KafkaAvroDeserializerConfig      : KafkaAvroDeserializerConfig values: 
	bearer.auth.token = [hidden]
	proxy.port = -1
	schema.reflection = false
	auto.register.schemas = true
	max.schemas.per.subject = 1000
	basic.auth.credentials.source = URL
	specific.avro.reader = true
	value.subject.name.strategy = class io.confluent.kafka.serializers.subject.TopicNameStrategy
	schema.registry.url = [http://localhost:8081]
	basic.auth.user.info = [hidden]
	proxy.host = 
	schema.registry.basic.auth.user.info = [hidden]
	bearer.auth.credentials.source = STATIC_TOKEN
	key.subject.name.strategy = class io.confluent.kafka.serializers.subject.TopicNameStrategy

2023-10-16 10:33:12.187  INFO 18508 --- [video-aggregator-44b25ab0-b5f0-4e42-add3-67b7b992052a-StreamThread-1] i.c.k.s.KafkaAvroSerializerConfig        : KafkaAvroSerializerConfig values: 
	bearer.auth.token = [hidden]
	proxy.port = -1
	schema.reflection = false
	auto.register.schemas = true
	max.schemas.per.subject = 1000
	basic.auth.credentials.source = URL
	value.subject.name.strategy = class io.confluent.kafka.serializers.subject.TopicNameStrategy
	schema.registry.url = [http://localhost:8081]
	basic.auth.user.info = [hidden]
	proxy.host = 
	schema.registry.basic.auth.user.info = [hidden]
	bearer.auth.credentials.source = STATIC_TOKEN
	key.subject.name.strategy = class io.confluent.kafka.serializers.subject.TopicNameStrategy

2023-10-16 10:33:12.187  INFO 18508 --- [video-aggregator-44b25ab0-b5f0-4e42-add3-67b7b992052a-StreamThread-1] i.c.k.s.KafkaAvroDeserializerConfig      : KafkaAvroDeserializerConfig values: 
	bearer.auth.token = [hidden]
	proxy.port = -1
	schema.reflection = false
	auto.register.schemas = true
	max.schemas.per.subject = 1000
	basic.auth.credentials.source = URL
	specific.avro.reader = true
	value.subject.name.strategy = class io.confluent.kafka.serializers.subject.TopicNameStrategy
	schema.registry.url = [http://localhost:8081]
	basic.auth.user.info = [hidden]
	proxy.host = 
	schema.registry.basic.auth.user.info = [hidden]
	bearer.auth.credentials.source = STATIC_TOKEN
	key.subject.name.strategy = class io.confluent.kafka.serializers.subject.TopicNameStrategy

2023-10-16 10:33:12.188  INFO 18508 --- [video-aggregator-44b25ab0-b5f0-4e42-add3-67b7b992052a-StreamThread-1] o.a.k.s.processor.internals.StreamTask   : stream-thread [video-aggregator-44b25ab0-b5f0-4e42-add3-67b7b992052a-StreamThread-1] task [0_0] Restored and ready to run
2023-10-16 10:33:12.198  INFO 18508 --- [video-aggregator-44b25ab0-b5f0-4e42-add3-67b7b992052a-StreamThread-1] o.a.k.clients.consumer.KafkaConsumer     : [Consumer clientId=video-aggregator-44b25ab0-b5f0-4e42-add3-67b7b992052a-StreamThread-1-restore-consumer, groupId=null] Subscribed to partition(s): video-aggregator-VIDEO_AGGREGATOR-changelog-0
2023-10-16 10:33:12.201  INFO 18508 --- [video-aggregator-44b25ab0-b5f0-4e42-add3-67b7b992052a-StreamThread-1] o.a.k.c.c.internals.SubscriptionState    : [Consumer clientId=video-aggregator-44b25ab0-b5f0-4e42-add3-67b7b992052a-StreamThread-1-restore-consumer, groupId=null] Seeking to EARLIEST offset of partition video-aggregator-VIDEO_AGGREGATOR-changelog-0
2023-10-16 10:33:12.224  INFO 18508 --- [video-aggregator-44b25ab0-b5f0-4e42-add3-67b7b992052a-StreamThread-1] org.apache.kafka.clients.Metadata        : [Consumer clientId=video-aggregator-44b25ab0-b5f0-4e42-add3-67b7b992052a-StreamThread-1-restore-consumer, groupId=null] Cluster ID: 6PPc6K4vSlqt2VmmJgoeRQ
2023-10-16 10:33:12.244  INFO 18508 --- [video-aggregator-44b25ab0-b5f0-4e42-add3-67b7b992052a-StreamThread-1] o.a.k.c.c.internals.SubscriptionState    : [Consumer clientId=video-aggregator-44b25ab0-b5f0-4e42-add3-67b7b992052a-StreamThread-1-restore-consumer, groupId=null] Resetting offset for partition video-aggregator-VIDEO_AGGREGATOR-changelog-0 to position FetchPosition{offset=0, offsetEpoch=Optional.empty, currentLeader=LeaderAndEpoch{leader=Optional[localhost:9092 (id: 1 rack: null)], epoch=0}}.
2023-10-16 10:33:12.363  INFO 18508 --- [video-aggregator-44b25ab0-b5f0-4e42-add3-67b7b992052a-StreamThread-1] o.a.k.s.p.i.StoreChangelogReader         : stream-thread [video-aggregator-44b25ab0-b5f0-4e42-add3-67b7b992052a-StreamThread-1] Finished restoring changelog video-aggregator-VIDEO_AGGREGATOR-changelog-0 to store VIDEO_AGGREGATOR with a total number of 0 records
2023-10-16 10:33:12.365  INFO 18508 --- [video-aggregator-44b25ab0-b5f0-4e42-add3-67b7b992052a-StreamThread-1] o.a.k.c.c.internals.ConsumerCoordinator  : [Consumer clientId=video-aggregator-44b25ab0-b5f0-4e42-add3-67b7b992052a-StreamThread-1-consumer, groupId=video-aggregator] Updating assignment with
	Assigned partitions:                       [videos-pcs-0, video-aggregator-VIDEO_AGGREGATOR-repartition-0]
	Current owned partitions:                  [videos-pcs-0, video-aggregator-VIDEO_AGGREGATOR-repartition-0]
	Added partitions (assigned - owned):       []
	Revoked partitions (owned - assigned):     []

2023-10-16 10:33:12.366  INFO 18508 --- [video-aggregator-44b25ab0-b5f0-4e42-add3-67b7b992052a-StreamThread-1] o.a.k.c.c.internals.ConsumerCoordinator  : [Consumer clientId=video-aggregator-44b25ab0-b5f0-4e42-add3-67b7b992052a-StreamThread-1-consumer, groupId=video-aggregator] Notifying assignor about the new Assignment(partitions=[video-aggregator-VIDEO_AGGREGATOR-repartition-0, videos-pcs-0], userDataSize=64)
2023-10-16 10:33:12.366  INFO 18508 --- [video-aggregator-44b25ab0-b5f0-4e42-add3-67b7b992052a-StreamThread-1] o.a.k.s.p.i.StreamsPartitionAssignor     : stream-thread [video-aggregator-44b25ab0-b5f0-4e42-add3-67b7b992052a-StreamThread-1-consumer] No followup rebalance was requested, resetting the rebalance schedule.
2023-10-16 10:33:12.367  INFO 18508 --- [video-aggregator-44b25ab0-b5f0-4e42-add3-67b7b992052a-StreamThread-1] o.a.k.s.processor.internals.TaskManager  : stream-thread [video-aggregator-44b25ab0-b5f0-4e42-add3-67b7b992052a-StreamThread-1] Handle new assignment with:
	New active tasks: [1_0, 0_0]
	New standby tasks: []
	Existing active tasks: [1_0, 0_0]
	Existing standby tasks: []
2023-10-16 10:33:12.368  INFO 18508 --- [video-aggregator-44b25ab0-b5f0-4e42-add3-67b7b992052a-StreamThread-1] o.a.k.c.c.internals.ConsumerCoordinator  : [Consumer clientId=video-aggregator-44b25ab0-b5f0-4e42-add3-67b7b992052a-StreamThread-1-consumer, groupId=video-aggregator] Adding newly assigned partitions: 
2023-10-16 10:33:12.368  INFO 18508 --- [video-aggregator-44b25ab0-b5f0-4e42-add3-67b7b992052a-StreamThread-1] o.a.k.s.p.internals.StreamThread         : stream-thread [video-aggregator-44b25ab0-b5f0-4e42-add3-67b7b992052a-StreamThread-1] State transition from PARTITIONS_ASSIGNED to PARTITIONS_ASSIGNED
2023-10-16 10:33:12.376  INFO 18508 --- [video-aggregator-44b25ab0-b5f0-4e42-add3-67b7b992052a-StreamThread-1] o.a.k.c.c.internals.ConsumerCoordinator  : [Consumer clientId=video-aggregator-44b25ab0-b5f0-4e42-add3-67b7b992052a-StreamThread-1-consumer, groupId=video-aggregator] Found no committed offset for partition videos-pcs-0
2023-10-16 10:33:12.376  INFO 18508 --- [video-aggregator-44b25ab0-b5f0-4e42-add3-67b7b992052a-StreamThread-1] o.a.k.c.c.internals.ConsumerCoordinator  : [Consumer clientId=video-aggregator-44b25ab0-b5f0-4e42-add3-67b7b992052a-StreamThread-1-consumer, groupId=video-aggregator] Found no committed offset for partition video-aggregator-VIDEO_AGGREGATOR-repartition-0
2023-10-16 10:33:12.379  INFO 18508 --- [video-aggregator-44b25ab0-b5f0-4e42-add3-67b7b992052a-StreamThread-1] o.a.k.c.c.internals.ConsumerCoordinator  : [Consumer clientId=video-aggregator-44b25ab0-b5f0-4e42-add3-67b7b992052a-StreamThread-1-consumer, groupId=video-aggregator] Found no committed offset for partition video-aggregator-VIDEO_AGGREGATOR-repartition-0
2023-10-16 10:33:12.380  INFO 18508 --- [video-aggregator-44b25ab0-b5f0-4e42-add3-67b7b992052a-StreamThread-1] i.c.k.s.KafkaAvroSerializerConfig        : KafkaAvroSerializerConfig values: 
	bearer.auth.token = [hidden]
	proxy.port = -1
	schema.reflection = false
	auto.register.schemas = true
	max.schemas.per.subject = 1000
	basic.auth.credentials.source = URL
	value.subject.name.strategy = class io.confluent.kafka.serializers.subject.TopicNameStrategy
	schema.registry.url = [http://localhost:8081]
	basic.auth.user.info = [hidden]
	proxy.host = 
	schema.registry.basic.auth.user.info = [hidden]
	bearer.auth.credentials.source = STATIC_TOKEN
	key.subject.name.strategy = class io.confluent.kafka.serializers.subject.TopicNameStrategy

2023-10-16 10:33:12.386  INFO 18508 --- [video-aggregator-44b25ab0-b5f0-4e42-add3-67b7b992052a-StreamThread-1] i.c.k.s.KafkaAvroDeserializerConfig      : KafkaAvroDeserializerConfig values: 
	bearer.auth.token = [hidden]
	proxy.port = -1
	schema.reflection = false
	auto.register.schemas = true
	max.schemas.per.subject = 1000
	basic.auth.credentials.source = URL
	specific.avro.reader = true
	value.subject.name.strategy = class io.confluent.kafka.serializers.subject.TopicNameStrategy
	schema.registry.url = [http://localhost:8081]
	basic.auth.user.info = [hidden]
	proxy.host = 
	schema.registry.basic.auth.user.info = [hidden]
	bearer.auth.credentials.source = STATIC_TOKEN
	key.subject.name.strategy = class io.confluent.kafka.serializers.subject.TopicNameStrategy

2023-10-16 10:33:12.387  INFO 18508 --- [video-aggregator-44b25ab0-b5f0-4e42-add3-67b7b992052a-StreamThread-1] i.c.k.s.KafkaAvroSerializerConfig        : KafkaAvroSerializerConfig values: 
	bearer.auth.token = [hidden]
	proxy.port = -1
	schema.reflection = false
	auto.register.schemas = true
	max.schemas.per.subject = 1000
	basic.auth.credentials.source = URL
	value.subject.name.strategy = class io.confluent.kafka.serializers.subject.TopicNameStrategy
	schema.registry.url = [http://localhost:8081]
	basic.auth.user.info = [hidden]
	proxy.host = 
	schema.registry.basic.auth.user.info = [hidden]
	bearer.auth.credentials.source = STATIC_TOKEN
	key.subject.name.strategy = class io.confluent.kafka.serializers.subject.TopicNameStrategy

2023-10-16 10:33:12.388  INFO 18508 --- [video-aggregator-44b25ab0-b5f0-4e42-add3-67b7b992052a-StreamThread-1] i.c.k.s.KafkaAvroDeserializerConfig      : KafkaAvroDeserializerConfig values: 
	bearer.auth.token = [hidden]
	proxy.port = -1
	schema.reflection = false
	auto.register.schemas = true
	max.schemas.per.subject = 1000
	basic.auth.credentials.source = URL
	specific.avro.reader = true
	value.subject.name.strategy = class io.confluent.kafka.serializers.subject.TopicNameStrategy
	schema.registry.url = [http://localhost:8081]
	basic.auth.user.info = [hidden]
	proxy.host = 
	schema.registry.basic.auth.user.info = [hidden]
	bearer.auth.credentials.source = STATIC_TOKEN
	key.subject.name.strategy = class io.confluent.kafka.serializers.subject.TopicNameStrategy

2023-10-16 10:33:12.396  INFO 18508 --- [video-aggregator-44b25ab0-b5f0-4e42-add3-67b7b992052a-StreamThread-1] o.a.k.s.processor.internals.StreamTask   : stream-thread [video-aggregator-44b25ab0-b5f0-4e42-add3-67b7b992052a-StreamThread-1] task [1_0] Restored and ready to run
2023-10-16 10:33:12.397  INFO 18508 --- [video-aggregator-44b25ab0-b5f0-4e42-add3-67b7b992052a-StreamThread-1] o.a.k.s.p.internals.StreamThread         : stream-thread [video-aggregator-44b25ab0-b5f0-4e42-add3-67b7b992052a-StreamThread-1] Restoration took 29 ms for all tasks [0_0, 1_0]
2023-10-16 10:33:12.398  INFO 18508 --- [video-aggregator-44b25ab0-b5f0-4e42-add3-67b7b992052a-StreamThread-1] o.a.k.s.p.internals.StreamThread         : stream-thread [video-aggregator-44b25ab0-b5f0-4e42-add3-67b7b992052a-StreamThread-1] State transition from PARTITIONS_ASSIGNED to RUNNING
2023-10-16 10:33:12.401  INFO 18508 --- [video-aggregator-44b25ab0-b5f0-4e42-add3-67b7b992052a-StreamThread-1] org.apache.kafka.streams.KafkaStreams    : stream-client [video-aggregator-44b25ab0-b5f0-4e42-add3-67b7b992052a] State transition from REBALANCING to RUNNING
2023-10-16 10:33:12.402  INFO 18508 --- [video-aggregator-44b25ab0-b5f0-4e42-add3-67b7b992052a-StreamThread-1] o.a.k.clients.consumer.KafkaConsumer     : [Consumer clientId=video-aggregator-44b25ab0-b5f0-4e42-add3-67b7b992052a-StreamThread-1-consumer, groupId=video-aggregator] Requesting the log end offset for videos-pcs-0 in order to compute lag
2023-10-16 10:33:12.407  INFO 18508 --- [video-aggregator-44b25ab0-b5f0-4e42-add3-67b7b992052a-StreamThread-1] o.a.k.clients.consumer.KafkaConsumer     : [Consumer clientId=video-aggregator-44b25ab0-b5f0-4e42-add3-67b7b992052a-StreamThread-1-consumer, groupId=video-aggregator] Requesting the log end offset for video-aggregator-VIDEO_AGGREGATOR-repartition-0 in order to compute lag
2023-10-16 10:33:12.414  INFO 18508 --- [video-aggregator-44b25ab0-b5f0-4e42-add3-67b7b992052a-StreamThread-1] o.a.k.c.c.internals.ConsumerCoordinator  : [Consumer clientId=video-aggregator-44b25ab0-b5f0-4e42-add3-67b7b992052a-StreamThread-1-consumer, groupId=video-aggregator] Found no committed offset for partition videos-pcs-0
2023-10-16 10:33:12.414  INFO 18508 --- [video-aggregator-44b25ab0-b5f0-4e42-add3-67b7b992052a-StreamThread-1] o.a.k.c.c.internals.ConsumerCoordinator  : [Consumer clientId=video-aggregator-44b25ab0-b5f0-4e42-add3-67b7b992052a-StreamThread-1-consumer, groupId=video-aggregator] Found no committed offset for partition video-aggregator-VIDEO_AGGREGATOR-repartition-0
2023-10-16 10:33:12.420  INFO 18508 --- [video-aggregator-44b25ab0-b5f0-4e42-add3-67b7b992052a-StreamThread-1] o.a.k.c.c.internals.SubscriptionState    : [Consumer clientId=video-aggregator-44b25ab0-b5f0-4e42-add3-67b7b992052a-StreamThread-1-consumer, groupId=video-aggregator] Resetting offset for partition videos-pcs-0 to position FetchPosition{offset=0, offsetEpoch=Optional.empty, currentLeader=LeaderAndEpoch{leader=Optional[localhost:9092 (id: 1 rack: null)], epoch=0}}.
2023-10-16 10:33:12.420  INFO 18508 --- [video-aggregator-44b25ab0-b5f0-4e42-add3-67b7b992052a-StreamThread-1] o.a.k.c.c.internals.SubscriptionState    : [Consumer clientId=video-aggregator-44b25ab0-b5f0-4e42-add3-67b7b992052a-StreamThread-1-consumer, groupId=video-aggregator] Resetting offset for partition video-aggregator-VIDEO_AGGREGATOR-repartition-0 to position FetchPosition{offset=0, offsetEpoch=Optional.empty, currentLeader=LeaderAndEpoch{leader=Optional[localhost:9092 (id: 1 rack: null)], epoch=0}}.
2023-10-16 10:35:11.050  INFO 18508 --- [video-aggregator-44b25ab0-b5f0-4e42-add3-67b7b992052a-StreamThread-1] o.a.k.s.p.internals.StreamThread         : stream-thread [video-aggregator-44b25ab0-b5f0-4e42-add3-67b7b992052a-StreamThread-1] Processed 0 total records, ran 0 punctuators, and committed 0 total tasks since the last update
2023-10-16 10:37:11.066  INFO 18508 --- [video-aggregator-44b25ab0-b5f0-4e42-add3-67b7b992052a-StreamThread-1] o.a.k.s.p.internals.StreamThread         : stream-thread [video-aggregator-44b25ab0-b5f0-4e42-add3-67b7b992052a-StreamThread-1] Processed 0 total records, ran 0 punctuators, and committed 0 total tasks since the last update
2023-10-16 10:38:10.444  INFO 18508 --- [kafka-admin-client-thread | video-aggregator-44b25ab0-b5f0-4e42-add3-67b7b992052a-admin] org.apache.kafka.clients.NetworkClient   : [AdminClient clientId=video-aggregator-44b25ab0-b5f0-4e42-add3-67b7b992052a-admin] Node -1 disconnected.
2023-10-16 10:39:11.072  INFO 18508 --- [video-aggregator-44b25ab0-b5f0-4e42-add3-67b7b992052a-StreamThread-1] o.a.k.s.p.internals.StreamThread         : stream-thread [video-aggregator-44b25ab0-b5f0-4e42-add3-67b7b992052a-StreamThread-1] Processed 0 total records, ran 0 punctuators, and committed 0 total tasks since the last update
2023-10-16 10:41:11.102  INFO 18508 --- [video-aggregator-44b25ab0-b5f0-4e42-add3-67b7b992052a-StreamThread-1] o.a.k.s.p.internals.StreamThread         : stream-thread [video-aggregator-44b25ab0-b5f0-4e42-add3-67b7b992052a-StreamThread-1] Processed 0 total records, ran 0 punctuators, and committed 0 total tasks since the last update
2023-10-16 10:42:10.796  INFO 18508 --- [kafka-producer-network-thread | video-aggregator-44b25ab0-b5f0-4e42-add3-67b7b992052a-StreamThread-1-producer] org.apache.kafka.clients.NetworkClient   : [Producer clientId=video-aggregator-44b25ab0-b5f0-4e42-add3-67b7b992052a-StreamThread-1-producer] Node -1 disconnected.
2023-10-16 10:42:10.907  INFO 18508 --- [video-aggregator-44b25ab0-b5f0-4e42-add3-67b7b992052a-StreamThread-1] org.apache.kafka.clients.NetworkClient   : [Consumer clientId=video-aggregator-44b25ab0-b5f0-4e42-add3-67b7b992052a-StreamThread-1-consumer, groupId=video-aggregator] Node -1 disconnected.
2023-10-16 10:43:10.469  INFO 18508 --- [kafka-admin-client-thread | video-aggregator-44b25ab0-b5f0-4e42-add3-67b7b992052a-admin] org.apache.kafka.clients.NetworkClient   : [AdminClient clientId=video-aggregator-44b25ab0-b5f0-4e42-add3-67b7b992052a-admin] Node 1 disconnected.
2023-10-16 10:43:10.860  INFO 18508 --- [video-aggregator-44b25ab0-b5f0-4e42-add3-67b7b992052a-CleanupThread] o.a.k.s.p.internals.StateDirectory       : stream-thread [video-aggregator-44b25ab0-b5f0-4e42-add3-67b7b992052a-CleanupThread] Deleting obsolete state directory 0_0 for task 0_0 as 44169427ms has elapsed (cleanup delay is 600000ms).
2023-10-16 10:43:11.107  INFO 18508 --- [video-aggregator-44b25ab0-b5f0-4e42-add3-67b7b992052a-StreamThread-1] o.a.k.s.p.internals.StreamThread         : stream-thread [video-aggregator-44b25ab0-b5f0-4e42-add3-67b7b992052a-StreamThread-1] Processed 0 total records, ran 0 punctuators, and committed 0 total tasks since the last update
2023-10-16 10:45:11.116  INFO 18508 --- [video-aggregator-44b25ab0-b5f0-4e42-add3-67b7b992052a-StreamThread-1] o.a.k.s.p.internals.StreamThread         : stream-thread [video-aggregator-44b25ab0-b5f0-4e42-add3-67b7b992052a-StreamThread-1] Processed 0 total records, ran 0 punctuators, and committed 0 total tasks since the last update
2023-10-16 10:47:11.221  INFO 18508 --- [video-aggregator-44b25ab0-b5f0-4e42-add3-67b7b992052a-StreamThread-1] o.a.k.s.p.internals.StreamThread         : stream-thread [video-aggregator-44b25ab0-b5f0-4e42-add3-67b7b992052a-StreamThread-1] Processed 0 total records, ran 0 punctuators, and committed 0 total tasks since the last update
2023-10-16 10:48:10.604  INFO 18508 --- [kafka-admin-client-thread | video-aggregator-44b25ab0-b5f0-4e42-add3-67b7b992052a-admin] org.apache.kafka.clients.NetworkClient   : [AdminClient clientId=video-aggregator-44b25ab0-b5f0-4e42-add3-67b7b992052a-admin] Node 1 disconnected.
2023-10-16 10:49:11.320  INFO 18508 --- [video-aggregator-44b25ab0-b5f0-4e42-add3-67b7b992052a-StreamThread-1] o.a.k.s.p.internals.StreamThread         : stream-thread [video-aggregator-44b25ab0-b5f0-4e42-add3-67b7b992052a-StreamThread-1] Processed 0 total records, ran 0 punctuators, and committed 0 total tasks since the last update
2023-10-16 10:50:42.745  INFO 18508 --- [SpringApplicationShutdownHook] org.apache.kafka.streams.KafkaStreams    : stream-client [video-aggregator-44b25ab0-b5f0-4e42-add3-67b7b992052a] State transition from RUNNING to PENDING_SHUTDOWN
2023-10-16 10:50:42.779  INFO 18508 --- [kafka-streams-close-thread] o.a.k.s.p.internals.StreamThread         : stream-thread [video-aggregator-44b25ab0-b5f0-4e42-add3-67b7b992052a-StreamThread-1] Informed to shut down
2023-10-16 10:50:42.801  INFO 18508 --- [kafka-streams-close-thread] o.a.k.s.p.internals.StreamThread         : stream-thread [video-aggregator-44b25ab0-b5f0-4e42-add3-67b7b992052a-StreamThread-1] State transition from RUNNING to PENDING_SHUTDOWN
2023-10-16 10:50:42.861  INFO 18508 --- [video-aggregator-44b25ab0-b5f0-4e42-add3-67b7b992052a-StreamThread-1] o.a.k.s.p.internals.StreamThread         : stream-thread [video-aggregator-44b25ab0-b5f0-4e42-add3-67b7b992052a-StreamThread-1] Shutting down
2023-10-16 10:50:42.890  INFO 18508 --- [video-aggregator-44b25ab0-b5f0-4e42-add3-67b7b992052a-StreamThread-1] o.a.k.s.processor.internals.StreamTask   : stream-thread [video-aggregator-44b25ab0-b5f0-4e42-add3-67b7b992052a-StreamThread-1] task [0_0] Suspended RUNNING
2023-10-16 10:50:42.891  INFO 18508 --- [video-aggregator-44b25ab0-b5f0-4e42-add3-67b7b992052a-StreamThread-1] o.a.k.s.processor.internals.StreamTask   : stream-thread [video-aggregator-44b25ab0-b5f0-4e42-add3-67b7b992052a-StreamThread-1] task [0_0] Suspended running
2023-10-16 10:50:42.898  INFO 18508 --- [video-aggregator-44b25ab0-b5f0-4e42-add3-67b7b992052a-StreamThread-1] o.a.k.clients.consumer.KafkaConsumer     : [Consumer clientId=video-aggregator-44b25ab0-b5f0-4e42-add3-67b7b992052a-StreamThread-1-restore-consumer, groupId=null] Subscribed to partition(s): video-aggregator-VIDEO_AGGREGATOR-changelog-0
2023-10-16 10:50:42.900  INFO 18508 --- [video-aggregator-44b25ab0-b5f0-4e42-add3-67b7b992052a-StreamThread-1] o.a.k.s.p.internals.RecordCollectorImpl  : stream-thread [video-aggregator-44b25ab0-b5f0-4e42-add3-67b7b992052a-StreamThread-1] task [0_0] Closing record collector clean
2023-10-16 10:50:42.902  INFO 18508 --- [video-aggregator-44b25ab0-b5f0-4e42-add3-67b7b992052a-StreamThread-1] o.a.k.s.processor.internals.StreamTask   : stream-thread [video-aggregator-44b25ab0-b5f0-4e42-add3-67b7b992052a-StreamThread-1] task [0_0] Closed clean
2023-10-16 10:50:42.903  INFO 18508 --- [video-aggregator-44b25ab0-b5f0-4e42-add3-67b7b992052a-StreamThread-1] o.a.k.s.processor.internals.StreamTask   : stream-thread [video-aggregator-44b25ab0-b5f0-4e42-add3-67b7b992052a-StreamThread-1] task [1_0] Suspended RUNNING
2023-10-16 10:50:42.904  INFO 18508 --- [video-aggregator-44b25ab0-b5f0-4e42-add3-67b7b992052a-StreamThread-1] o.a.k.s.processor.internals.StreamTask   : stream-thread [video-aggregator-44b25ab0-b5f0-4e42-add3-67b7b992052a-StreamThread-1] task [1_0] Suspended running
2023-10-16 10:50:42.907  INFO 18508 --- [video-aggregator-44b25ab0-b5f0-4e42-add3-67b7b992052a-StreamThread-1] o.a.k.clients.consumer.KafkaConsumer     : [Consumer clientId=video-aggregator-44b25ab0-b5f0-4e42-add3-67b7b992052a-StreamThread-1-restore-consumer, groupId=null] Unsubscribed all topics or patterns and assigned partitions
2023-10-16 10:50:42.934  INFO 18508 --- [video-aggregator-44b25ab0-b5f0-4e42-add3-67b7b992052a-StreamThread-1] o.a.k.s.p.internals.RecordCollectorImpl  : stream-thread [video-aggregator-44b25ab0-b5f0-4e42-add3-67b7b992052a-StreamThread-1] task [1_0] Closing record collector clean
2023-10-16 10:50:42.935  INFO 18508 --- [video-aggregator-44b25ab0-b5f0-4e42-add3-67b7b992052a-StreamThread-1] o.a.k.s.processor.internals.StreamTask   : stream-thread [video-aggregator-44b25ab0-b5f0-4e42-add3-67b7b992052a-StreamThread-1] task [1_0] Closed clean
2023-10-16 10:50:42.939  INFO 18508 --- [video-aggregator-44b25ab0-b5f0-4e42-add3-67b7b992052a-StreamThread-1] o.a.k.clients.producer.KafkaProducer     : [Producer clientId=video-aggregator-44b25ab0-b5f0-4e42-add3-67b7b992052a-StreamThread-1-producer] Closing the Kafka producer with timeoutMillis = 9223372036854775807 ms.
2023-10-16 10:50:42.949  INFO 18508 --- [video-aggregator-44b25ab0-b5f0-4e42-add3-67b7b992052a-StreamThread-1] org.apache.kafka.common.metrics.Metrics  : Metrics scheduler closed
2023-10-16 10:50:42.950  INFO 18508 --- [video-aggregator-44b25ab0-b5f0-4e42-add3-67b7b992052a-StreamThread-1] org.apache.kafka.common.metrics.Metrics  : Closing reporter org.apache.kafka.common.metrics.JmxReporter
2023-10-16 10:50:42.950  INFO 18508 --- [video-aggregator-44b25ab0-b5f0-4e42-add3-67b7b992052a-StreamThread-1] org.apache.kafka.common.metrics.Metrics  : Metrics reporters closed
2023-10-16 10:50:42.951  INFO 18508 --- [video-aggregator-44b25ab0-b5f0-4e42-add3-67b7b992052a-StreamThread-1] o.a.kafka.common.utils.AppInfoParser     : App info kafka.producer for video-aggregator-44b25ab0-b5f0-4e42-add3-67b7b992052a-StreamThread-1-producer unregistered
2023-10-16 10:50:42.955  INFO 18508 --- [video-aggregator-44b25ab0-b5f0-4e42-add3-67b7b992052a-StreamThread-1] o.a.k.clients.consumer.KafkaConsumer     : [Consumer clientId=video-aggregator-44b25ab0-b5f0-4e42-add3-67b7b992052a-StreamThread-1-restore-consumer, groupId=null] Unsubscribed all topics or patterns and assigned partitions
2023-10-16 10:50:42.958  INFO 18508 --- [video-aggregator-44b25ab0-b5f0-4e42-add3-67b7b992052a-StreamThread-1] org.apache.kafka.common.metrics.Metrics  : Metrics scheduler closed
2023-10-16 10:50:42.958  INFO 18508 --- [video-aggregator-44b25ab0-b5f0-4e42-add3-67b7b992052a-StreamThread-1] org.apache.kafka.common.metrics.Metrics  : Closing reporter org.apache.kafka.common.metrics.JmxReporter
2023-10-16 10:50:42.959  INFO 18508 --- [video-aggregator-44b25ab0-b5f0-4e42-add3-67b7b992052a-StreamThread-1] org.apache.kafka.common.metrics.Metrics  : Metrics reporters closed
2023-10-16 10:50:42.967  INFO 18508 --- [video-aggregator-44b25ab0-b5f0-4e42-add3-67b7b992052a-StreamThread-1] o.a.kafka.common.utils.AppInfoParser     : App info kafka.consumer for video-aggregator-44b25ab0-b5f0-4e42-add3-67b7b992052a-StreamThread-1-consumer unregistered
2023-10-16 10:50:42.968  INFO 18508 --- [video-aggregator-44b25ab0-b5f0-4e42-add3-67b7b992052a-StreamThread-1] org.apache.kafka.common.metrics.Metrics  : Metrics scheduler closed
2023-10-16 10:50:42.969  INFO 18508 --- [video-aggregator-44b25ab0-b5f0-4e42-add3-67b7b992052a-StreamThread-1] org.apache.kafka.common.metrics.Metrics  : Closing reporter org.apache.kafka.common.metrics.JmxReporter
2023-10-16 10:50:42.969  INFO 18508 --- [video-aggregator-44b25ab0-b5f0-4e42-add3-67b7b992052a-StreamThread-1] org.apache.kafka.common.metrics.Metrics  : Metrics reporters closed
2023-10-16 10:50:42.981  INFO 18508 --- [video-aggregator-44b25ab0-b5f0-4e42-add3-67b7b992052a-StreamThread-1] o.a.kafka.common.utils.AppInfoParser     : App info kafka.consumer for video-aggregator-44b25ab0-b5f0-4e42-add3-67b7b992052a-StreamThread-1-restore-consumer unregistered
2023-10-16 10:50:42.994  INFO 18508 --- [video-aggregator-44b25ab0-b5f0-4e42-add3-67b7b992052a-StreamThread-1] o.a.k.s.p.internals.StreamThread         : stream-thread [video-aggregator-44b25ab0-b5f0-4e42-add3-67b7b992052a-StreamThread-1] State transition from PENDING_SHUTDOWN to DEAD
2023-10-16 10:50:42.995  INFO 18508 --- [video-aggregator-44b25ab0-b5f0-4e42-add3-67b7b992052a-StreamThread-1] o.a.k.s.p.internals.StreamThread         : stream-thread [video-aggregator-44b25ab0-b5f0-4e42-add3-67b7b992052a-StreamThread-1] Shutdown complete
2023-10-16 10:50:42.998  INFO 18508 --- [kafka-admin-client-thread | video-aggregator-44b25ab0-b5f0-4e42-add3-67b7b992052a-admin] o.a.kafka.common.utils.AppInfoParser     : App info kafka.admin.client for video-aggregator-44b25ab0-b5f0-4e42-add3-67b7b992052a-admin unregistered
2023-10-16 10:50:43.007  INFO 18508 --- [kafka-admin-client-thread | video-aggregator-44b25ab0-b5f0-4e42-add3-67b7b992052a-admin] org.apache.kafka.common.metrics.Metrics  : Metrics scheduler closed
2023-10-16 10:50:43.008  INFO 18508 --- [kafka-admin-client-thread | video-aggregator-44b25ab0-b5f0-4e42-add3-67b7b992052a-admin] org.apache.kafka.common.metrics.Metrics  : Closing reporter org.apache.kafka.common.metrics.JmxReporter
2023-10-16 10:50:43.008  INFO 18508 --- [kafka-admin-client-thread | video-aggregator-44b25ab0-b5f0-4e42-add3-67b7b992052a-admin] org.apache.kafka.common.metrics.Metrics  : Metrics reporters closed
2023-10-16 10:50:43.010  INFO 18508 --- [kafka-streams-close-thread] org.apache.kafka.common.metrics.Metrics  : Metrics scheduler closed
2023-10-16 10:50:43.010  INFO 18508 --- [kafka-streams-close-thread] org.apache.kafka.common.metrics.Metrics  : Closing reporter org.apache.kafka.common.metrics.JmxReporter
2023-10-16 10:50:43.011  INFO 18508 --- [kafka-streams-close-thread] org.apache.kafka.common.metrics.Metrics  : Metrics reporters closed
2023-10-16 10:50:43.011  INFO 18508 --- [kafka-streams-close-thread] org.apache.kafka.streams.KafkaStreams    : stream-client [video-aggregator-44b25ab0-b5f0-4e42-add3-67b7b992052a] State transition from PENDING_SHUTDOWN to NOT_RUNNING
2023-10-16 10:50:43.012  INFO 18508 --- [SpringApplicationShutdownHook] org.apache.kafka.streams.KafkaStreams    : stream-client [video-aggregator-44b25ab0-b5f0-4e42-add3-67b7b992052a] Streams client stopped completely
2023-10-16 10:50:43.016  INFO 18508 --- [SpringApplicationShutdownHook] o.s.i.endpoint.EventDrivenConsumer       : Removing {logging-channel-adapter:_org.springframework.integration.errorLogger} as a subscriber to the 'errorChannel' channel
2023-10-16 10:50:43.018  INFO 18508 --- [SpringApplicationShutdownHook] o.s.i.channel.PublishSubscribeChannel    : Channel 'video-aggregator.errorChannel' has 0 subscriber(s).
2023-10-16 10:50:43.020  INFO 18508 --- [SpringApplicationShutdownHook] o.s.i.endpoint.EventDrivenConsumer       : stopped bean '_org.springframework.integration.errorLogger'
