2023-10-16 10:32:38.911  INFO 11224 --- [main] com.hiberus.VideoPcsApplication          : Starting VideoPcsApplication using Java 17.0.8 on HL-014830 with PID 11224 (C:\Users\jlsierra\University_Microservicios\yelteberus\video-pcs\target\classes started by jlsierra in C:\Users\jlsierra\University_Microservicios\yelteberus)
2023-10-16 10:32:38.921  INFO 11224 --- [main] com.hiberus.VideoPcsApplication          : No active profile set, falling back to 1 default profile: "default"
2023-10-16 10:32:41.036  INFO 11224 --- [main] faultConfiguringBeanFactoryPostProcessor : No bean named 'errorChannel' has been explicitly defined. Therefore, a default PublishSubscribeChannel will be created.
2023-10-16 10:32:41.073  INFO 11224 --- [main] faultConfiguringBeanFactoryPostProcessor : No bean named 'integrationHeaderChannelRegistry' has been explicitly defined. Therefore, a default DefaultHeaderChannelRegistry will be created.
2023-10-16 10:32:42.255  INFO 11224 --- [main] o.s.b.w.embedded.tomcat.TomcatWebServer  : Tomcat initialized with port(s): 8084 (http)
2023-10-16 10:32:42.273  INFO 11224 --- [main] o.apache.catalina.core.StandardService   : Starting service [Tomcat]
2023-10-16 10:32:42.274  INFO 11224 --- [main] org.apache.catalina.core.StandardEngine  : Starting Servlet engine: [Apache Tomcat/9.0.80]
2023-10-16 10:32:42.562  INFO 11224 --- [main] o.a.c.c.C.[Tomcat].[localhost].[/]       : Initializing Spring embedded WebApplicationContext
2023-10-16 10:32:42.564  INFO 11224 --- [main] w.s.c.ServletWebServerApplicationContext : Root WebApplicationContext: initialization completed in 3534 ms
2023-10-16 10:32:44.953  INFO 11224 --- [main] c.f.c.c.BeanFactoryAwareFunctionRegistry : Looking up function '' with acceptedOutputTypes: []
2023-10-16 10:32:45.329  INFO 11224 --- [main] o.s.b.a.e.web.EndpointLinksResolver      : Exposing 19 endpoint(s) beneath base path '/actuator'
2023-10-16 10:32:45.573  INFO 11224 --- [main] o.s.i.endpoint.EventDrivenConsumer       : Adding {logging-channel-adapter:_org.springframework.integration.errorLogger} as a subscriber to the 'errorChannel' channel
2023-10-16 10:32:45.574  INFO 11224 --- [main] o.s.i.channel.PublishSubscribeChannel    : Channel 'video-pcs.errorChannel' has 1 subscriber(s).
2023-10-16 10:32:45.576  INFO 11224 --- [main] o.s.i.endpoint.EventDrivenConsumer       : started bean '_org.springframework.integration.errorLogger'
2023-10-16 10:32:45.669  INFO 11224 --- [main] o.a.k.clients.consumer.ConsumerConfig    : ConsumerConfig values: 
	allow.auto.create.topics = true
	auto.commit.interval.ms = 5000
	auto.offset.reset = earliest
	bootstrap.servers = [localhost:9092]
	check.crcs = true
	client.dns.lookup = use_all_dns_ips
	client.id = consumer-video-pcs-1
	client.rack = 
	connections.max.idle.ms = 540000
	default.api.timeout.ms = 60000
	enable.auto.commit = false
	exclude.internal.topics = true
	fetch.max.bytes = 52428800
	fetch.max.wait.ms = 500
	fetch.min.bytes = 1
	group.id = video-pcs
	group.instance.id = null
	heartbeat.interval.ms = 3000
	interceptor.classes = []
	internal.leave.group.on.close = true
	internal.throw.on.fetch.stable.offset.unsupported = false
	isolation.level = read_uncommitted
	key.deserializer = class io.confluent.kafka.streams.serdes.avro.SpecificAvroDeserializer
	max.partition.fetch.bytes = 1048576
	max.poll.interval.ms = 300000
	max.poll.records = 500
	metadata.max.age.ms = 300000
	metric.reporters = []
	metrics.num.samples = 2
	metrics.recording.level = INFO
	metrics.sample.window.ms = 30000
	partition.assignment.strategy = [class org.apache.kafka.clients.consumer.RangeAssignor, class org.apache.kafka.clients.consumer.CooperativeStickyAssignor]
	receive.buffer.bytes = 65536
	reconnect.backoff.max.ms = 1000
	reconnect.backoff.ms = 50
	request.timeout.ms = 30000
	retry.backoff.ms = 100
	sasl.client.callback.handler.class = null
	sasl.jaas.config = null
	sasl.kerberos.kinit.cmd = /usr/bin/kinit
	sasl.kerberos.min.time.before.relogin = 60000
	sasl.kerberos.service.name = null
	sasl.kerberos.ticket.renew.jitter = 0.05
	sasl.kerberos.ticket.renew.window.factor = 0.8
	sasl.login.callback.handler.class = null
	sasl.login.class = null
	sasl.login.connect.timeout.ms = null
	sasl.login.read.timeout.ms = null
	sasl.login.refresh.buffer.seconds = 300
	sasl.login.refresh.min.period.seconds = 60
	sasl.login.refresh.window.factor = 0.8
	sasl.login.refresh.window.jitter = 0.05
	sasl.login.retry.backoff.max.ms = 10000
	sasl.login.retry.backoff.ms = 100
	sasl.mechanism = GSSAPI
	sasl.oauthbearer.clock.skew.seconds = 30
	sasl.oauthbearer.expected.audience = null
	sasl.oauthbearer.expected.issuer = null
	sasl.oauthbearer.jwks.endpoint.refresh.ms = 3600000
	sasl.oauthbearer.jwks.endpoint.retry.backoff.max.ms = 10000
	sasl.oauthbearer.jwks.endpoint.retry.backoff.ms = 100
	sasl.oauthbearer.jwks.endpoint.url = null
	sasl.oauthbearer.scope.claim.name = scope
	sasl.oauthbearer.sub.claim.name = sub
	sasl.oauthbearer.token.endpoint.url = null
	security.protocol = PLAINTEXT
	security.providers = null
	send.buffer.bytes = 131072
	session.timeout.ms = 45000
	socket.connection.setup.timeout.max.ms = 30000
	socket.connection.setup.timeout.ms = 10000
	ssl.cipher.suites = null
	ssl.enabled.protocols = [TLSv1.2, TLSv1.3]
	ssl.endpoint.identification.algorithm = https
	ssl.engine.factory.class = null
	ssl.key.password = null
	ssl.keymanager.algorithm = SunX509
	ssl.keystore.certificate.chain = null
	ssl.keystore.key = null
	ssl.keystore.location = null
	ssl.keystore.password = null
	ssl.keystore.type = JKS
	ssl.protocol = TLSv1.3
	ssl.provider = null
	ssl.secure.random.implementation = null
	ssl.trustmanager.algorithm = PKIX
	ssl.truststore.certificates = null
	ssl.truststore.location = null
	ssl.truststore.password = null
	ssl.truststore.type = JKS
	value.deserializer = class io.confluent.kafka.streams.serdes.avro.SpecificAvroDeserializer

2023-10-16 10:32:45.786  INFO 11224 --- [main] i.c.k.s.KafkaAvroDeserializerConfig      : KafkaAvroDeserializerConfig values: 
	bearer.auth.token = [hidden]
	proxy.port = -1
	schema.reflection = false
	auto.register.schemas = true
	max.schemas.per.subject = 1000
	basic.auth.credentials.source = URL
	specific.avro.reader = true
	value.subject.name.strategy = class io.confluent.kafka.serializers.subject.TopicNameStrategy
	schema.registry.url = [http://localhost:8081]
	basic.auth.user.info = [hidden]
	proxy.host = 
	schema.registry.basic.auth.user.info = [hidden]
	bearer.auth.credentials.source = STATIC_TOKEN
	key.subject.name.strategy = class io.confluent.kafka.serializers.subject.TopicNameStrategy

2023-10-16 10:32:45.835  INFO 11224 --- [main] i.c.k.s.KafkaAvroDeserializerConfig      : KafkaAvroDeserializerConfig values: 
	bearer.auth.token = [hidden]
	proxy.port = -1
	schema.reflection = false
	auto.register.schemas = true
	max.schemas.per.subject = 1000
	basic.auth.credentials.source = URL
	specific.avro.reader = true
	value.subject.name.strategy = class io.confluent.kafka.serializers.subject.TopicNameStrategy
	schema.registry.url = [http://localhost:8081]
	basic.auth.user.info = [hidden]
	proxy.host = 
	schema.registry.basic.auth.user.info = [hidden]
	bearer.auth.credentials.source = STATIC_TOKEN
	key.subject.name.strategy = class io.confluent.kafka.serializers.subject.TopicNameStrategy

2023-10-16 10:32:46.027  WARN 11224 --- [main] o.a.k.clients.consumer.ConsumerConfig    : The configuration 'schema.registry.url' was supplied but isn't a known config.
2023-10-16 10:32:46.036  INFO 11224 --- [main] o.a.kafka.common.utils.AppInfoParser     : Kafka version: 3.1.2
2023-10-16 10:32:46.037  INFO 11224 --- [main] o.a.kafka.common.utils.AppInfoParser     : Kafka commitId: f8c67dc3ae0a3265
2023-10-16 10:32:46.037  INFO 11224 --- [main] o.a.kafka.common.utils.AppInfoParser     : Kafka startTimeMs: 1697445166031
2023-10-16 10:32:46.115  INFO 11224 --- [main] o.a.k.clients.consumer.KafkaConsumer     : [Consumer clientId=consumer-video-pcs-1, groupId=video-pcs] Subscribed to topic(s): videos
2023-10-16 10:32:46.168  INFO 11224 --- [main] o.s.b.w.embedded.tomcat.TomcatWebServer  : Tomcat started on port(s): 8084 (http) with context path ''
2023-10-16 10:32:46.236  INFO 11224 --- [main] com.hiberus.VideoPcsApplication          : Started VideoPcsApplication in 8.204 seconds (JVM running for 9.352)
2023-10-16 10:32:46.473  INFO 11224 --- [http-nio-8084-exec-1] o.a.c.c.C.[Tomcat].[localhost].[/]       : Initializing Spring DispatcherServlet 'dispatcherServlet'
2023-10-16 10:32:46.473  INFO 11224 --- [http-nio-8084-exec-1] o.s.web.servlet.DispatcherServlet        : Initializing Servlet 'dispatcherServlet'
2023-10-16 10:32:46.475  INFO 11224 --- [http-nio-8084-exec-1] o.s.web.servlet.DispatcherServlet        : Completed initialization in 2 ms
2023-10-16 10:32:47.417  WARN 11224 --- [org.springframework.kafka.KafkaListenerEndpointContainer#0-0-C-1] org.apache.kafka.clients.NetworkClient   : [Consumer clientId=consumer-video-pcs-1, groupId=video-pcs] Error while fetching metadata with correlation id 2 : {videos=LEADER_NOT_AVAILABLE}
2023-10-16 10:32:47.423  INFO 11224 --- [org.springframework.kafka.KafkaListenerEndpointContainer#0-0-C-1] org.apache.kafka.clients.Metadata        : [Consumer clientId=consumer-video-pcs-1, groupId=video-pcs] Cluster ID: 6PPc6K4vSlqt2VmmJgoeRQ
2023-10-16 10:32:47.573  WARN 11224 --- [org.springframework.kafka.KafkaListenerEndpointContainer#0-0-C-1] org.apache.kafka.clients.NetworkClient   : [Consumer clientId=consumer-video-pcs-1, groupId=video-pcs] Error while fetching metadata with correlation id 4 : {videos=LEADER_NOT_AVAILABLE}
2023-10-16 10:32:48.681  INFO 11224 --- [org.springframework.kafka.KafkaListenerEndpointContainer#0-0-C-1] o.a.k.c.c.internals.ConsumerCoordinator  : [Consumer clientId=consumer-video-pcs-1, groupId=video-pcs] Discovered group coordinator localhost:9092 (id: 2147483646 rack: null)
2023-10-16 10:32:48.689  INFO 11224 --- [org.springframework.kafka.KafkaListenerEndpointContainer#0-0-C-1] o.a.k.c.c.internals.ConsumerCoordinator  : [Consumer clientId=consumer-video-pcs-1, groupId=video-pcs] (Re-)joining group
2023-10-16 10:32:48.750  INFO 11224 --- [org.springframework.kafka.KafkaListenerEndpointContainer#0-0-C-1] o.a.k.c.c.internals.ConsumerCoordinator  : [Consumer clientId=consumer-video-pcs-1, groupId=video-pcs] Request joining group due to: need to re-join with the given member-id
2023-10-16 10:32:48.751  INFO 11224 --- [org.springframework.kafka.KafkaListenerEndpointContainer#0-0-C-1] o.a.k.c.c.internals.ConsumerCoordinator  : [Consumer clientId=consumer-video-pcs-1, groupId=video-pcs] (Re-)joining group
2023-10-16 10:32:48.790  INFO 11224 --- [org.springframework.kafka.KafkaListenerEndpointContainer#0-0-C-1] o.a.k.c.c.internals.ConsumerCoordinator  : [Consumer clientId=consumer-video-pcs-1, groupId=video-pcs] Successfully joined group with generation Generation{generationId=1, memberId='consumer-video-pcs-1-48596e17-eb62-4fdb-9f6c-b41a2ecabbd5', protocol='range'}
2023-10-16 10:32:48.795  INFO 11224 --- [org.springframework.kafka.KafkaListenerEndpointContainer#0-0-C-1] o.a.k.c.c.internals.ConsumerCoordinator  : [Consumer clientId=consumer-video-pcs-1, groupId=video-pcs] Finished assignment for group at generation 1: {consumer-video-pcs-1-48596e17-eb62-4fdb-9f6c-b41a2ecabbd5=Assignment(partitions=[videos-0])}
2023-10-16 10:32:48.824  INFO 11224 --- [org.springframework.kafka.KafkaListenerEndpointContainer#0-0-C-1] o.a.k.c.c.internals.ConsumerCoordinator  : [Consumer clientId=consumer-video-pcs-1, groupId=video-pcs] Successfully synced group in generation Generation{generationId=1, memberId='consumer-video-pcs-1-48596e17-eb62-4fdb-9f6c-b41a2ecabbd5', protocol='range'}
2023-10-16 10:32:48.826  INFO 11224 --- [org.springframework.kafka.KafkaListenerEndpointContainer#0-0-C-1] o.a.k.c.c.internals.ConsumerCoordinator  : [Consumer clientId=consumer-video-pcs-1, groupId=video-pcs] Notifying assignor about the new Assignment(partitions=[videos-0])
2023-10-16 10:32:48.836  INFO 11224 --- [org.springframework.kafka.KafkaListenerEndpointContainer#0-0-C-1] o.a.k.c.c.internals.ConsumerCoordinator  : [Consumer clientId=consumer-video-pcs-1, groupId=video-pcs] Adding newly assigned partitions: videos-0
2023-10-16 10:32:48.896  INFO 11224 --- [org.springframework.kafka.KafkaListenerEndpointContainer#0-0-C-1] o.a.k.c.c.internals.ConsumerCoordinator  : [Consumer clientId=consumer-video-pcs-1, groupId=video-pcs] Found no committed offset for partition videos-0
2023-10-16 10:32:48.926  INFO 11224 --- [org.springframework.kafka.KafkaListenerEndpointContainer#0-0-C-1] o.a.k.c.c.internals.SubscriptionState    : [Consumer clientId=consumer-video-pcs-1, groupId=video-pcs] Resetting offset for partition videos-0 to position FetchPosition{offset=0, offsetEpoch=Optional.empty, currentLeader=LeaderAndEpoch{leader=Optional[localhost:9092 (id: 1 rack: null)], epoch=0}}.
2023-10-16 10:32:48.936  INFO 11224 --- [org.springframework.kafka.KafkaListenerEndpointContainer#0-0-C-1] o.s.k.l.KafkaMessageListenerContainer    : video-pcs: partitions assigned: [videos-0]
2023-10-16 10:41:47.947  INFO 11224 --- [org.springframework.kafka.KafkaListenerEndpointContainer#0-0-C-1] org.apache.kafka.clients.NetworkClient   : [Consumer clientId=consumer-video-pcs-1, groupId=video-pcs] Node -1 disconnected.
2023-10-16 10:50:42.905  INFO 11224 --- [org.springframework.kafka.KafkaListenerEndpointContainer#0-0-C-1] o.a.k.c.c.internals.ConsumerCoordinator  : [Consumer clientId=consumer-video-pcs-1, groupId=video-pcs] Revoke previously assigned partitions videos-0
2023-10-16 10:50:42.919  INFO 11224 --- [org.springframework.kafka.KafkaListenerEndpointContainer#0-0-C-1] o.s.k.l.KafkaMessageListenerContainer    : video-pcs: partitions revoked: [videos-0]
2023-10-16 10:50:42.923  INFO 11224 --- [org.springframework.kafka.KafkaListenerEndpointContainer#0-0-C-1] o.a.k.c.c.internals.ConsumerCoordinator  : [Consumer clientId=consumer-video-pcs-1, groupId=video-pcs] Member consumer-video-pcs-1-48596e17-eb62-4fdb-9f6c-b41a2ecabbd5 sending LeaveGroup request to coordinator localhost:9092 (id: 2147483646 rack: null) due to the consumer unsubscribed from all topics
2023-10-16 10:50:42.928  INFO 11224 --- [org.springframework.kafka.KafkaListenerEndpointContainer#0-0-C-1] o.a.k.c.c.internals.ConsumerCoordinator  : [Consumer clientId=consumer-video-pcs-1, groupId=video-pcs] Resetting generation due to: consumer pro-actively leaving the group
2023-10-16 10:50:42.929  INFO 11224 --- [org.springframework.kafka.KafkaListenerEndpointContainer#0-0-C-1] o.a.k.c.c.internals.ConsumerCoordinator  : [Consumer clientId=consumer-video-pcs-1, groupId=video-pcs] Request joining group due to: consumer pro-actively leaving the group
2023-10-16 10:50:42.930  INFO 11224 --- [org.springframework.kafka.KafkaListenerEndpointContainer#0-0-C-1] o.a.k.clients.consumer.KafkaConsumer     : [Consumer clientId=consumer-video-pcs-1, groupId=video-pcs] Unsubscribed all topics or patterns and assigned partitions
2023-10-16 10:50:42.969  INFO 11224 --- [org.springframework.kafka.KafkaListenerEndpointContainer#0-0-C-1] o.a.k.c.c.internals.ConsumerCoordinator  : [Consumer clientId=consumer-video-pcs-1, groupId=video-pcs] Resetting generation due to: consumer pro-actively leaving the group
2023-10-16 10:50:42.970  INFO 11224 --- [org.springframework.kafka.KafkaListenerEndpointContainer#0-0-C-1] o.a.k.c.c.internals.ConsumerCoordinator  : [Consumer clientId=consumer-video-pcs-1, groupId=video-pcs] Request joining group due to: consumer pro-actively leaving the group
2023-10-16 10:50:43.072  INFO 11224 --- [org.springframework.kafka.KafkaListenerEndpointContainer#0-0-C-1] org.apache.kafka.common.metrics.Metrics  : Metrics scheduler closed
2023-10-16 10:50:43.072  INFO 11224 --- [org.springframework.kafka.KafkaListenerEndpointContainer#0-0-C-1] org.apache.kafka.common.metrics.Metrics  : Closing reporter org.apache.kafka.common.metrics.JmxReporter
2023-10-16 10:50:43.073  INFO 11224 --- [org.springframework.kafka.KafkaListenerEndpointContainer#0-0-C-1] org.apache.kafka.common.metrics.Metrics  : Metrics reporters closed
2023-10-16 10:50:43.085  INFO 11224 --- [org.springframework.kafka.KafkaListenerEndpointContainer#0-0-C-1] o.a.kafka.common.utils.AppInfoParser     : App info kafka.consumer for consumer-video-pcs-1 unregistered
2023-10-16 10:50:43.088  INFO 11224 --- [org.springframework.kafka.KafkaListenerEndpointContainer#0-0-C-1] o.s.k.l.KafkaMessageListenerContainer    : video-pcs: Consumer stopped
2023-10-16 10:50:43.100  INFO 11224 --- [SpringApplicationShutdownHook] o.s.i.endpoint.EventDrivenConsumer       : Removing {logging-channel-adapter:_org.springframework.integration.errorLogger} as a subscriber to the 'errorChannel' channel
2023-10-16 10:50:43.101  INFO 11224 --- [SpringApplicationShutdownHook] o.s.i.channel.PublishSubscribeChannel    : Channel 'video-pcs.errorChannel' has 0 subscriber(s).
2023-10-16 10:50:43.104  INFO 11224 --- [SpringApplicationShutdownHook] o.s.i.endpoint.EventDrivenConsumer       : stopped bean '_org.springframework.integration.errorLogger'
