2023-10-16 10:31:11.177  INFO 15380 --- [main] com.hiberus.CreatorProducerApplication   : Starting CreatorProducerApplication using Java 17.0.8 on HL-014830 with PID 15380 (C:\Users\jlsierra\University_Microservicios\yelteberus\creator-producer\target\classes started by jlsierra in C:\Users\jlsierra\University_Microservicios\yelteberus)
2023-10-16 10:31:11.186  INFO 15380 --- [main] com.hiberus.CreatorProducerApplication   : No active profile set, falling back to 1 default profile: "default"
2023-10-16 10:31:14.382  INFO 15380 --- [main] faultConfiguringBeanFactoryPostProcessor : No bean named 'errorChannel' has been explicitly defined. Therefore, a default PublishSubscribeChannel will be created.
2023-10-16 10:31:14.412  INFO 15380 --- [main] faultConfiguringBeanFactoryPostProcessor : No bean named 'integrationHeaderChannelRegistry' has been explicitly defined. Therefore, a default DefaultHeaderChannelRegistry will be created.
2023-10-16 10:31:14.680  INFO 15380 --- [main] o.s.cloud.context.scope.GenericScope     : BeanFactory id=b1e4f106-5fc1-3447-9e39-87b7cc310154
2023-10-16 10:31:15.783  INFO 15380 --- [main] o.s.b.w.embedded.tomcat.TomcatWebServer  : Tomcat initialized with port(s): 8082 (http)
2023-10-16 10:31:15.804  INFO 15380 --- [main] o.apache.catalina.core.StandardService   : Starting service [Tomcat]
2023-10-16 10:31:15.804  INFO 15380 --- [main] org.apache.catalina.core.StandardEngine  : Starting Servlet engine: [Apache Tomcat/9.0.80]
2023-10-16 10:31:16.165  INFO 15380 --- [main] o.a.c.c.C.[Tomcat].[localhost].[/]       : Initializing Spring embedded WebApplicationContext
2023-10-16 10:31:16.166  INFO 15380 --- [main] w.s.c.ServletWebServerApplicationContext : Root WebApplicationContext: initialization completed in 4852 ms
2023-10-16 10:31:19.184  INFO 15380 --- [main] c.f.c.c.BeanFactoryAwareFunctionRegistry : Looking up function '' with acceptedOutputTypes: []
2023-10-16 10:31:21.223  INFO 15380 --- [main] o.s.cloud.commons.util.InetUtils         : Cannot determine local hostname
2023-10-16 10:31:21.434  INFO 15380 --- [main] o.s.b.a.e.web.EndpointLinksResolver      : Exposing 21 endpoint(s) beneath base path '/actuator'
2023-10-16 10:31:21.618  INFO 15380 --- [main] o.s.i.endpoint.EventDrivenConsumer       : Adding {logging-channel-adapter:_org.springframework.integration.errorLogger} as a subscriber to the 'errorChannel' channel
2023-10-16 10:31:21.619  INFO 15380 --- [main] o.s.i.channel.PublishSubscribeChannel    : Channel 'creator-producer.errorChannel' has 1 subscriber(s).
2023-10-16 10:31:21.620  INFO 15380 --- [main] o.s.i.endpoint.EventDrivenConsumer       : started bean '_org.springframework.integration.errorLogger'
2023-10-16 10:31:21.681  INFO 15380 --- [main] o.s.b.w.embedded.tomcat.TomcatWebServer  : Tomcat started on port(s): 8082 (http) with context path ''
2023-10-16 10:31:21.988  INFO 15380 --- [http-nio-8082-exec-1] o.a.c.c.C.[Tomcat].[localhost].[/]       : Initializing Spring DispatcherServlet 'dispatcherServlet'
2023-10-16 10:31:21.989  INFO 15380 --- [http-nio-8082-exec-1] o.s.web.servlet.DispatcherServlet        : Initializing Servlet 'dispatcherServlet'
2023-10-16 10:31:21.993  INFO 15380 --- [http-nio-8082-exec-1] o.s.web.servlet.DispatcherServlet        : Completed initialization in 3 ms
2023-10-16 10:31:23.188  INFO 15380 --- [main] o.s.cloud.commons.util.InetUtils         : Cannot determine local hostname
2023-10-16 10:31:23.236  INFO 15380 --- [main] com.hiberus.CreatorProducerApplication   : Started CreatorProducerApplication in 16.129 seconds (JVM running for 18.262)
2023-10-16 10:47:29.066  INFO 15380 --- [http-nio-8082-exec-3] o.springdoc.api.AbstractOpenApiResource  : Init duration for springdoc-openapi is: 930 ms
2023-10-16 10:47:57.264 ERROR 15380 --- [http-nio-8082-exec-6] c.h.service.impl.CreatorServiceImpl      : [creatorProducer] Creator CREATOR-2939349 not valid
2023-10-16 10:47:57.738  INFO 15380 --- [http-nio-8082-exec-6] o.a.k.clients.producer.ProducerConfig    : ProducerConfig values: 
	acks = -1
	batch.size = 16384
	bootstrap.servers = [localhost:9092]
	buffer.memory = 33554432
	client.dns.lookup = use_all_dns_ips
	client.id = producer-1
	compression.type = none
	connections.max.idle.ms = 540000
	delivery.timeout.ms = 120000
	enable.idempotence = true
	interceptor.classes = []
	key.serializer = class io.confluent.kafka.serializers.KafkaAvroSerializer
	linger.ms = 0
	max.block.ms = 60000
	max.in.flight.requests.per.connection = 5
	max.request.size = 1048576
	metadata.max.age.ms = 300000
	metadata.max.idle.ms = 300000
	metric.reporters = []
	metrics.num.samples = 2
	metrics.recording.level = INFO
	metrics.sample.window.ms = 30000
	partitioner.class = class org.apache.kafka.clients.producer.internals.DefaultPartitioner
	receive.buffer.bytes = 32768
	reconnect.backoff.max.ms = 1000
	reconnect.backoff.ms = 50
	request.timeout.ms = 30000
	retries = 2147483647
	retry.backoff.ms = 100
	sasl.client.callback.handler.class = null
	sasl.jaas.config = null
	sasl.kerberos.kinit.cmd = /usr/bin/kinit
	sasl.kerberos.min.time.before.relogin = 60000
	sasl.kerberos.service.name = null
	sasl.kerberos.ticket.renew.jitter = 0.05
	sasl.kerberos.ticket.renew.window.factor = 0.8
	sasl.login.callback.handler.class = null
	sasl.login.class = null
	sasl.login.connect.timeout.ms = null
	sasl.login.read.timeout.ms = null
	sasl.login.refresh.buffer.seconds = 300
	sasl.login.refresh.min.period.seconds = 60
	sasl.login.refresh.window.factor = 0.8
	sasl.login.refresh.window.jitter = 0.05
	sasl.login.retry.backoff.max.ms = 10000
	sasl.login.retry.backoff.ms = 100
	sasl.mechanism = GSSAPI
	sasl.oauthbearer.clock.skew.seconds = 30
	sasl.oauthbearer.expected.audience = null
	sasl.oauthbearer.expected.issuer = null
	sasl.oauthbearer.jwks.endpoint.refresh.ms = 3600000
	sasl.oauthbearer.jwks.endpoint.retry.backoff.max.ms = 10000
	sasl.oauthbearer.jwks.endpoint.retry.backoff.ms = 100
	sasl.oauthbearer.jwks.endpoint.url = null
	sasl.oauthbearer.scope.claim.name = scope
	sasl.oauthbearer.sub.claim.name = sub
	sasl.oauthbearer.token.endpoint.url = null
	security.protocol = PLAINTEXT
	security.providers = null
	send.buffer.bytes = 131072
	socket.connection.setup.timeout.max.ms = 30000
	socket.connection.setup.timeout.ms = 10000
	ssl.cipher.suites = null
	ssl.enabled.protocols = [TLSv1.2, TLSv1.3]
	ssl.endpoint.identification.algorithm = https
	ssl.engine.factory.class = null
	ssl.key.password = null
	ssl.keymanager.algorithm = SunX509
	ssl.keystore.certificate.chain = null
	ssl.keystore.key = null
	ssl.keystore.location = null
	ssl.keystore.password = null
	ssl.keystore.type = JKS
	ssl.protocol = TLSv1.3
	ssl.provider = null
	ssl.secure.random.implementation = null
	ssl.trustmanager.algorithm = PKIX
	ssl.truststore.certificates = null
	ssl.truststore.location = null
	ssl.truststore.password = null
	ssl.truststore.type = JKS
	transaction.timeout.ms = 60000
	transactional.id = null
	value.serializer = class io.confluent.kafka.serializers.KafkaAvroSerializer

2023-10-16 10:47:57.886  INFO 15380 --- [http-nio-8082-exec-6] i.c.k.s.KafkaAvroSerializerConfig        : KafkaAvroSerializerConfig values: 
	bearer.auth.token = [hidden]
	proxy.port = -1
	schema.reflection = false
	auto.register.schemas = true
	max.schemas.per.subject = 1000
	basic.auth.credentials.source = URL
	value.subject.name.strategy = class io.confluent.kafka.serializers.subject.TopicNameStrategy
	schema.registry.url = [http://localhost:8081]
	basic.auth.user.info = [hidden]
	proxy.host = 
	schema.registry.basic.auth.user.info = [hidden]
	bearer.auth.credentials.source = STATIC_TOKEN
	key.subject.name.strategy = class io.confluent.kafka.serializers.subject.TopicNameStrategy

2023-10-16 10:47:58.186  INFO 15380 --- [http-nio-8082-exec-6] i.c.k.s.KafkaAvroSerializerConfig        : KafkaAvroSerializerConfig values: 
	bearer.auth.token = [hidden]
	proxy.port = -1
	schema.reflection = false
	auto.register.schemas = true
	max.schemas.per.subject = 1000
	basic.auth.credentials.source = URL
	value.subject.name.strategy = class io.confluent.kafka.serializers.subject.TopicNameStrategy
	schema.registry.url = [http://localhost:8081]
	basic.auth.user.info = [hidden]
	proxy.host = 
	schema.registry.basic.auth.user.info = [hidden]
	bearer.auth.credentials.source = STATIC_TOKEN
	key.subject.name.strategy = class io.confluent.kafka.serializers.subject.TopicNameStrategy

2023-10-16 10:47:58.286  INFO 15380 --- [http-nio-8082-exec-6] o.a.k.clients.producer.KafkaProducer     : [Producer clientId=producer-1] Instantiated an idempotent producer.
2023-10-16 10:47:58.386  INFO 15380 --- [http-nio-8082-exec-6] o.a.kafka.common.utils.AppInfoParser     : Kafka version: 3.1.2
2023-10-16 10:47:58.386  INFO 15380 --- [http-nio-8082-exec-6] o.a.kafka.common.utils.AppInfoParser     : Kafka commitId: f8c67dc3ae0a3265
2023-10-16 10:47:58.386  INFO 15380 --- [http-nio-8082-exec-6] o.a.kafka.common.utils.AppInfoParser     : Kafka startTimeMs: 1697446078386
2023-10-16 10:48:00.884  WARN 15380 --- [kafka-producer-network-thread | producer-1] org.apache.kafka.clients.NetworkClient   : [Producer clientId=producer-1] Error while fetching metadata with correlation id 1 : {creators-dlq=LEADER_NOT_AVAILABLE}
2023-10-16 10:48:00.884  INFO 15380 --- [kafka-producer-network-thread | producer-1] org.apache.kafka.clients.Metadata        : [Producer clientId=producer-1] Cluster ID: 6PPc6K4vSlqt2VmmJgoeRQ
2023-10-16 10:48:00.907  INFO 15380 --- [kafka-producer-network-thread | producer-1] o.a.k.c.p.internals.TransactionManager   : [Producer clientId=producer-1] ProducerId set to 3 with epoch 0
2023-10-16 10:50:43.066  INFO 15380 --- [SpringApplicationShutdownHook] o.s.i.endpoint.EventDrivenConsumer       : Removing {logging-channel-adapter:_org.springframework.integration.errorLogger} as a subscriber to the 'errorChannel' channel
2023-10-16 10:50:43.068  INFO 15380 --- [SpringApplicationShutdownHook] o.s.i.channel.PublishSubscribeChannel    : Channel 'creator-producer.errorChannel' has 0 subscriber(s).
2023-10-16 10:50:43.071  INFO 15380 --- [SpringApplicationShutdownHook] o.s.i.endpoint.EventDrivenConsumer       : stopped bean '_org.springframework.integration.errorLogger'
2023-10-16 10:50:43.084  INFO 15380 --- [SpringApplicationShutdownHook] o.a.k.clients.producer.KafkaProducer     : [Producer clientId=producer-1] Closing the Kafka producer with timeoutMillis = 30000 ms.
2023-10-16 10:50:43.096  INFO 15380 --- [SpringApplicationShutdownHook] org.apache.kafka.common.metrics.Metrics  : Metrics scheduler closed
2023-10-16 10:50:43.097  INFO 15380 --- [SpringApplicationShutdownHook] org.apache.kafka.common.metrics.Metrics  : Closing reporter org.apache.kafka.common.metrics.JmxReporter
2023-10-16 10:50:43.098  INFO 15380 --- [SpringApplicationShutdownHook] org.apache.kafka.common.metrics.Metrics  : Metrics reporters closed
2023-10-16 10:50:43.100  INFO 15380 --- [SpringApplicationShutdownHook] o.a.kafka.common.utils.AppInfoParser     : App info kafka.producer for producer-1 unregistered
