2023-10-16 10:34:15.056  INFO 21272 --- [main] c.h.CreatorVideoConsumerApplication      : Starting CreatorVideoConsumerApplication using Java 17.0.8 on HL-014830 with PID 21272 (C:\Users\jlsierra\University_Microservicios\yelteberus\creator-video-consumer\target\classes started by jlsierra in C:\Users\jlsierra\University_Microservicios\yelteberus)
2023-10-16 10:34:15.063  INFO 21272 --- [main] c.h.CreatorVideoConsumerApplication      : No active profile set, falling back to 1 default profile: "default"
2023-10-16 10:34:17.984  INFO 21272 --- [main] .s.d.r.c.RepositoryConfigurationDelegate : Bootstrapping Spring Data JPA repositories in DEFAULT mode.
2023-10-16 10:34:18.373  INFO 21272 --- [main] .s.d.r.c.RepositoryConfigurationDelegate : Finished Spring Data repository scanning in 349 ms. Found 1 JPA repository interfaces.
2023-10-16 10:34:18.693  INFO 21272 --- [main] faultConfiguringBeanFactoryPostProcessor : No bean named 'errorChannel' has been explicitly defined. Therefore, a default PublishSubscribeChannel will be created.
2023-10-16 10:34:18.729  INFO 21272 --- [main] faultConfiguringBeanFactoryPostProcessor : No bean named 'integrationHeaderChannelRegistry' has been explicitly defined. Therefore, a default DefaultHeaderChannelRegistry will be created.
2023-10-16 10:34:20.291  INFO 21272 --- [main] o.s.b.w.embedded.tomcat.TomcatWebServer  : Tomcat initialized with port(s): 8087 (http)
2023-10-16 10:34:20.318  INFO 21272 --- [main] o.apache.catalina.core.StandardService   : Starting service [Tomcat]
2023-10-16 10:34:20.319  INFO 21272 --- [main] org.apache.catalina.core.StandardEngine  : Starting Servlet engine: [Apache Tomcat/9.0.80]
2023-10-16 10:34:20.670  INFO 21272 --- [main] o.a.c.c.C.[Tomcat].[localhost].[/]       : Initializing Spring embedded WebApplicationContext
2023-10-16 10:34:20.671  INFO 21272 --- [main] w.s.c.ServletWebServerApplicationContext : Root WebApplicationContext: initialization completed in 5475 ms
2023-10-16 10:34:21.291  INFO 21272 --- [main] o.hibernate.jpa.internal.util.LogHelper  : HHH000204: Processing PersistenceUnitInfo [name: default]
2023-10-16 10:34:21.420  INFO 21272 --- [main] org.hibernate.Version                    : HHH000412: Hibernate ORM core version 5.6.15.Final
2023-10-16 10:34:21.798  INFO 21272 --- [main] o.hibernate.annotations.common.Version   : HCANN000001: Hibernate Commons Annotations {5.1.2.Final}
2023-10-16 10:34:22.023  INFO 21272 --- [main] com.zaxxer.hikari.HikariDataSource       : HikariPool-1 - Starting...
2023-10-16 10:34:22.378  INFO 21272 --- [main] com.zaxxer.hikari.HikariDataSource       : HikariPool-1 - Start completed.
2023-10-16 10:34:22.413  INFO 21272 --- [main] org.hibernate.dialect.Dialect            : HHH000400: Using dialect: org.hibernate.dialect.PostgreSQLDialect
2023-10-16 10:34:24.086  INFO 21272 --- [main] o.h.e.t.j.p.i.JtaPlatformInitiator       : HHH000490: Using JtaPlatform implementation: [org.hibernate.engine.transaction.jta.platform.internal.NoJtaPlatform]
2023-10-16 10:34:24.105  INFO 21272 --- [main] j.LocalContainerEntityManagerFactoryBean : Initialized JPA EntityManagerFactory for persistence unit 'default'
2023-10-16 10:34:24.957  WARN 21272 --- [main] JpaBaseConfiguration$JpaWebConfiguration : spring.jpa.open-in-view is enabled by default. Therefore, database queries may be performed during view rendering. Explicitly configure spring.jpa.open-in-view to disable this warning
2023-10-16 10:34:26.149  INFO 21272 --- [main] c.f.c.c.BeanFactoryAwareFunctionRegistry : Looking up function '' with acceptedOutputTypes: []
2023-10-16 10:34:26.709  INFO 21272 --- [main] i.c.k.s.KafkaAvroSerializerConfig        : KafkaAvroSerializerConfig values: 
	bearer.auth.token = [hidden]
	proxy.port = -1
	schema.reflection = false
	auto.register.schemas = true
	max.schemas.per.subject = 1000
	basic.auth.credentials.source = URL
	value.subject.name.strategy = class io.confluent.kafka.serializers.subject.TopicNameStrategy
	schema.registry.url = [http://localhost:8081]
	basic.auth.user.info = [hidden]
	proxy.host = 
	schema.registry.basic.auth.user.info = [hidden]
	bearer.auth.credentials.source = STATIC_TOKEN
	key.subject.name.strategy = class io.confluent.kafka.serializers.subject.TopicNameStrategy

2023-10-16 10:34:26.738  INFO 21272 --- [main] i.c.k.s.KafkaAvroDeserializerConfig      : KafkaAvroDeserializerConfig values: 
	bearer.auth.token = [hidden]
	proxy.port = -1
	schema.reflection = false
	auto.register.schemas = true
	max.schemas.per.subject = 1000
	basic.auth.credentials.source = URL
	specific.avro.reader = true
	value.subject.name.strategy = class io.confluent.kafka.serializers.subject.TopicNameStrategy
	schema.registry.url = [http://localhost:8081]
	basic.auth.user.info = [hidden]
	proxy.host = 
	schema.registry.basic.auth.user.info = [hidden]
	bearer.auth.credentials.source = STATIC_TOKEN
	key.subject.name.strategy = class io.confluent.kafka.serializers.subject.TopicNameStrategy

2023-10-16 10:34:26.739  INFO 21272 --- [main] .c.s.b.k.s.KafkaStreamsFunctionProcessor : Key Serde used for process-in-0: io.confluent.kafka.streams.serdes.avro.SpecificAvroSerde
2023-10-16 10:34:26.740  INFO 21272 --- [main] i.c.k.s.KafkaAvroSerializerConfig        : KafkaAvroSerializerConfig values: 
	bearer.auth.token = [hidden]
	proxy.port = -1
	schema.reflection = false
	auto.register.schemas = true
	max.schemas.per.subject = 1000
	basic.auth.credentials.source = URL
	value.subject.name.strategy = class io.confluent.kafka.serializers.subject.TopicNameStrategy
	schema.registry.url = [http://localhost:8081]
	basic.auth.user.info = [hidden]
	proxy.host = 
	schema.registry.basic.auth.user.info = [hidden]
	bearer.auth.credentials.source = STATIC_TOKEN
	key.subject.name.strategy = class io.confluent.kafka.serializers.subject.TopicNameStrategy

2023-10-16 10:34:26.741  INFO 21272 --- [main] i.c.k.s.KafkaAvroDeserializerConfig      : KafkaAvroDeserializerConfig values: 
	bearer.auth.token = [hidden]
	proxy.port = -1
	schema.reflection = false
	auto.register.schemas = true
	max.schemas.per.subject = 1000
	basic.auth.credentials.source = URL
	specific.avro.reader = true
	value.subject.name.strategy = class io.confluent.kafka.serializers.subject.TopicNameStrategy
	schema.registry.url = [http://localhost:8081]
	basic.auth.user.info = [hidden]
	proxy.host = 
	schema.registry.basic.auth.user.info = [hidden]
	bearer.auth.credentials.source = STATIC_TOKEN
	key.subject.name.strategy = class io.confluent.kafka.serializers.subject.TopicNameStrategy

2023-10-16 10:34:26.741  INFO 21272 --- [main] .c.s.b.k.s.KafkaStreamsFunctionProcessor : Value Serde used for process-in-0: io.confluent.kafka.streams.serdes.avro.SpecificAvroSerde
2023-10-16 10:34:26.752  INFO 21272 --- [main] .k.s.AbstractKafkaStreamsBinderProcessor : Native decoding is enabled for process-in-0. Inbound deserialization done at the broker.
2023-10-16 10:34:26.770  INFO 21272 --- [main] o.s.b.a.e.web.EndpointLinksResolver      : Exposing 19 endpoint(s) beneath base path '/actuator'
2023-10-16 10:34:26.984  INFO 21272 --- [main] o.s.i.endpoint.EventDrivenConsumer       : Adding {logging-channel-adapter:_org.springframework.integration.errorLogger} as a subscriber to the 'errorChannel' channel
2023-10-16 10:34:26.986  INFO 21272 --- [main] o.s.i.channel.PublishSubscribeChannel    : Channel 'creator-video-consumer.errorChannel' has 1 subscriber(s).
2023-10-16 10:34:26.987  INFO 21272 --- [main] o.s.i.endpoint.EventDrivenConsumer       : started bean '_org.springframework.integration.errorLogger'
2023-10-16 10:34:27.806  INFO 21272 --- [main] o.a.k.clients.admin.AdminClientConfig    : AdminClientConfig values: 
	bootstrap.servers = [localhost:9092]
	client.dns.lookup = use_all_dns_ips
	client.id = 
	connections.max.idle.ms = 300000
	default.api.timeout.ms = 60000
	metadata.max.age.ms = 300000
	metric.reporters = []
	metrics.num.samples = 2
	metrics.recording.level = INFO
	metrics.sample.window.ms = 30000
	receive.buffer.bytes = 65536
	reconnect.backoff.max.ms = 1000
	reconnect.backoff.ms = 50
	request.timeout.ms = 30000
	retries = 2147483647
	retry.backoff.ms = 100
	sasl.client.callback.handler.class = null
	sasl.jaas.config = null
	sasl.kerberos.kinit.cmd = /usr/bin/kinit
	sasl.kerberos.min.time.before.relogin = 60000
	sasl.kerberos.service.name = null
	sasl.kerberos.ticket.renew.jitter = 0.05
	sasl.kerberos.ticket.renew.window.factor = 0.8
	sasl.login.callback.handler.class = null
	sasl.login.class = null
	sasl.login.connect.timeout.ms = null
	sasl.login.read.timeout.ms = null
	sasl.login.refresh.buffer.seconds = 300
	sasl.login.refresh.min.period.seconds = 60
	sasl.login.refresh.window.factor = 0.8
	sasl.login.refresh.window.jitter = 0.05
	sasl.login.retry.backoff.max.ms = 10000
	sasl.login.retry.backoff.ms = 100
	sasl.mechanism = GSSAPI
	sasl.oauthbearer.clock.skew.seconds = 30
	sasl.oauthbearer.expected.audience = null
	sasl.oauthbearer.expected.issuer = null
	sasl.oauthbearer.jwks.endpoint.refresh.ms = 3600000
	sasl.oauthbearer.jwks.endpoint.retry.backoff.max.ms = 10000
	sasl.oauthbearer.jwks.endpoint.retry.backoff.ms = 100
	sasl.oauthbearer.jwks.endpoint.url = null
	sasl.oauthbearer.scope.claim.name = scope
	sasl.oauthbearer.sub.claim.name = sub
	sasl.oauthbearer.token.endpoint.url = null
	security.protocol = PLAINTEXT
	security.providers = null
	send.buffer.bytes = 131072
	socket.connection.setup.timeout.max.ms = 30000
	socket.connection.setup.timeout.ms = 10000
	ssl.cipher.suites = null
	ssl.enabled.protocols = [TLSv1.2, TLSv1.3]
	ssl.endpoint.identification.algorithm = https
	ssl.engine.factory.class = null
	ssl.key.password = null
	ssl.keymanager.algorithm = SunX509
	ssl.keystore.certificate.chain = null
	ssl.keystore.key = null
	ssl.keystore.location = null
	ssl.keystore.password = null
	ssl.keystore.type = JKS
	ssl.protocol = TLSv1.3
	ssl.provider = null
	ssl.secure.random.implementation = null
	ssl.trustmanager.algorithm = PKIX
	ssl.truststore.certificates = null
	ssl.truststore.location = null
	ssl.truststore.password = null
	ssl.truststore.type = JKS

2023-10-16 10:34:27.995  INFO 21272 --- [main] o.a.kafka.common.utils.AppInfoParser     : Kafka version: 3.1.2
2023-10-16 10:34:27.996  INFO 21272 --- [main] o.a.kafka.common.utils.AppInfoParser     : Kafka commitId: f8c67dc3ae0a3265
2023-10-16 10:34:27.996  INFO 21272 --- [main] o.a.kafka.common.utils.AppInfoParser     : Kafka startTimeMs: 1697445267990
2023-10-16 10:34:29.017  INFO 21272 --- [kafka-admin-client-thread | adminclient-1] o.a.kafka.common.utils.AppInfoParser     : App info kafka.admin.client for adminclient-1 unregistered
2023-10-16 10:34:29.038  INFO 21272 --- [kafka-admin-client-thread | adminclient-1] org.apache.kafka.common.metrics.Metrics  : Metrics scheduler closed
2023-10-16 10:34:29.039  INFO 21272 --- [kafka-admin-client-thread | adminclient-1] org.apache.kafka.common.metrics.Metrics  : Closing reporter org.apache.kafka.common.metrics.JmxReporter
2023-10-16 10:34:29.040  INFO 21272 --- [kafka-admin-client-thread | adminclient-1] org.apache.kafka.common.metrics.Metrics  : Metrics reporters closed
2023-10-16 10:34:29.074  INFO 21272 --- [main] org.apache.kafka.streams.StreamsConfig   : StreamsConfig values: 
	acceptable.recovery.lag = 10000
	application.id = creator-video-consumer
	application.server = 
	bootstrap.servers = [localhost:9092]
	buffered.records.per.partition = 1000
	built.in.metrics.version = latest
	cache.max.bytes.buffering = 10485760
	client.id = 
	commit.interval.ms = 100
	connections.max.idle.ms = 540000
	default.deserialization.exception.handler = class org.apache.kafka.streams.errors.LogAndFailExceptionHandler
	default.key.serde = class io.confluent.kafka.streams.serdes.avro.SpecificAvroSerde
	default.list.key.serde.inner = null
	default.list.key.serde.type = null
	default.list.value.serde.inner = null
	default.list.value.serde.type = null
	default.production.exception.handler = class org.apache.kafka.streams.errors.DefaultProductionExceptionHandler
	default.timestamp.extractor = class org.apache.kafka.streams.processor.FailOnInvalidTimestamp
	default.value.serde = class io.confluent.kafka.streams.serdes.avro.SpecificAvroSerde
	max.task.idle.ms = 0
	max.warmup.replicas = 2
	metadata.max.age.ms = 300000
	metric.reporters = []
	metrics.num.samples = 2
	metrics.recording.level = INFO
	metrics.sample.window.ms = 30000
	num.standby.replicas = 0
	num.stream.threads = 1
	poll.ms = 100
	probing.rebalance.interval.ms = 600000
	processing.guarantee = at_least_once
	receive.buffer.bytes = 32768
	reconnect.backoff.max.ms = 1000
	reconnect.backoff.ms = 50
	replication.factor = -1
	request.timeout.ms = 40000
	retries = 0
	retry.backoff.ms = 100
	rocksdb.config.setter = null
	security.protocol = PLAINTEXT
	send.buffer.bytes = 131072
	state.cleanup.delay.ms = 600000
	state.dir = C:\Users\jlsierra\AppData\Local\Temp\\kafka-streams
	task.timeout.ms = 300000
	topology.optimization = none
	upgrade.from = null
	window.size.ms = null
	windowed.inner.class.serde = null
	windowstore.changelog.additional.retention.ms = 86400000

2023-10-16 10:34:29.104  INFO 21272 --- [main] o.a.k.clients.admin.AdminClientConfig    : AdminClientConfig values: 
	bootstrap.servers = [localhost:9092]
	client.dns.lookup = use_all_dns_ips
	client.id = creator-video-consumer-1709adae-d0be-4366-95c6-ccf23e9d0545-admin
	connections.max.idle.ms = 300000
	default.api.timeout.ms = 60000
	metadata.max.age.ms = 300000
	metric.reporters = []
	metrics.num.samples = 2
	metrics.recording.level = INFO
	metrics.sample.window.ms = 30000
	receive.buffer.bytes = 65536
	reconnect.backoff.max.ms = 1000
	reconnect.backoff.ms = 50
	request.timeout.ms = 30000
	retries = 2147483647
	retry.backoff.ms = 100
	sasl.client.callback.handler.class = null
	sasl.jaas.config = null
	sasl.kerberos.kinit.cmd = /usr/bin/kinit
	sasl.kerberos.min.time.before.relogin = 60000
	sasl.kerberos.service.name = null
	sasl.kerberos.ticket.renew.jitter = 0.05
	sasl.kerberos.ticket.renew.window.factor = 0.8
	sasl.login.callback.handler.class = null
	sasl.login.class = null
	sasl.login.connect.timeout.ms = null
	sasl.login.read.timeout.ms = null
	sasl.login.refresh.buffer.seconds = 300
	sasl.login.refresh.min.period.seconds = 60
	sasl.login.refresh.window.factor = 0.8
	sasl.login.refresh.window.jitter = 0.05
	sasl.login.retry.backoff.max.ms = 10000
	sasl.login.retry.backoff.ms = 100
	sasl.mechanism = GSSAPI
	sasl.oauthbearer.clock.skew.seconds = 30
	sasl.oauthbearer.expected.audience = null
	sasl.oauthbearer.expected.issuer = null
	sasl.oauthbearer.jwks.endpoint.refresh.ms = 3600000
	sasl.oauthbearer.jwks.endpoint.retry.backoff.max.ms = 10000
	sasl.oauthbearer.jwks.endpoint.retry.backoff.ms = 100
	sasl.oauthbearer.jwks.endpoint.url = null
	sasl.oauthbearer.scope.claim.name = scope
	sasl.oauthbearer.sub.claim.name = sub
	sasl.oauthbearer.token.endpoint.url = null
	security.protocol = PLAINTEXT
	security.providers = null
	send.buffer.bytes = 131072
	socket.connection.setup.timeout.max.ms = 30000
	socket.connection.setup.timeout.ms = 10000
	ssl.cipher.suites = null
	ssl.enabled.protocols = [TLSv1.2, TLSv1.3]
	ssl.endpoint.identification.algorithm = https
	ssl.engine.factory.class = null
	ssl.key.password = null
	ssl.keymanager.algorithm = SunX509
	ssl.keystore.certificate.chain = null
	ssl.keystore.key = null
	ssl.keystore.location = null
	ssl.keystore.password = null
	ssl.keystore.type = JKS
	ssl.protocol = TLSv1.3
	ssl.provider = null
	ssl.secure.random.implementation = null
	ssl.trustmanager.algorithm = PKIX
	ssl.truststore.certificates = null
	ssl.truststore.location = null
	ssl.truststore.password = null
	ssl.truststore.type = JKS

2023-10-16 10:34:29.120  WARN 21272 --- [main] o.a.k.clients.admin.AdminClientConfig    : The configuration 'schema.registry.url' was supplied but isn't a known config.
2023-10-16 10:34:29.120  WARN 21272 --- [main] o.a.k.clients.admin.AdminClientConfig    : The configuration 'auto.register.schemas' was supplied but isn't a known config.
2023-10-16 10:34:29.121  INFO 21272 --- [main] o.a.kafka.common.utils.AppInfoParser     : Kafka version: 3.1.2
2023-10-16 10:34:29.122  INFO 21272 --- [main] o.a.kafka.common.utils.AppInfoParser     : Kafka commitId: f8c67dc3ae0a3265
2023-10-16 10:34:29.122  INFO 21272 --- [main] o.a.kafka.common.utils.AppInfoParser     : Kafka startTimeMs: 1697445269121
2023-10-16 10:34:29.126  INFO 21272 --- [main] org.apache.kafka.streams.KafkaStreams    : stream-client [creator-video-consumer-1709adae-d0be-4366-95c6-ccf23e9d0545] Kafka Streams version: 3.1.2
2023-10-16 10:34:29.127  INFO 21272 --- [main] org.apache.kafka.streams.KafkaStreams    : stream-client [creator-video-consumer-1709adae-d0be-4366-95c6-ccf23e9d0545] Kafka Streams commit ID: f8c67dc3ae0a3265
2023-10-16 10:34:29.150  INFO 21272 --- [main] o.a.k.s.p.internals.StreamThread         : stream-thread [creator-video-consumer-1709adae-d0be-4366-95c6-ccf23e9d0545-StreamThread-1] Creating restore consumer client
2023-10-16 10:34:29.160  INFO 21272 --- [main] o.a.k.clients.consumer.ConsumerConfig    : ConsumerConfig values: 
	allow.auto.create.topics = true
	auto.commit.interval.ms = 5000
	auto.offset.reset = none
	bootstrap.servers = [localhost:9092]
	check.crcs = true
	client.dns.lookup = use_all_dns_ips
	client.id = creator-video-consumer-1709adae-d0be-4366-95c6-ccf23e9d0545-StreamThread-1-restore-consumer
	client.rack = 
	connections.max.idle.ms = 540000
	default.api.timeout.ms = 60000
	enable.auto.commit = false
	exclude.internal.topics = true
	fetch.max.bytes = 52428800
	fetch.max.wait.ms = 500
	fetch.min.bytes = 1
	group.id = null
	group.instance.id = null
	heartbeat.interval.ms = 3000
	interceptor.classes = []
	internal.leave.group.on.close = false
	internal.throw.on.fetch.stable.offset.unsupported = false
	isolation.level = read_uncommitted
	key.deserializer = class org.apache.kafka.common.serialization.ByteArrayDeserializer
	max.partition.fetch.bytes = 1048576
	max.poll.interval.ms = 300000
	max.poll.records = 1000
	metadata.max.age.ms = 300000
	metric.reporters = []
	metrics.num.samples = 2
	metrics.recording.level = INFO
	metrics.sample.window.ms = 30000
	partition.assignment.strategy = [class org.apache.kafka.clients.consumer.RangeAssignor, class org.apache.kafka.clients.consumer.CooperativeStickyAssignor]
	receive.buffer.bytes = 65536
	reconnect.backoff.max.ms = 1000
	reconnect.backoff.ms = 50
	request.timeout.ms = 30000
	retry.backoff.ms = 100
	sasl.client.callback.handler.class = null
	sasl.jaas.config = null
	sasl.kerberos.kinit.cmd = /usr/bin/kinit
	sasl.kerberos.min.time.before.relogin = 60000
	sasl.kerberos.service.name = null
	sasl.kerberos.ticket.renew.jitter = 0.05
	sasl.kerberos.ticket.renew.window.factor = 0.8
	sasl.login.callback.handler.class = null
	sasl.login.class = null
	sasl.login.connect.timeout.ms = null
	sasl.login.read.timeout.ms = null
	sasl.login.refresh.buffer.seconds = 300
	sasl.login.refresh.min.period.seconds = 60
	sasl.login.refresh.window.factor = 0.8
	sasl.login.refresh.window.jitter = 0.05
	sasl.login.retry.backoff.max.ms = 10000
	sasl.login.retry.backoff.ms = 100
	sasl.mechanism = GSSAPI
	sasl.oauthbearer.clock.skew.seconds = 30
	sasl.oauthbearer.expected.audience = null
	sasl.oauthbearer.expected.issuer = null
	sasl.oauthbearer.jwks.endpoint.refresh.ms = 3600000
	sasl.oauthbearer.jwks.endpoint.retry.backoff.max.ms = 10000
	sasl.oauthbearer.jwks.endpoint.retry.backoff.ms = 100
	sasl.oauthbearer.jwks.endpoint.url = null
	sasl.oauthbearer.scope.claim.name = scope
	sasl.oauthbearer.sub.claim.name = sub
	sasl.oauthbearer.token.endpoint.url = null
	security.protocol = PLAINTEXT
	security.providers = null
	send.buffer.bytes = 131072
	session.timeout.ms = 10000
	socket.connection.setup.timeout.max.ms = 30000
	socket.connection.setup.timeout.ms = 10000
	ssl.cipher.suites = null
	ssl.enabled.protocols = [TLSv1.2, TLSv1.3]
	ssl.endpoint.identification.algorithm = https
	ssl.engine.factory.class = null
	ssl.key.password = null
	ssl.keymanager.algorithm = SunX509
	ssl.keystore.certificate.chain = null
	ssl.keystore.key = null
	ssl.keystore.location = null
	ssl.keystore.password = null
	ssl.keystore.type = JKS
	ssl.protocol = TLSv1.3
	ssl.provider = null
	ssl.secure.random.implementation = null
	ssl.trustmanager.algorithm = PKIX
	ssl.truststore.certificates = null
	ssl.truststore.location = null
	ssl.truststore.password = null
	ssl.truststore.type = JKS
	value.deserializer = class org.apache.kafka.common.serialization.ByteArrayDeserializer

2023-10-16 10:34:29.218  WARN 21272 --- [main] o.a.k.clients.consumer.ConsumerConfig    : The configuration 'schema.registry.url' was supplied but isn't a known config.
2023-10-16 10:34:29.218  WARN 21272 --- [main] o.a.k.clients.consumer.ConsumerConfig    : The configuration 'auto.register.schemas' was supplied but isn't a known config.
2023-10-16 10:34:29.219  INFO 21272 --- [main] o.a.kafka.common.utils.AppInfoParser     : Kafka version: 3.1.2
2023-10-16 10:34:29.219  INFO 21272 --- [main] o.a.kafka.common.utils.AppInfoParser     : Kafka commitId: f8c67dc3ae0a3265
2023-10-16 10:34:29.220  INFO 21272 --- [main] o.a.kafka.common.utils.AppInfoParser     : Kafka startTimeMs: 1697445269219
2023-10-16 10:34:29.242  INFO 21272 --- [main] o.a.k.s.p.internals.StreamThread         : stream-thread [creator-video-consumer-1709adae-d0be-4366-95c6-ccf23e9d0545-StreamThread-1] Creating thread producer client
2023-10-16 10:34:29.257  INFO 21272 --- [main] o.a.k.clients.producer.ProducerConfig    : ProducerConfig values: 
	acks = -1
	batch.size = 16384
	bootstrap.servers = [localhost:9092]
	buffer.memory = 33554432
	client.dns.lookup = use_all_dns_ips
	client.id = creator-video-consumer-1709adae-d0be-4366-95c6-ccf23e9d0545-StreamThread-1-producer
	compression.type = none
	connections.max.idle.ms = 540000
	delivery.timeout.ms = 120000
	enable.idempotence = true
	interceptor.classes = []
	key.serializer = class org.apache.kafka.common.serialization.ByteArraySerializer
	linger.ms = 100
	max.block.ms = 60000
	max.in.flight.requests.per.connection = 5
	max.request.size = 1048576
	metadata.max.age.ms = 300000
	metadata.max.idle.ms = 300000
	metric.reporters = []
	metrics.num.samples = 2
	metrics.recording.level = INFO
	metrics.sample.window.ms = 30000
	partitioner.class = class org.apache.kafka.clients.producer.internals.DefaultPartitioner
	receive.buffer.bytes = 32768
	reconnect.backoff.max.ms = 1000
	reconnect.backoff.ms = 50
	request.timeout.ms = 30000
	retries = 2147483647
	retry.backoff.ms = 100
	sasl.client.callback.handler.class = null
	sasl.jaas.config = null
	sasl.kerberos.kinit.cmd = /usr/bin/kinit
	sasl.kerberos.min.time.before.relogin = 60000
	sasl.kerberos.service.name = null
	sasl.kerberos.ticket.renew.jitter = 0.05
	sasl.kerberos.ticket.renew.window.factor = 0.8
	sasl.login.callback.handler.class = null
	sasl.login.class = null
	sasl.login.connect.timeout.ms = null
	sasl.login.read.timeout.ms = null
	sasl.login.refresh.buffer.seconds = 300
	sasl.login.refresh.min.period.seconds = 60
	sasl.login.refresh.window.factor = 0.8
	sasl.login.refresh.window.jitter = 0.05
	sasl.login.retry.backoff.max.ms = 10000
	sasl.login.retry.backoff.ms = 100
	sasl.mechanism = GSSAPI
	sasl.oauthbearer.clock.skew.seconds = 30
	sasl.oauthbearer.expected.audience = null
	sasl.oauthbearer.expected.issuer = null
	sasl.oauthbearer.jwks.endpoint.refresh.ms = 3600000
	sasl.oauthbearer.jwks.endpoint.retry.backoff.max.ms = 10000
	sasl.oauthbearer.jwks.endpoint.retry.backoff.ms = 100
	sasl.oauthbearer.jwks.endpoint.url = null
	sasl.oauthbearer.scope.claim.name = scope
	sasl.oauthbearer.sub.claim.name = sub
	sasl.oauthbearer.token.endpoint.url = null
	security.protocol = PLAINTEXT
	security.providers = null
	send.buffer.bytes = 131072
	socket.connection.setup.timeout.max.ms = 30000
	socket.connection.setup.timeout.ms = 10000
	ssl.cipher.suites = null
	ssl.enabled.protocols = [TLSv1.2, TLSv1.3]
	ssl.endpoint.identification.algorithm = https
	ssl.engine.factory.class = null
	ssl.key.password = null
	ssl.keymanager.algorithm = SunX509
	ssl.keystore.certificate.chain = null
	ssl.keystore.key = null
	ssl.keystore.location = null
	ssl.keystore.password = null
	ssl.keystore.type = JKS
	ssl.protocol = TLSv1.3
	ssl.provider = null
	ssl.secure.random.implementation = null
	ssl.trustmanager.algorithm = PKIX
	ssl.truststore.certificates = null
	ssl.truststore.location = null
	ssl.truststore.password = null
	ssl.truststore.type = JKS
	transaction.timeout.ms = 60000
	transactional.id = null
	value.serializer = class org.apache.kafka.common.serialization.ByteArraySerializer

2023-10-16 10:34:29.293  INFO 21272 --- [main] o.a.k.clients.producer.KafkaProducer     : [Producer clientId=creator-video-consumer-1709adae-d0be-4366-95c6-ccf23e9d0545-StreamThread-1-producer] Instantiated an idempotent producer.
2023-10-16 10:34:29.339  WARN 21272 --- [main] o.a.k.clients.producer.ProducerConfig    : The configuration 'schema.registry.url' was supplied but isn't a known config.
2023-10-16 10:34:29.339  WARN 21272 --- [main] o.a.k.clients.producer.ProducerConfig    : The configuration 'auto.register.schemas' was supplied but isn't a known config.
2023-10-16 10:34:29.340  INFO 21272 --- [main] o.a.kafka.common.utils.AppInfoParser     : Kafka version: 3.1.2
2023-10-16 10:34:29.340  INFO 21272 --- [main] o.a.kafka.common.utils.AppInfoParser     : Kafka commitId: f8c67dc3ae0a3265
2023-10-16 10:34:29.340  INFO 21272 --- [main] o.a.kafka.common.utils.AppInfoParser     : Kafka startTimeMs: 1697445269340
2023-10-16 10:34:29.354  INFO 21272 --- [main] o.a.k.s.p.internals.StreamThread         : stream-thread [creator-video-consumer-1709adae-d0be-4366-95c6-ccf23e9d0545-StreamThread-1] Creating consumer client
2023-10-16 10:34:29.360  INFO 21272 --- [main] o.a.k.clients.consumer.ConsumerConfig    : ConsumerConfig values: 
	allow.auto.create.topics = false
	auto.commit.interval.ms = 5000
	auto.offset.reset = earliest
	bootstrap.servers = [localhost:9092]
	check.crcs = true
	client.dns.lookup = use_all_dns_ips
	client.id = creator-video-consumer-1709adae-d0be-4366-95c6-ccf23e9d0545-StreamThread-1-consumer
	client.rack = 
	connections.max.idle.ms = 540000
	default.api.timeout.ms = 60000
	enable.auto.commit = false
	exclude.internal.topics = true
	fetch.max.bytes = 52428800
	fetch.max.wait.ms = 500
	fetch.min.bytes = 1
	group.id = creator-video-consumer
	group.instance.id = null
	heartbeat.interval.ms = 3000
	interceptor.classes = []
	internal.leave.group.on.close = false
	internal.throw.on.fetch.stable.offset.unsupported = false
	isolation.level = read_uncommitted
	key.deserializer = class org.apache.kafka.common.serialization.ByteArrayDeserializer
	max.partition.fetch.bytes = 1048576
	max.poll.interval.ms = 300000
	max.poll.records = 1000
	metadata.max.age.ms = 300000
	metric.reporters = []
	metrics.num.samples = 2
	metrics.recording.level = INFO
	metrics.sample.window.ms = 30000
	partition.assignment.strategy = [org.apache.kafka.streams.processor.internals.StreamsPartitionAssignor]
	receive.buffer.bytes = 65536
	reconnect.backoff.max.ms = 1000
	reconnect.backoff.ms = 50
	request.timeout.ms = 30000
	retry.backoff.ms = 100
	sasl.client.callback.handler.class = null
	sasl.jaas.config = null
	sasl.kerberos.kinit.cmd = /usr/bin/kinit
	sasl.kerberos.min.time.before.relogin = 60000
	sasl.kerberos.service.name = null
	sasl.kerberos.ticket.renew.jitter = 0.05
	sasl.kerberos.ticket.renew.window.factor = 0.8
	sasl.login.callback.handler.class = null
	sasl.login.class = null
	sasl.login.connect.timeout.ms = null
	sasl.login.read.timeout.ms = null
	sasl.login.refresh.buffer.seconds = 300
	sasl.login.refresh.min.period.seconds = 60
	sasl.login.refresh.window.factor = 0.8
	sasl.login.refresh.window.jitter = 0.05
	sasl.login.retry.backoff.max.ms = 10000
	sasl.login.retry.backoff.ms = 100
	sasl.mechanism = GSSAPI
	sasl.oauthbearer.clock.skew.seconds = 30
	sasl.oauthbearer.expected.audience = null
	sasl.oauthbearer.expected.issuer = null
	sasl.oauthbearer.jwks.endpoint.refresh.ms = 3600000
	sasl.oauthbearer.jwks.endpoint.retry.backoff.max.ms = 10000
	sasl.oauthbearer.jwks.endpoint.retry.backoff.ms = 100
	sasl.oauthbearer.jwks.endpoint.url = null
	sasl.oauthbearer.scope.claim.name = scope
	sasl.oauthbearer.sub.claim.name = sub
	sasl.oauthbearer.token.endpoint.url = null
	security.protocol = PLAINTEXT
	security.providers = null
	send.buffer.bytes = 131072
	session.timeout.ms = 10000
	socket.connection.setup.timeout.max.ms = 30000
	socket.connection.setup.timeout.ms = 10000
	ssl.cipher.suites = null
	ssl.enabled.protocols = [TLSv1.2, TLSv1.3]
	ssl.endpoint.identification.algorithm = https
	ssl.engine.factory.class = null
	ssl.key.password = null
	ssl.keymanager.algorithm = SunX509
	ssl.keystore.certificate.chain = null
	ssl.keystore.key = null
	ssl.keystore.location = null
	ssl.keystore.password = null
	ssl.keystore.type = JKS
	ssl.protocol = TLSv1.3
	ssl.provider = null
	ssl.secure.random.implementation = null
	ssl.trustmanager.algorithm = PKIX
	ssl.truststore.certificates = null
	ssl.truststore.location = null
	ssl.truststore.password = null
	ssl.truststore.type = JKS
	value.deserializer = class org.apache.kafka.common.serialization.ByteArrayDeserializer

2023-10-16 10:34:29.361  INFO 21272 --- [kafka-producer-network-thread | creator-video-consumer-1709adae-d0be-4366-95c6-ccf23e9d0545-StreamThread-1-producer] org.apache.kafka.clients.Metadata        : [Producer clientId=creator-video-consumer-1709adae-d0be-4366-95c6-ccf23e9d0545-StreamThread-1-producer] Cluster ID: 6PPc6K4vSlqt2VmmJgoeRQ
2023-10-16 10:34:29.362  INFO 21272 --- [kafka-producer-network-thread | creator-video-consumer-1709adae-d0be-4366-95c6-ccf23e9d0545-StreamThread-1-producer] o.a.k.c.p.internals.TransactionManager   : [Producer clientId=creator-video-consumer-1709adae-d0be-4366-95c6-ccf23e9d0545-StreamThread-1-producer] ProducerId set to 2 with epoch 0
2023-10-16 10:34:29.381  INFO 21272 --- [main] o.a.k.s.p.i.a.AssignorConfiguration      : stream-thread [creator-video-consumer-1709adae-d0be-4366-95c6-ccf23e9d0545-StreamThread-1-consumer] Cooperative rebalancing protocol is enabled now
2023-10-16 10:34:29.416  WARN 21272 --- [main] o.a.k.clients.consumer.ConsumerConfig    : The configuration 'auto.register.schemas' was supplied but isn't a known config.
2023-10-16 10:34:29.417  WARN 21272 --- [main] o.a.k.clients.consumer.ConsumerConfig    : The configuration 'schema.registry.url' was supplied but isn't a known config.
2023-10-16 10:34:29.417  INFO 21272 --- [main] o.a.kafka.common.utils.AppInfoParser     : Kafka version: 3.1.2
2023-10-16 10:34:29.417  INFO 21272 --- [main] o.a.kafka.common.utils.AppInfoParser     : Kafka commitId: f8c67dc3ae0a3265
2023-10-16 10:34:29.417  INFO 21272 --- [main] o.a.kafka.common.utils.AppInfoParser     : Kafka startTimeMs: 1697445269417
2023-10-16 10:34:29.434  INFO 21272 --- [main] org.apache.kafka.streams.KafkaStreams    : stream-client [creator-video-consumer-1709adae-d0be-4366-95c6-ccf23e9d0545] State transition from CREATED to REBALANCING
2023-10-16 10:34:29.436  INFO 21272 --- [creator-video-consumer-1709adae-d0be-4366-95c6-ccf23e9d0545-StreamThread-1] o.a.k.s.p.internals.StreamThread         : stream-thread [creator-video-consumer-1709adae-d0be-4366-95c6-ccf23e9d0545-StreamThread-1] Starting
2023-10-16 10:34:29.436  INFO 21272 --- [creator-video-consumer-1709adae-d0be-4366-95c6-ccf23e9d0545-StreamThread-1] o.a.k.s.p.internals.StreamThread         : stream-thread [creator-video-consumer-1709adae-d0be-4366-95c6-ccf23e9d0545-StreamThread-1] State transition from CREATED to STARTING
2023-10-16 10:34:29.442  INFO 21272 --- [creator-video-consumer-1709adae-d0be-4366-95c6-ccf23e9d0545-StreamThread-1] o.a.k.clients.consumer.KafkaConsumer     : [Consumer clientId=creator-video-consumer-1709adae-d0be-4366-95c6-ccf23e9d0545-StreamThread-1-consumer, groupId=creator-video-consumer] Subscribed to topic(s): creators-videos
2023-10-16 10:34:29.476  INFO 21272 --- [creator-video-consumer-1709adae-d0be-4366-95c6-ccf23e9d0545-StreamThread-1] org.apache.kafka.clients.Metadata        : [Consumer clientId=creator-video-consumer-1709adae-d0be-4366-95c6-ccf23e9d0545-StreamThread-1-consumer, groupId=creator-video-consumer] Cluster ID: 6PPc6K4vSlqt2VmmJgoeRQ
2023-10-16 10:34:29.478  INFO 21272 --- [creator-video-consumer-1709adae-d0be-4366-95c6-ccf23e9d0545-StreamThread-1] o.a.k.c.c.internals.ConsumerCoordinator  : [Consumer clientId=creator-video-consumer-1709adae-d0be-4366-95c6-ccf23e9d0545-StreamThread-1-consumer, groupId=creator-video-consumer] Discovered group coordinator localhost:9092 (id: 2147483646 rack: null)
2023-10-16 10:34:29.484  INFO 21272 --- [creator-video-consumer-1709adae-d0be-4366-95c6-ccf23e9d0545-StreamThread-1] o.a.k.c.c.internals.ConsumerCoordinator  : [Consumer clientId=creator-video-consumer-1709adae-d0be-4366-95c6-ccf23e9d0545-StreamThread-1-consumer, groupId=creator-video-consumer] (Re-)joining group
2023-10-16 10:34:29.537  INFO 21272 --- [main] o.s.b.w.embedded.tomcat.TomcatWebServer  : Tomcat started on port(s): 8087 (http) with context path ''
2023-10-16 10:34:29.548  INFO 21272 --- [creator-video-consumer-1709adae-d0be-4366-95c6-ccf23e9d0545-StreamThread-1] o.a.k.s.p.internals.StreamThread         : stream-thread [creator-video-consumer-1709adae-d0be-4366-95c6-ccf23e9d0545-StreamThread-1] Processed 0 total records, ran 0 punctuators, and committed 0 total tasks since the last update
2023-10-16 10:34:29.555  INFO 21272 --- [creator-video-consumer-1709adae-d0be-4366-95c6-ccf23e9d0545-StreamThread-1] o.a.k.c.c.internals.ConsumerCoordinator  : [Consumer clientId=creator-video-consumer-1709adae-d0be-4366-95c6-ccf23e9d0545-StreamThread-1-consumer, groupId=creator-video-consumer] Request joining group due to: need to re-join with the given member-id
2023-10-16 10:34:29.556  INFO 21272 --- [creator-video-consumer-1709adae-d0be-4366-95c6-ccf23e9d0545-StreamThread-1] o.a.k.c.c.internals.ConsumerCoordinator  : [Consumer clientId=creator-video-consumer-1709adae-d0be-4366-95c6-ccf23e9d0545-StreamThread-1-consumer, groupId=creator-video-consumer] (Re-)joining group
2023-10-16 10:34:29.563  INFO 21272 --- [creator-video-consumer-1709adae-d0be-4366-95c6-ccf23e9d0545-StreamThread-1] o.a.k.c.c.internals.ConsumerCoordinator  : [Consumer clientId=creator-video-consumer-1709adae-d0be-4366-95c6-ccf23e9d0545-StreamThread-1-consumer, groupId=creator-video-consumer] Successfully joined group with generation Generation{generationId=1, memberId='creator-video-consumer-1709adae-d0be-4366-95c6-ccf23e9d0545-StreamThread-1-consumer-342edd3a-57a8-459a-860e-78c938c7b4e1', protocol='stream'}
2023-10-16 10:34:29.589  INFO 21272 --- [creator-video-consumer-1709adae-d0be-4366-95c6-ccf23e9d0545-StreamThread-1] o.a.k.s.p.i.StreamsPartitionAssignor     : stream-thread [creator-video-consumer-1709adae-d0be-4366-95c6-ccf23e9d0545-StreamThread-1-consumer] All members participating in this rebalance: 
1709adae-d0be-4366-95c6-ccf23e9d0545: [creator-video-consumer-1709adae-d0be-4366-95c6-ccf23e9d0545-StreamThread-1-consumer-342edd3a-57a8-459a-860e-78c938c7b4e1].
2023-10-16 10:34:29.592  INFO 21272 --- [main] c.h.CreatorVideoConsumerApplication      : Started CreatorVideoConsumerApplication in 15.677 seconds (JVM running for 16.728)
2023-10-16 10:34:29.614  INFO 21272 --- [creator-video-consumer-1709adae-d0be-4366-95c6-ccf23e9d0545-StreamThread-1] a.k.s.p.i.a.HighAvailabilityTaskAssignor : Decided on assignment: {1709adae-d0be-4366-95c6-ccf23e9d0545=[activeTasks: ([0_0]) standbyTasks: ([]) prevActiveTasks: ([]) prevStandbyTasks: ([]) changelogOffsetTotalsByTask: ([]) taskLagTotals: ([]) capacity: 1 assigned: 1]} with no followup probing rebalance.
2023-10-16 10:34:29.615  INFO 21272 --- [creator-video-consumer-1709adae-d0be-4366-95c6-ccf23e9d0545-StreamThread-1] o.a.k.s.p.i.StreamsPartitionAssignor     : stream-thread [creator-video-consumer-1709adae-d0be-4366-95c6-ccf23e9d0545-StreamThread-1-consumer] Assigned tasks [0_0] including stateful [] to clients as: 
1709adae-d0be-4366-95c6-ccf23e9d0545=[activeTasks: ([0_0]) standbyTasks: ([])].
2023-10-16 10:34:29.625  INFO 21272 --- [creator-video-consumer-1709adae-d0be-4366-95c6-ccf23e9d0545-StreamThread-1] o.a.k.s.p.i.StreamsPartitionAssignor     : stream-thread [creator-video-consumer-1709adae-d0be-4366-95c6-ccf23e9d0545-StreamThread-1-consumer] Client 1709adae-d0be-4366-95c6-ccf23e9d0545 per-consumer assignment:
	prev owned active {}
	prev owned standby {creator-video-consumer-1709adae-d0be-4366-95c6-ccf23e9d0545-StreamThread-1-consumer-342edd3a-57a8-459a-860e-78c938c7b4e1=[]}
	assigned active {creator-video-consumer-1709adae-d0be-4366-95c6-ccf23e9d0545-StreamThread-1-consumer-342edd3a-57a8-459a-860e-78c938c7b4e1=[0_0]}
	revoking active {}
	assigned standby {}

2023-10-16 10:34:29.626  INFO 21272 --- [creator-video-consumer-1709adae-d0be-4366-95c6-ccf23e9d0545-StreamThread-1] o.a.k.s.p.i.StreamsPartitionAssignor     : stream-thread [creator-video-consumer-1709adae-d0be-4366-95c6-ccf23e9d0545-StreamThread-1-consumer] Finished stable assignment of tasks, no followup rebalances required.
2023-10-16 10:34:29.627  INFO 21272 --- [creator-video-consumer-1709adae-d0be-4366-95c6-ccf23e9d0545-StreamThread-1] o.a.k.c.c.internals.ConsumerCoordinator  : [Consumer clientId=creator-video-consumer-1709adae-d0be-4366-95c6-ccf23e9d0545-StreamThread-1-consumer, groupId=creator-video-consumer] Finished assignment for group at generation 1: {creator-video-consumer-1709adae-d0be-4366-95c6-ccf23e9d0545-StreamThread-1-consumer-342edd3a-57a8-459a-860e-78c938c7b4e1=Assignment(partitions=[creators-videos-0], userDataSize=52)}
2023-10-16 10:34:29.640  INFO 21272 --- [creator-video-consumer-1709adae-d0be-4366-95c6-ccf23e9d0545-StreamThread-1] o.a.k.c.c.internals.ConsumerCoordinator  : [Consumer clientId=creator-video-consumer-1709adae-d0be-4366-95c6-ccf23e9d0545-StreamThread-1-consumer, groupId=creator-video-consumer] Successfully synced group in generation Generation{generationId=1, memberId='creator-video-consumer-1709adae-d0be-4366-95c6-ccf23e9d0545-StreamThread-1-consumer-342edd3a-57a8-459a-860e-78c938c7b4e1', protocol='stream'}
2023-10-16 10:34:29.641  INFO 21272 --- [creator-video-consumer-1709adae-d0be-4366-95c6-ccf23e9d0545-StreamThread-1] o.a.k.c.c.internals.ConsumerCoordinator  : [Consumer clientId=creator-video-consumer-1709adae-d0be-4366-95c6-ccf23e9d0545-StreamThread-1-consumer, groupId=creator-video-consumer] Updating assignment with
	Assigned partitions:                       [creators-videos-0]
	Current owned partitions:                  []
	Added partitions (assigned - owned):       [creators-videos-0]
	Revoked partitions (owned - assigned):     []

2023-10-16 10:34:29.642  INFO 21272 --- [creator-video-consumer-1709adae-d0be-4366-95c6-ccf23e9d0545-StreamThread-1] o.a.k.c.c.internals.ConsumerCoordinator  : [Consumer clientId=creator-video-consumer-1709adae-d0be-4366-95c6-ccf23e9d0545-StreamThread-1-consumer, groupId=creator-video-consumer] Notifying assignor about the new Assignment(partitions=[creators-videos-0], userDataSize=52)
2023-10-16 10:34:29.644  INFO 21272 --- [creator-video-consumer-1709adae-d0be-4366-95c6-ccf23e9d0545-StreamThread-1] o.a.k.s.p.i.StreamsPartitionAssignor     : stream-thread [creator-video-consumer-1709adae-d0be-4366-95c6-ccf23e9d0545-StreamThread-1-consumer] No followup rebalance was requested, resetting the rebalance schedule.
2023-10-16 10:34:29.647  INFO 21272 --- [creator-video-consumer-1709adae-d0be-4366-95c6-ccf23e9d0545-StreamThread-1] o.a.k.s.processor.internals.TaskManager  : stream-thread [creator-video-consumer-1709adae-d0be-4366-95c6-ccf23e9d0545-StreamThread-1] Handle new assignment with:
	New active tasks: [0_0]
	New standby tasks: []
	Existing active tasks: []
	Existing standby tasks: []
2023-10-16 10:34:29.708  INFO 21272 --- [creator-video-consumer-1709adae-d0be-4366-95c6-ccf23e9d0545-StreamThread-1] o.a.k.c.c.internals.ConsumerCoordinator  : [Consumer clientId=creator-video-consumer-1709adae-d0be-4366-95c6-ccf23e9d0545-StreamThread-1-consumer, groupId=creator-video-consumer] Adding newly assigned partitions: creators-videos-0
2023-10-16 10:34:29.708  INFO 21272 --- [creator-video-consumer-1709adae-d0be-4366-95c6-ccf23e9d0545-StreamThread-1] o.a.k.s.p.internals.StreamThread         : stream-thread [creator-video-consumer-1709adae-d0be-4366-95c6-ccf23e9d0545-StreamThread-1] State transition from STARTING to PARTITIONS_ASSIGNED
2023-10-16 10:34:29.724  INFO 21272 --- [creator-video-consumer-1709adae-d0be-4366-95c6-ccf23e9d0545-StreamThread-1] o.a.k.s.processor.internals.StreamTask   : stream-thread [creator-video-consumer-1709adae-d0be-4366-95c6-ccf23e9d0545-StreamThread-1] task [0_0] Initialized
2023-10-16 10:34:29.731  INFO 21272 --- [creator-video-consumer-1709adae-d0be-4366-95c6-ccf23e9d0545-StreamThread-1] o.a.k.c.c.internals.ConsumerCoordinator  : [Consumer clientId=creator-video-consumer-1709adae-d0be-4366-95c6-ccf23e9d0545-StreamThread-1-consumer, groupId=creator-video-consumer] Found no committed offset for partition creators-videos-0
2023-10-16 10:34:29.738  INFO 21272 --- [creator-video-consumer-1709adae-d0be-4366-95c6-ccf23e9d0545-StreamThread-1] o.a.k.s.processor.internals.StreamTask   : stream-thread [creator-video-consumer-1709adae-d0be-4366-95c6-ccf23e9d0545-StreamThread-1] task [0_0] Restored and ready to run
2023-10-16 10:34:29.741  INFO 21272 --- [creator-video-consumer-1709adae-d0be-4366-95c6-ccf23e9d0545-StreamThread-1] o.a.k.s.p.internals.StreamThread         : stream-thread [creator-video-consumer-1709adae-d0be-4366-95c6-ccf23e9d0545-StreamThread-1] Restoration took 32 ms for all tasks [0_0]
2023-10-16 10:34:29.742  INFO 21272 --- [creator-video-consumer-1709adae-d0be-4366-95c6-ccf23e9d0545-StreamThread-1] o.a.k.s.p.internals.StreamThread         : stream-thread [creator-video-consumer-1709adae-d0be-4366-95c6-ccf23e9d0545-StreamThread-1] State transition from PARTITIONS_ASSIGNED to RUNNING
2023-10-16 10:34:29.746  INFO 21272 --- [creator-video-consumer-1709adae-d0be-4366-95c6-ccf23e9d0545-StreamThread-1] org.apache.kafka.streams.KafkaStreams    : stream-client [creator-video-consumer-1709adae-d0be-4366-95c6-ccf23e9d0545] State transition from REBALANCING to RUNNING
2023-10-16 10:34:29.746  INFO 21272 --- [creator-video-consumer-1709adae-d0be-4366-95c6-ccf23e9d0545-StreamThread-1] o.a.k.clients.consumer.KafkaConsumer     : [Consumer clientId=creator-video-consumer-1709adae-d0be-4366-95c6-ccf23e9d0545-StreamThread-1-consumer, groupId=creator-video-consumer] Requesting the log end offset for creators-videos-0 in order to compute lag
2023-10-16 10:34:29.769  INFO 21272 --- [creator-video-consumer-1709adae-d0be-4366-95c6-ccf23e9d0545-StreamThread-1] o.a.k.c.c.internals.ConsumerCoordinator  : [Consumer clientId=creator-video-consumer-1709adae-d0be-4366-95c6-ccf23e9d0545-StreamThread-1-consumer, groupId=creator-video-consumer] Found no committed offset for partition creators-videos-0
2023-10-16 10:34:29.783  INFO 21272 --- [creator-video-consumer-1709adae-d0be-4366-95c6-ccf23e9d0545-StreamThread-1] o.a.k.c.c.internals.SubscriptionState    : [Consumer clientId=creator-video-consumer-1709adae-d0be-4366-95c6-ccf23e9d0545-StreamThread-1-consumer, groupId=creator-video-consumer] Resetting offset for partition creators-videos-0 to position FetchPosition{offset=0, offsetEpoch=Optional.empty, currentLeader=LeaderAndEpoch{leader=Optional[localhost:9092 (id: 1 rack: null)], epoch=0}}.
2023-10-16 10:34:30.286  INFO 21272 --- [http-nio-8087-exec-1] o.a.c.c.C.[Tomcat].[localhost].[/]       : Initializing Spring DispatcherServlet 'dispatcherServlet'
2023-10-16 10:34:30.286  INFO 21272 --- [http-nio-8087-exec-1] o.s.web.servlet.DispatcherServlet        : Initializing Servlet 'dispatcherServlet'
2023-10-16 10:34:30.291  INFO 21272 --- [http-nio-8087-exec-1] o.s.web.servlet.DispatcherServlet        : Completed initialization in 2 ms
2023-10-16 10:36:29.574  INFO 21272 --- [creator-video-consumer-1709adae-d0be-4366-95c6-ccf23e9d0545-StreamThread-1] o.a.k.s.p.internals.StreamThread         : stream-thread [creator-video-consumer-1709adae-d0be-4366-95c6-ccf23e9d0545-StreamThread-1] Processed 0 total records, ran 0 punctuators, and committed 0 total tasks since the last update
2023-10-16 10:38:29.643  INFO 21272 --- [creator-video-consumer-1709adae-d0be-4366-95c6-ccf23e9d0545-StreamThread-1] o.a.k.s.p.internals.StreamThread         : stream-thread [creator-video-consumer-1709adae-d0be-4366-95c6-ccf23e9d0545-StreamThread-1] Processed 0 total records, ran 0 punctuators, and committed 0 total tasks since the last update
2023-10-16 10:39:29.150  INFO 21272 --- [kafka-admin-client-thread | creator-video-consumer-1709adae-d0be-4366-95c6-ccf23e9d0545-admin] org.apache.kafka.clients.NetworkClient   : [AdminClient clientId=creator-video-consumer-1709adae-d0be-4366-95c6-ccf23e9d0545-admin] Node -1 disconnected.
2023-10-16 10:40:29.710  INFO 21272 --- [creator-video-consumer-1709adae-d0be-4366-95c6-ccf23e9d0545-StreamThread-1] o.a.k.s.p.internals.StreamThread         : stream-thread [creator-video-consumer-1709adae-d0be-4366-95c6-ccf23e9d0545-StreamThread-1] Processed 0 total records, ran 0 punctuators, and committed 0 total tasks since the last update
2023-10-16 10:42:29.781  INFO 21272 --- [creator-video-consumer-1709adae-d0be-4366-95c6-ccf23e9d0545-StreamThread-1] o.a.k.s.p.internals.StreamThread         : stream-thread [creator-video-consumer-1709adae-d0be-4366-95c6-ccf23e9d0545-StreamThread-1] Processed 0 total records, ran 0 punctuators, and committed 0 total tasks since the last update
2023-10-16 10:43:29.530  INFO 21272 --- [creator-video-consumer-1709adae-d0be-4366-95c6-ccf23e9d0545-StreamThread-1] org.apache.kafka.clients.NetworkClient   : [Consumer clientId=creator-video-consumer-1709adae-d0be-4366-95c6-ccf23e9d0545-StreamThread-1-consumer, groupId=creator-video-consumer] Node -1 disconnected.
2023-10-16 10:43:29.560  INFO 21272 --- [kafka-producer-network-thread | creator-video-consumer-1709adae-d0be-4366-95c6-ccf23e9d0545-StreamThread-1-producer] org.apache.kafka.clients.NetworkClient   : [Producer clientId=creator-video-consumer-1709adae-d0be-4366-95c6-ccf23e9d0545-StreamThread-1-producer] Node -1 disconnected.
2023-10-16 10:44:29.172  INFO 21272 --- [kafka-admin-client-thread | creator-video-consumer-1709adae-d0be-4366-95c6-ccf23e9d0545-admin] org.apache.kafka.clients.NetworkClient   : [AdminClient clientId=creator-video-consumer-1709adae-d0be-4366-95c6-ccf23e9d0545-admin] Node 1 disconnected.
2023-10-16 10:44:29.873  INFO 21272 --- [creator-video-consumer-1709adae-d0be-4366-95c6-ccf23e9d0545-StreamThread-1] o.a.k.s.p.internals.StreamThread         : stream-thread [creator-video-consumer-1709adae-d0be-4366-95c6-ccf23e9d0545-StreamThread-1] Processed 0 total records, ran 0 punctuators, and committed 0 total tasks since the last update
2023-10-16 10:46:29.945  INFO 21272 --- [creator-video-consumer-1709adae-d0be-4366-95c6-ccf23e9d0545-StreamThread-1] o.a.k.s.p.internals.StreamThread         : stream-thread [creator-video-consumer-1709adae-d0be-4366-95c6-ccf23e9d0545-StreamThread-1] Processed 0 total records, ran 0 punctuators, and committed 0 total tasks since the last update
2023-10-16 10:48:30.024  INFO 21272 --- [creator-video-consumer-1709adae-d0be-4366-95c6-ccf23e9d0545-StreamThread-1] o.a.k.s.p.internals.StreamThread         : stream-thread [creator-video-consumer-1709adae-d0be-4366-95c6-ccf23e9d0545-StreamThread-1] Processed 0 total records, ran 0 punctuators, and committed 0 total tasks since the last update
2023-10-16 10:49:29.372  INFO 21272 --- [kafka-admin-client-thread | creator-video-consumer-1709adae-d0be-4366-95c6-ccf23e9d0545-admin] org.apache.kafka.clients.NetworkClient   : [AdminClient clientId=creator-video-consumer-1709adae-d0be-4366-95c6-ccf23e9d0545-admin] Node 1 disconnected.
2023-10-16 10:50:30.042  INFO 21272 --- [creator-video-consumer-1709adae-d0be-4366-95c6-ccf23e9d0545-StreamThread-1] o.a.k.s.p.internals.StreamThread         : stream-thread [creator-video-consumer-1709adae-d0be-4366-95c6-ccf23e9d0545-StreamThread-1] Processed 0 total records, ran 0 punctuators, and committed 0 total tasks since the last update
2023-10-16 10:50:41.236  INFO 21272 --- [SpringApplicationShutdownHook] org.apache.kafka.streams.KafkaStreams    : stream-client [creator-video-consumer-1709adae-d0be-4366-95c6-ccf23e9d0545] State transition from RUNNING to PENDING_SHUTDOWN
2023-10-16 10:50:41.632  INFO 21272 --- [kafka-streams-close-thread] o.a.k.s.p.internals.StreamThread         : stream-thread [creator-video-consumer-1709adae-d0be-4366-95c6-ccf23e9d0545-StreamThread-1] Informed to shut down
2023-10-16 10:50:41.632  INFO 21272 --- [kafka-streams-close-thread] o.a.k.s.p.internals.StreamThread         : stream-thread [creator-video-consumer-1709adae-d0be-4366-95c6-ccf23e9d0545-StreamThread-1] State transition from RUNNING to PENDING_SHUTDOWN
2023-10-16 10:50:41.646  INFO 21272 --- [creator-video-consumer-1709adae-d0be-4366-95c6-ccf23e9d0545-StreamThread-1] o.a.k.s.p.internals.StreamThread         : stream-thread [creator-video-consumer-1709adae-d0be-4366-95c6-ccf23e9d0545-StreamThread-1] Shutting down
2023-10-16 10:50:41.756  INFO 21272 --- [creator-video-consumer-1709adae-d0be-4366-95c6-ccf23e9d0545-StreamThread-1] o.a.k.s.processor.internals.StreamTask   : stream-thread [creator-video-consumer-1709adae-d0be-4366-95c6-ccf23e9d0545-StreamThread-1] task [0_0] Suspended RUNNING
2023-10-16 10:50:41.761  INFO 21272 --- [creator-video-consumer-1709adae-d0be-4366-95c6-ccf23e9d0545-StreamThread-1] o.a.k.s.processor.internals.StreamTask   : stream-thread [creator-video-consumer-1709adae-d0be-4366-95c6-ccf23e9d0545-StreamThread-1] task [0_0] Suspended running
2023-10-16 10:50:41.763  INFO 21272 --- [creator-video-consumer-1709adae-d0be-4366-95c6-ccf23e9d0545-StreamThread-1] o.a.k.clients.consumer.KafkaConsumer     : [Consumer clientId=creator-video-consumer-1709adae-d0be-4366-95c6-ccf23e9d0545-StreamThread-1-restore-consumer, groupId=null] Unsubscribed all topics or patterns and assigned partitions
2023-10-16 10:50:41.763  INFO 21272 --- [creator-video-consumer-1709adae-d0be-4366-95c6-ccf23e9d0545-StreamThread-1] o.a.k.s.p.internals.RecordCollectorImpl  : stream-thread [creator-video-consumer-1709adae-d0be-4366-95c6-ccf23e9d0545-StreamThread-1] task [0_0] Closing record collector clean
2023-10-16 10:50:41.763  INFO 21272 --- [creator-video-consumer-1709adae-d0be-4366-95c6-ccf23e9d0545-StreamThread-1] o.a.k.s.processor.internals.StreamTask   : stream-thread [creator-video-consumer-1709adae-d0be-4366-95c6-ccf23e9d0545-StreamThread-1] task [0_0] Closed clean
2023-10-16 10:50:41.774  INFO 21272 --- [creator-video-consumer-1709adae-d0be-4366-95c6-ccf23e9d0545-StreamThread-1] o.a.k.clients.producer.KafkaProducer     : [Producer clientId=creator-video-consumer-1709adae-d0be-4366-95c6-ccf23e9d0545-StreamThread-1-producer] Closing the Kafka producer with timeoutMillis = 9223372036854775807 ms.
2023-10-16 10:50:41.789  INFO 21272 --- [creator-video-consumer-1709adae-d0be-4366-95c6-ccf23e9d0545-StreamThread-1] org.apache.kafka.common.metrics.Metrics  : Metrics scheduler closed
2023-10-16 10:50:41.789  INFO 21272 --- [creator-video-consumer-1709adae-d0be-4366-95c6-ccf23e9d0545-StreamThread-1] org.apache.kafka.common.metrics.Metrics  : Closing reporter org.apache.kafka.common.metrics.JmxReporter
2023-10-16 10:50:41.798  INFO 21272 --- [creator-video-consumer-1709adae-d0be-4366-95c6-ccf23e9d0545-StreamThread-1] org.apache.kafka.common.metrics.Metrics  : Metrics reporters closed
2023-10-16 10:50:41.798  INFO 21272 --- [creator-video-consumer-1709adae-d0be-4366-95c6-ccf23e9d0545-StreamThread-1] o.a.kafka.common.utils.AppInfoParser     : App info kafka.producer for creator-video-consumer-1709adae-d0be-4366-95c6-ccf23e9d0545-StreamThread-1-producer unregistered
2023-10-16 10:50:42.057  INFO 21272 --- [creator-video-consumer-1709adae-d0be-4366-95c6-ccf23e9d0545-StreamThread-1] o.a.k.clients.consumer.KafkaConsumer     : [Consumer clientId=creator-video-consumer-1709adae-d0be-4366-95c6-ccf23e9d0545-StreamThread-1-restore-consumer, groupId=null] Unsubscribed all topics or patterns and assigned partitions
2023-10-16 10:50:42.059  INFO 21272 --- [creator-video-consumer-1709adae-d0be-4366-95c6-ccf23e9d0545-StreamThread-1] org.apache.kafka.common.metrics.Metrics  : Metrics scheduler closed
2023-10-16 10:50:42.059  INFO 21272 --- [creator-video-consumer-1709adae-d0be-4366-95c6-ccf23e9d0545-StreamThread-1] org.apache.kafka.common.metrics.Metrics  : Closing reporter org.apache.kafka.common.metrics.JmxReporter
2023-10-16 10:50:42.059  INFO 21272 --- [creator-video-consumer-1709adae-d0be-4366-95c6-ccf23e9d0545-StreamThread-1] org.apache.kafka.common.metrics.Metrics  : Metrics reporters closed
2023-10-16 10:50:42.265  INFO 21272 --- [creator-video-consumer-1709adae-d0be-4366-95c6-ccf23e9d0545-StreamThread-1] o.a.kafka.common.utils.AppInfoParser     : App info kafka.consumer for creator-video-consumer-1709adae-d0be-4366-95c6-ccf23e9d0545-StreamThread-1-consumer unregistered
2023-10-16 10:50:42.265  INFO 21272 --- [creator-video-consumer-1709adae-d0be-4366-95c6-ccf23e9d0545-StreamThread-1] org.apache.kafka.common.metrics.Metrics  : Metrics scheduler closed
2023-10-16 10:50:42.265  INFO 21272 --- [creator-video-consumer-1709adae-d0be-4366-95c6-ccf23e9d0545-StreamThread-1] org.apache.kafka.common.metrics.Metrics  : Closing reporter org.apache.kafka.common.metrics.JmxReporter
2023-10-16 10:50:42.265  INFO 21272 --- [creator-video-consumer-1709adae-d0be-4366-95c6-ccf23e9d0545-StreamThread-1] org.apache.kafka.common.metrics.Metrics  : Metrics reporters closed
2023-10-16 10:50:42.422  INFO 21272 --- [creator-video-consumer-1709adae-d0be-4366-95c6-ccf23e9d0545-StreamThread-1] o.a.kafka.common.utils.AppInfoParser     : App info kafka.consumer for creator-video-consumer-1709adae-d0be-4366-95c6-ccf23e9d0545-StreamThread-1-restore-consumer unregistered
2023-10-16 10:50:42.549  INFO 21272 --- [creator-video-consumer-1709adae-d0be-4366-95c6-ccf23e9d0545-StreamThread-1] o.a.k.s.p.internals.StreamThread         : stream-thread [creator-video-consumer-1709adae-d0be-4366-95c6-ccf23e9d0545-StreamThread-1] State transition from PENDING_SHUTDOWN to DEAD
2023-10-16 10:50:42.549  INFO 21272 --- [creator-video-consumer-1709adae-d0be-4366-95c6-ccf23e9d0545-StreamThread-1] o.a.k.s.p.internals.StreamThread         : stream-thread [creator-video-consumer-1709adae-d0be-4366-95c6-ccf23e9d0545-StreamThread-1] Shutdown complete
2023-10-16 10:50:42.549  INFO 21272 --- [kafka-admin-client-thread | creator-video-consumer-1709adae-d0be-4366-95c6-ccf23e9d0545-admin] o.a.kafka.common.utils.AppInfoParser     : App info kafka.admin.client for creator-video-consumer-1709adae-d0be-4366-95c6-ccf23e9d0545-admin unregistered
2023-10-16 10:50:42.563  INFO 21272 --- [kafka-admin-client-thread | creator-video-consumer-1709adae-d0be-4366-95c6-ccf23e9d0545-admin] org.apache.kafka.common.metrics.Metrics  : Metrics scheduler closed
2023-10-16 10:50:42.563  INFO 21272 --- [kafka-admin-client-thread | creator-video-consumer-1709adae-d0be-4366-95c6-ccf23e9d0545-admin] org.apache.kafka.common.metrics.Metrics  : Closing reporter org.apache.kafka.common.metrics.JmxReporter
2023-10-16 10:50:42.563  INFO 21272 --- [kafka-admin-client-thread | creator-video-consumer-1709adae-d0be-4366-95c6-ccf23e9d0545-admin] org.apache.kafka.common.metrics.Metrics  : Metrics reporters closed
2023-10-16 10:50:42.563  INFO 21272 --- [kafka-streams-close-thread] org.apache.kafka.common.metrics.Metrics  : Metrics scheduler closed
2023-10-16 10:50:42.563  INFO 21272 --- [kafka-streams-close-thread] org.apache.kafka.common.metrics.Metrics  : Closing reporter org.apache.kafka.common.metrics.JmxReporter
2023-10-16 10:50:42.563  INFO 21272 --- [kafka-streams-close-thread] org.apache.kafka.common.metrics.Metrics  : Metrics reporters closed
2023-10-16 10:50:42.563  INFO 21272 --- [kafka-streams-close-thread] org.apache.kafka.streams.KafkaStreams    : stream-client [creator-video-consumer-1709adae-d0be-4366-95c6-ccf23e9d0545] State transition from PENDING_SHUTDOWN to NOT_RUNNING
2023-10-16 10:50:42.568  INFO 21272 --- [SpringApplicationShutdownHook] org.apache.kafka.streams.KafkaStreams    : stream-client [creator-video-consumer-1709adae-d0be-4366-95c6-ccf23e9d0545] Streams client stopped completely
2023-10-16 10:50:42.568  INFO 21272 --- [SpringApplicationShutdownHook] o.s.i.endpoint.EventDrivenConsumer       : Removing {logging-channel-adapter:_org.springframework.integration.errorLogger} as a subscriber to the 'errorChannel' channel
2023-10-16 10:50:42.599  INFO 21272 --- [SpringApplicationShutdownHook] o.s.i.channel.PublishSubscribeChannel    : Channel 'creator-video-consumer.errorChannel' has 0 subscriber(s).
2023-10-16 10:50:42.599  INFO 21272 --- [SpringApplicationShutdownHook] o.s.i.endpoint.EventDrivenConsumer       : stopped bean '_org.springframework.integration.errorLogger'
2023-10-16 10:50:43.120  INFO 21272 --- [SpringApplicationShutdownHook] j.LocalContainerEntityManagerFactoryBean : Closing JPA EntityManagerFactory for persistence unit 'default'
2023-10-16 10:50:43.133  INFO 21272 --- [SpringApplicationShutdownHook] com.zaxxer.hikari.HikariDataSource       : HikariPool-1 - Shutdown initiated...
2023-10-16 10:50:43.153  INFO 21272 --- [SpringApplicationShutdownHook] com.zaxxer.hikari.HikariDataSource       : HikariPool-1 - Shutdown completed.
